make[1]: Entering directory `/home/tim/gitsrc/irsim-9.7'
--- making modules
for dir in base analyzer faultsim usersubckt tcltk; do \
	(cd $dir && make module); done
make[2]: Entering directory `/home/tim/gitsrc/irsim-9.7/base'
--- compiling base/access.o
rm -f access.o
gcc -g -m64 -fPIC -fPIC  -I. -I..  -DCAD_DIR=\"/usr/local/lib\" -DBIN_DIR=\"/usr/local/bin\" -DTCL_DIR=\"/usr/local/lib/irsim/tcl\" -DPACKAGE_NAME=\"irsim\" -DPACKAGE_TARNAME=\"irsim\" -DPACKAGE_VERSION=\"9.7\" -DPACKAGE_STRING=\"irsim\ 9.7\" -DPACKAGE_BUGREPORT=\"magic-hackers@csl.cornell.edu\" -DPACKAGE_URL=\"\" -DIRSIM_VERSION=\"9.7\" -DIRSIM_REVISION=\"74\" -DSTDC_HEADERS=1 -DHAVE_SYS_TYPES_H=1 -DHAVE_SYS_STAT_H=1 -DHAVE_STDLIB_H=1 -DHAVE_STRING_H=1 -DHAVE_MEMORY_H=1 -DHAVE_STRINGS_H=1 -DHAVE_INTTYPES_H=1 -DHAVE_STDINT_H=1 -DHAVE_UNISTD_H=1 -DSIZEOF_VOID_P=8 -DSIZEOF_UNSIGNED_INT=4 -DSIZEOF_UNSIGNED_LONG=8 -DSIZEOF_UNSIGNED_LONG_LONG=8 -DSIZEOF_VOID_P=8 -DSIZEOF_UNSIGNED_INT=4 -DSIZEOF_UNSIGNED_LONG=8 -DSIZEOF_UNSIGNED_LONG_LONG=8 -DSTDC_HEADERS=1 -DHAVE_SETENV=1 -DHAVE_PUTENV=1 -DHAVE_DIRENT_H=1 -DHAVE_LIMITS_H=1 -DHAVE_VA_COPY=1 -DHAVE___VA_COPY=1 -DFAULT_SIM=1 -DPOWER_EST=1 -DUSER_SUBCKT=1 -DSTATS=1 -DCL_STATS=1 -DRANDOM=1 -DTCLSUBCKT=1 -DTCL_IRSIM=1 -DLINUX=1 -DSYSV=1 -DISC=1 -DSHDLIB_EXT=\".so\" -DNDEBUG  -c access.c
--- compiling base/binsim.o
rm -f binsim.o
gcc -g -m64 -fPIC -fPIC  -I. -I..  -DCAD_DIR=\"/usr/local/lib\" -DBIN_DIR=\"/usr/local/bin\" -DTCL_DIR=\"/usr/local/lib/irsim/tcl\" -DPACKAGE_NAME=\"irsim\" -DPACKAGE_TARNAME=\"irsim\" -DPACKAGE_VERSION=\"9.7\" -DPACKAGE_STRING=\"irsim\ 9.7\" -DPACKAGE_BUGREPORT=\"magic-hackers@csl.cornell.edu\" -DPACKAGE_URL=\"\" -DIRSIM_VERSION=\"9.7\" -DIRSIM_REVISION=\"74\" -DSTDC_HEADERS=1 -DHAVE_SYS_TYPES_H=1 -DHAVE_SYS_STAT_H=1 -DHAVE_STDLIB_H=1 -DHAVE_STRING_H=1 -DHAVE_MEMORY_H=1 -DHAVE_STRINGS_H=1 -DHAVE_INTTYPES_H=1 -DHAVE_STDINT_H=1 -DHAVE_UNISTD_H=1 -DSIZEOF_VOID_P=8 -DSIZEOF_UNSIGNED_INT=4 -DSIZEOF_UNSIGNED_LONG=8 -DSIZEOF_UNSIGNED_LONG_LONG=8 -DSIZEOF_VOID_P=8 -DSIZEOF_UNSIGNED_INT=4 -DSIZEOF_UNSIGNED_LONG=8 -DSIZEOF_UNSIGNED_LONG_LONG=8 -DSTDC_HEADERS=1 -DHAVE_SETENV=1 -DHAVE_PUTENV=1 -DHAVE_DIRENT_H=1 -DHAVE_LIMITS_H=1 -DHAVE_VA_COPY=1 -DHAVE___VA_COPY=1 -DFAULT_SIM=1 -DPOWER_EST=1 -DUSER_SUBCKT=1 -DSTATS=1 -DCL_STATS=1 -DRANDOM=1 -DTCLSUBCKT=1 -DTCL_IRSIM=1 -DLINUX=1 -DSYSV=1 -DISC=1 -DSHDLIB_EXT=\".so\" -DNDEBUG  -c binsim.c
--- compiling base/cad_dir.o
rm -f cad_dir.o
gcc -g -m64 -fPIC -fPIC  -I. -I..  -DCAD_DIR=\"/usr/local/lib\" -DBIN_DIR=\"/usr/local/bin\" -DTCL_DIR=\"/usr/local/lib/irsim/tcl\" -DPACKAGE_NAME=\"irsim\" -DPACKAGE_TARNAME=\"irsim\" -DPACKAGE_VERSION=\"9.7\" -DPACKAGE_STRING=\"irsim\ 9.7\" -DPACKAGE_BUGREPORT=\"magic-hackers@csl.cornell.edu\" -DPACKAGE_URL=\"\" -DIRSIM_VERSION=\"9.7\" -DIRSIM_REVISION=\"74\" -DSTDC_HEADERS=1 -DHAVE_SYS_TYPES_H=1 -DHAVE_SYS_STAT_H=1 -DHAVE_STDLIB_H=1 -DHAVE_STRING_H=1 -DHAVE_MEMORY_H=1 -DHAVE_STRINGS_H=1 -DHAVE_INTTYPES_H=1 -DHAVE_STDINT_H=1 -DHAVE_UNISTD_H=1 -DSIZEOF_VOID_P=8 -DSIZEOF_UNSIGNED_INT=4 -DSIZEOF_UNSIGNED_LONG=8 -DSIZEOF_UNSIGNED_LONG_LONG=8 -DSIZEOF_VOID_P=8 -DSIZEOF_UNSIGNED_INT=4 -DSIZEOF_UNSIGNED_LONG=8 -DSIZEOF_UNSIGNED_LONG_LONG=8 -DSTDC_HEADERS=1 -DHAVE_SETENV=1 -DHAVE_PUTENV=1 -DHAVE_DIRENT_H=1 -DHAVE_LIMITS_H=1 -DHAVE_VA_COPY=1 -DHAVE___VA_COPY=1 -DFAULT_SIM=1 -DPOWER_EST=1 -DUSER_SUBCKT=1 -DSTATS=1 -DCL_STATS=1 -DRANDOM=1 -DTCLSUBCKT=1 -DTCL_IRSIM=1 -DLINUX=1 -DSYSV=1 -DISC=1 -DSHDLIB_EXT=\".so\" -DNDEBUG  -c cad_dir.c
--- compiling base/config.o
rm -f config.o
gcc -g -m64 -fPIC -fPIC  -I. -I..  -DCAD_DIR=\"/usr/local/lib\" -DBIN_DIR=\"/usr/local/bin\" -DTCL_DIR=\"/usr/local/lib/irsim/tcl\" -DPACKAGE_NAME=\"irsim\" -DPACKAGE_TARNAME=\"irsim\" -DPACKAGE_VERSION=\"9.7\" -DPACKAGE_STRING=\"irsim\ 9.7\" -DPACKAGE_BUGREPORT=\"magic-hackers@csl.cornell.edu\" -DPACKAGE_URL=\"\" -DIRSIM_VERSION=\"9.7\" -DIRSIM_REVISION=\"74\" -DSTDC_HEADERS=1 -DHAVE_SYS_TYPES_H=1 -DHAVE_SYS_STAT_H=1 -DHAVE_STDLIB_H=1 -DHAVE_STRING_H=1 -DHAVE_MEMORY_H=1 -DHAVE_STRINGS_H=1 -DHAVE_INTTYPES_H=1 -DHAVE_STDINT_H=1 -DHAVE_UNISTD_H=1 -DSIZEOF_VOID_P=8 -DSIZEOF_UNSIGNED_INT=4 -DSIZEOF_UNSIGNED_LONG=8 -DSIZEOF_UNSIGNED_LONG_LONG=8 -DSIZEOF_VOID_P=8 -DSIZEOF_UNSIGNED_INT=4 -DSIZEOF_UNSIGNED_LONG=8 -DSIZEOF_UNSIGNED_LONG_LONG=8 -DSTDC_HEADERS=1 -DHAVE_SETENV=1 -DHAVE_PUTENV=1 -DHAVE_DIRENT_H=1 -DHAVE_LIMITS_H=1 -DHAVE_VA_COPY=1 -DHAVE___VA_COPY=1 -DFAULT_SIM=1 -DPOWER_EST=1 -DUSER_SUBCKT=1 -DSTATS=1 -DCL_STATS=1 -DRANDOM=1 -DTCLSUBCKT=1 -DTCL_IRSIM=1 -DLINUX=1 -DSYSV=1 -DISC=1 -DSHDLIB_EXT=\".so\" -DNDEBUG  -c config.c
--- compiling base/conn_list.o
rm -f conn_list.o
gcc -g -m64 -fPIC -fPIC  -I. -I..  -DCAD_DIR=\"/usr/local/lib\" -DBIN_DIR=\"/usr/local/bin\" -DTCL_DIR=\"/usr/local/lib/irsim/tcl\" -DPACKAGE_NAME=\"irsim\" -DPACKAGE_TARNAME=\"irsim\" -DPACKAGE_VERSION=\"9.7\" -DPACKAGE_STRING=\"irsim\ 9.7\" -DPACKAGE_BUGREPORT=\"magic-hackers@csl.cornell.edu\" -DPACKAGE_URL=\"\" -DIRSIM_VERSION=\"9.7\" -DIRSIM_REVISION=\"74\" -DSTDC_HEADERS=1 -DHAVE_SYS_TYPES_H=1 -DHAVE_SYS_STAT_H=1 -DHAVE_STDLIB_H=1 -DHAVE_STRING_H=1 -DHAVE_MEMORY_H=1 -DHAVE_STRINGS_H=1 -DHAVE_INTTYPES_H=1 -DHAVE_STDINT_H=1 -DHAVE_UNISTD_H=1 -DSIZEOF_VOID_P=8 -DSIZEOF_UNSIGNED_INT=4 -DSIZEOF_UNSIGNED_LONG=8 -DSIZEOF_UNSIGNED_LONG_LONG=8 -DSIZEOF_VOID_P=8 -DSIZEOF_UNSIGNED_INT=4 -DSIZEOF_UNSIGNED_LONG=8 -DSIZEOF_UNSIGNED_LONG_LONG=8 -DSTDC_HEADERS=1 -DHAVE_SETENV=1 -DHAVE_PUTENV=1 -DHAVE_DIRENT_H=1 -DHAVE_LIMITS_H=1 -DHAVE_VA_COPY=1 -DHAVE___VA_COPY=1 -DFAULT_SIM=1 -DPOWER_EST=1 -DUSER_SUBCKT=1 -DSTATS=1 -DCL_STATS=1 -DRANDOM=1 -DTCLSUBCKT=1 -DTCL_IRSIM=1 -DLINUX=1 -DSYSV=1 -DISC=1 -DSHDLIB_EXT=\".so\" -DNDEBUG  -c conn_list.c
--- compiling base/eval.o
rm -f eval.o
gcc -g -m64 -fPIC -fPIC  -I. -I..  -DCAD_DIR=\"/usr/local/lib\" -DBIN_DIR=\"/usr/local/bin\" -DTCL_DIR=\"/usr/local/lib/irsim/tcl\" -DPACKAGE_NAME=\"irsim\" -DPACKAGE_TARNAME=\"irsim\" -DPACKAGE_VERSION=\"9.7\" -DPACKAGE_STRING=\"irsim\ 9.7\" -DPACKAGE_BUGREPORT=\"magic-hackers@csl.cornell.edu\" -DPACKAGE_URL=\"\" -DIRSIM_VERSION=\"9.7\" -DIRSIM_REVISION=\"74\" -DSTDC_HEADERS=1 -DHAVE_SYS_TYPES_H=1 -DHAVE_SYS_STAT_H=1 -DHAVE_STDLIB_H=1 -DHAVE_STRING_H=1 -DHAVE_MEMORY_H=1 -DHAVE_STRINGS_H=1 -DHAVE_INTTYPES_H=1 -DHAVE_STDINT_H=1 -DHAVE_UNISTD_H=1 -DSIZEOF_VOID_P=8 -DSIZEOF_UNSIGNED_INT=4 -DSIZEOF_UNSIGNED_LONG=8 -DSIZEOF_UNSIGNED_LONG_LONG=8 -DSIZEOF_VOID_P=8 -DSIZEOF_UNSIGNED_INT=4 -DSIZEOF_UNSIGNED_LONG=8 -DSIZEOF_UNSIGNED_LONG_LONG=8 -DSTDC_HEADERS=1 -DHAVE_SETENV=1 -DHAVE_PUTENV=1 -DHAVE_DIRENT_H=1 -DHAVE_LIMITS_H=1 -DHAVE_VA_COPY=1 -DHAVE___VA_COPY=1 -DFAULT_SIM=1 -DPOWER_EST=1 -DUSER_SUBCKT=1 -DSTATS=1 -DCL_STATS=1 -DRANDOM=1 -DTCLSUBCKT=1 -DTCL_IRSIM=1 -DLINUX=1 -DSYSV=1 -DISC=1 -DSHDLIB_EXT=\".so\" -DNDEBUG  -c eval.c
eval.c: In function 'MarkNodes':
eval.c:217:3: warning: incompatible implicit declaration of built-in function 'free' [enabled by default]
--- compiling base/fio.o
rm -f fio.o
gcc -g -m64 -fPIC -fPIC  -I. -I..  -DCAD_DIR=\"/usr/local/lib\" -DBIN_DIR=\"/usr/local/bin\" -DTCL_DIR=\"/usr/local/lib/irsim/tcl\" -DPACKAGE_NAME=\"irsim\" -DPACKAGE_TARNAME=\"irsim\" -DPACKAGE_VERSION=\"9.7\" -DPACKAGE_STRING=\"irsim\ 9.7\" -DPACKAGE_BUGREPORT=\"magic-hackers@csl.cornell.edu\" -DPACKAGE_URL=\"\" -DIRSIM_VERSION=\"9.7\" -DIRSIM_REVISION=\"74\" -DSTDC_HEADERS=1 -DHAVE_SYS_TYPES_H=1 -DHAVE_SYS_STAT_H=1 -DHAVE_STDLIB_H=1 -DHAVE_STRING_H=1 -DHAVE_MEMORY_H=1 -DHAVE_STRINGS_H=1 -DHAVE_INTTYPES_H=1 -DHAVE_STDINT_H=1 -DHAVE_UNISTD_H=1 -DSIZEOF_VOID_P=8 -DSIZEOF_UNSIGNED_INT=4 -DSIZEOF_UNSIGNED_LONG=8 -DSIZEOF_UNSIGNED_LONG_LONG=8 -DSIZEOF_VOID_P=8 -DSIZEOF_UNSIGNED_INT=4 -DSIZEOF_UNSIGNED_LONG=8 -DSIZEOF_UNSIGNED_LONG_LONG=8 -DSTDC_HEADERS=1 -DHAVE_SETENV=1 -DHAVE_PUTENV=1 -DHAVE_DIRENT_H=1 -DHAVE_LIMITS_H=1 -DHAVE_VA_COPY=1 -DHAVE___VA_COPY=1 -DFAULT_SIM=1 -DPOWER_EST=1 -DUSER_SUBCKT=1 -DSTATS=1 -DCL_STATS=1 -DRANDOM=1 -DTCLSUBCKT=1 -DTCL_IRSIM=1 -DLINUX=1 -DSYSV=1 -DISC=1 -DSHDLIB_EXT=\".so\" -DNDEBUG  -c fio.c
--- compiling base/hist.o
rm -f hist.o
gcc -g -m64 -fPIC -fPIC  -I. -I..  -DCAD_DIR=\"/usr/local/lib\" -DBIN_DIR=\"/usr/local/bin\" -DTCL_DIR=\"/usr/local/lib/irsim/tcl\" -DPACKAGE_NAME=\"irsim\" -DPACKAGE_TARNAME=\"irsim\" -DPACKAGE_VERSION=\"9.7\" -DPACKAGE_STRING=\"irsim\ 9.7\" -DPACKAGE_BUGREPORT=\"magic-hackers@csl.cornell.edu\" -DPACKAGE_URL=\"\" -DIRSIM_VERSION=\"9.7\" -DIRSIM_REVISION=\"74\" -DSTDC_HEADERS=1 -DHAVE_SYS_TYPES_H=1 -DHAVE_SYS_STAT_H=1 -DHAVE_STDLIB_H=1 -DHAVE_STRING_H=1 -DHAVE_MEMORY_H=1 -DHAVE_STRINGS_H=1 -DHAVE_INTTYPES_H=1 -DHAVE_STDINT_H=1 -DHAVE_UNISTD_H=1 -DSIZEOF_VOID_P=8 -DSIZEOF_UNSIGNED_INT=4 -DSIZEOF_UNSIGNED_LONG=8 -DSIZEOF_UNSIGNED_LONG_LONG=8 -DSIZEOF_VOID_P=8 -DSIZEOF_UNSIGNED_INT=4 -DSIZEOF_UNSIGNED_LONG=8 -DSIZEOF_UNSIGNED_LONG_LONG=8 -DSTDC_HEADERS=1 -DHAVE_SETENV=1 -DHAVE_PUTENV=1 -DHAVE_DIRENT_H=1 -DHAVE_LIMITS_H=1 -DHAVE_VA_COPY=1 -DHAVE___VA_COPY=1 -DFAULT_SIM=1 -DPOWER_EST=1 -DUSER_SUBCKT=1 -DSTATS=1 -DCL_STATS=1 -DRANDOM=1 -DTCLSUBCKT=1 -DTCL_IRSIM=1 -DLINUX=1 -DSYSV=1 -DISC=1 -DSHDLIB_EXT=\".so\" -DNDEBUG  -c hist.c
--- compiling base/hist_io.o
rm -f hist_io.o
gcc -g -m64 -fPIC -fPIC  -I. -I..  -DCAD_DIR=\"/usr/local/lib\" -DBIN_DIR=\"/usr/local/bin\" -DTCL_DIR=\"/usr/local/lib/irsim/tcl\" -DPACKAGE_NAME=\"irsim\" -DPACKAGE_TARNAME=\"irsim\" -DPACKAGE_VERSION=\"9.7\" -DPACKAGE_STRING=\"irsim\ 9.7\" -DPACKAGE_BUGREPORT=\"magic-hackers@csl.cornell.edu\" -DPACKAGE_URL=\"\" -DIRSIM_VERSION=\"9.7\" -DIRSIM_REVISION=\"74\" -DSTDC_HEADERS=1 -DHAVE_SYS_TYPES_H=1 -DHAVE_SYS_STAT_H=1 -DHAVE_STDLIB_H=1 -DHAVE_STRING_H=1 -DHAVE_MEMORY_H=1 -DHAVE_STRINGS_H=1 -DHAVE_INTTYPES_H=1 -DHAVE_STDINT_H=1 -DHAVE_UNISTD_H=1 -DSIZEOF_VOID_P=8 -DSIZEOF_UNSIGNED_INT=4 -DSIZEOF_UNSIGNED_LONG=8 -DSIZEOF_UNSIGNED_LONG_LONG=8 -DSIZEOF_VOID_P=8 -DSIZEOF_UNSIGNED_INT=4 -DSIZEOF_UNSIGNED_LONG=8 -DSIZEOF_UNSIGNED_LONG_LONG=8 -DSTDC_HEADERS=1 -DHAVE_SETENV=1 -DHAVE_PUTENV=1 -DHAVE_DIRENT_H=1 -DHAVE_LIMITS_H=1 -DHAVE_VA_COPY=1 -DHAVE___VA_COPY=1 -DFAULT_SIM=1 -DPOWER_EST=1 -DUSER_SUBCKT=1 -DSTATS=1 -DCL_STATS=1 -DRANDOM=1 -DTCLSUBCKT=1 -DTCL_IRSIM=1 -DLINUX=1 -DSYSV=1 -DISC=1 -DSHDLIB_EXT=\".so\" -DNDEBUG  -c hist_io.c
--- compiling base/intr.o
rm -f intr.o
gcc -g -m64 -fPIC -fPIC  -I. -I..  -DCAD_DIR=\"/usr/local/lib\" -DBIN_DIR=\"/usr/local/bin\" -DTCL_DIR=\"/usr/local/lib/irsim/tcl\" -DPACKAGE_NAME=\"irsim\" -DPACKAGE_TARNAME=\"irsim\" -DPACKAGE_VERSION=\"9.7\" -DPACKAGE_STRING=\"irsim\ 9.7\" -DPACKAGE_BUGREPORT=\"magic-hackers@csl.cornell.edu\" -DPACKAGE_URL=\"\" -DIRSIM_VERSION=\"9.7\" -DIRSIM_REVISION=\"74\" -DSTDC_HEADERS=1 -DHAVE_SYS_TYPES_H=1 -DHAVE_SYS_STAT_H=1 -DHAVE_STDLIB_H=1 -DHAVE_STRING_H=1 -DHAVE_MEMORY_H=1 -DHAVE_STRINGS_H=1 -DHAVE_INTTYPES_H=1 -DHAVE_STDINT_H=1 -DHAVE_UNISTD_H=1 -DSIZEOF_VOID_P=8 -DSIZEOF_UNSIGNED_INT=4 -DSIZEOF_UNSIGNED_LONG=8 -DSIZEOF_UNSIGNED_LONG_LONG=8 -DSIZEOF_VOID_P=8 -DSIZEOF_UNSIGNED_INT=4 -DSIZEOF_UNSIGNED_LONG=8 -DSIZEOF_UNSIGNED_LONG_LONG=8 -DSTDC_HEADERS=1 -DHAVE_SETENV=1 -DHAVE_PUTENV=1 -DHAVE_DIRENT_H=1 -DHAVE_LIMITS_H=1 -DHAVE_VA_COPY=1 -DHAVE___VA_COPY=1 -DFAULT_SIM=1 -DPOWER_EST=1 -DUSER_SUBCKT=1 -DSTATS=1 -DCL_STATS=1 -DRANDOM=1 -DTCLSUBCKT=1 -DTCL_IRSIM=1 -DLINUX=1 -DSYSV=1 -DISC=1 -DSHDLIB_EXT=\".so\" -DNDEBUG  -c intr.c
--- compiling base/mem.o
rm -f mem.o
gcc -g -m64 -fPIC -fPIC  -I. -I..  -DCAD_DIR=\"/usr/local/lib\" -DBIN_DIR=\"/usr/local/bin\" -DTCL_DIR=\"/usr/local/lib/irsim/tcl\" -DPACKAGE_NAME=\"irsim\" -DPACKAGE_TARNAME=\"irsim\" -DPACKAGE_VERSION=\"9.7\" -DPACKAGE_STRING=\"irsim\ 9.7\" -DPACKAGE_BUGREPORT=\"magic-hackers@csl.cornell.edu\" -DPACKAGE_URL=\"\" -DIRSIM_VERSION=\"9.7\" -DIRSIM_REVISION=\"74\" -DSTDC_HEADERS=1 -DHAVE_SYS_TYPES_H=1 -DHAVE_SYS_STAT_H=1 -DHAVE_STDLIB_H=1 -DHAVE_STRING_H=1 -DHAVE_MEMORY_H=1 -DHAVE_STRINGS_H=1 -DHAVE_INTTYPES_H=1 -DHAVE_STDINT_H=1 -DHAVE_UNISTD_H=1 -DSIZEOF_VOID_P=8 -DSIZEOF_UNSIGNED_INT=4 -DSIZEOF_UNSIGNED_LONG=8 -DSIZEOF_UNSIGNED_LONG_LONG=8 -DSIZEOF_VOID_P=8 -DSIZEOF_UNSIGNED_INT=4 -DSIZEOF_UNSIGNED_LONG=8 -DSIZEOF_UNSIGNED_LONG_LONG=8 -DSTDC_HEADERS=1 -DHAVE_SETENV=1 -DHAVE_PUTENV=1 -DHAVE_DIRENT_H=1 -DHAVE_LIMITS_H=1 -DHAVE_VA_COPY=1 -DHAVE___VA_COPY=1 -DFAULT_SIM=1 -DPOWER_EST=1 -DUSER_SUBCKT=1 -DSTATS=1 -DCL_STATS=1 -DRANDOM=1 -DTCLSUBCKT=1 -DTCL_IRSIM=1 -DLINUX=1 -DSYSV=1 -DISC=1 -DSHDLIB_EXT=\".so\" -DNDEBUG  -c mem.c
--- compiling base/netupdate.o
rm -f netupdate.o
gcc -g -m64 -fPIC -fPIC  -I. -I..  -DCAD_DIR=\"/usr/local/lib\" -DBIN_DIR=\"/usr/local/bin\" -DTCL_DIR=\"/usr/local/lib/irsim/tcl\" -DPACKAGE_NAME=\"irsim\" -DPACKAGE_TARNAME=\"irsim\" -DPACKAGE_VERSION=\"9.7\" -DPACKAGE_STRING=\"irsim\ 9.7\" -DPACKAGE_BUGREPORT=\"magic-hackers@csl.cornell.edu\" -DPACKAGE_URL=\"\" -DIRSIM_VERSION=\"9.7\" -DIRSIM_REVISION=\"74\" -DSTDC_HEADERS=1 -DHAVE_SYS_TYPES_H=1 -DHAVE_SYS_STAT_H=1 -DHAVE_STDLIB_H=1 -DHAVE_STRING_H=1 -DHAVE_MEMORY_H=1 -DHAVE_STRINGS_H=1 -DHAVE_INTTYPES_H=1 -DHAVE_STDINT_H=1 -DHAVE_UNISTD_H=1 -DSIZEOF_VOID_P=8 -DSIZEOF_UNSIGNED_INT=4 -DSIZEOF_UNSIGNED_LONG=8 -DSIZEOF_UNSIGNED_LONG_LONG=8 -DSIZEOF_VOID_P=8 -DSIZEOF_UNSIGNED_INT=4 -DSIZEOF_UNSIGNED_LONG=8 -DSIZEOF_UNSIGNED_LONG_LONG=8 -DSTDC_HEADERS=1 -DHAVE_SETENV=1 -DHAVE_PUTENV=1 -DHAVE_DIRENT_H=1 -DHAVE_LIMITS_H=1 -DHAVE_VA_COPY=1 -DHAVE___VA_COPY=1 -DFAULT_SIM=1 -DPOWER_EST=1 -DUSER_SUBCKT=1 -DSTATS=1 -DCL_STATS=1 -DRANDOM=1 -DTCLSUBCKT=1 -DTCL_IRSIM=1 -DLINUX=1 -DSYSV=1 -DISC=1 -DSHDLIB_EXT=\".so\" -DNDEBUG  -c netupdate.c
--- compiling base/network.o
rm -f network.o
gcc -g -m64 -fPIC -fPIC  -I. -I..  -DCAD_DIR=\"/usr/local/lib\" -DBIN_DIR=\"/usr/local/bin\" -DTCL_DIR=\"/usr/local/lib/irsim/tcl\" -DPACKAGE_NAME=\"irsim\" -DPACKAGE_TARNAME=\"irsim\" -DPACKAGE_VERSION=\"9.7\" -DPACKAGE_STRING=\"irsim\ 9.7\" -DPACKAGE_BUGREPORT=\"magic-hackers@csl.cornell.edu\" -DPACKAGE_URL=\"\" -DIRSIM_VERSION=\"9.7\" -DIRSIM_REVISION=\"74\" -DSTDC_HEADERS=1 -DHAVE_SYS_TYPES_H=1 -DHAVE_SYS_STAT_H=1 -DHAVE_STDLIB_H=1 -DHAVE_STRING_H=1 -DHAVE_MEMORY_H=1 -DHAVE_STRINGS_H=1 -DHAVE_INTTYPES_H=1 -DHAVE_STDINT_H=1 -DHAVE_UNISTD_H=1 -DSIZEOF_VOID_P=8 -DSIZEOF_UNSIGNED_INT=4 -DSIZEOF_UNSIGNED_LONG=8 -DSIZEOF_UNSIGNED_LONG_LONG=8 -DSIZEOF_VOID_P=8 -DSIZEOF_UNSIGNED_INT=4 -DSIZEOF_UNSIGNED_LONG=8 -DSIZEOF_UNSIGNED_LONG_LONG=8 -DSTDC_HEADERS=1 -DHAVE_SETENV=1 -DHAVE_PUTENV=1 -DHAVE_DIRENT_H=1 -DHAVE_LIMITS_H=1 -DHAVE_VA_COPY=1 -DHAVE___VA_COPY=1 -DFAULT_SIM=1 -DPOWER_EST=1 -DUSER_SUBCKT=1 -DSTATS=1 -DCL_STATS=1 -DRANDOM=1 -DTCLSUBCKT=1 -DTCL_IRSIM=1 -DLINUX=1 -DSYSV=1 -DISC=1 -DSHDLIB_EXT=\".so\" -DNDEBUG  -c network.c
--- compiling base/newrstep.o
rm -f newrstep.o
gcc -g -m64 -fPIC -fPIC  -I. -I..  -DCAD_DIR=\"/usr/local/lib\" -DBIN_DIR=\"/usr/local/bin\" -DTCL_DIR=\"/usr/local/lib/irsim/tcl\" -DPACKAGE_NAME=\"irsim\" -DPACKAGE_TARNAME=\"irsim\" -DPACKAGE_VERSION=\"9.7\" -DPACKAGE_STRING=\"irsim\ 9.7\" -DPACKAGE_BUGREPORT=\"magic-hackers@csl.cornell.edu\" -DPACKAGE_URL=\"\" -DIRSIM_VERSION=\"9.7\" -DIRSIM_REVISION=\"74\" -DSTDC_HEADERS=1 -DHAVE_SYS_TYPES_H=1 -DHAVE_SYS_STAT_H=1 -DHAVE_STDLIB_H=1 -DHAVE_STRING_H=1 -DHAVE_MEMORY_H=1 -DHAVE_STRINGS_H=1 -DHAVE_INTTYPES_H=1 -DHAVE_STDINT_H=1 -DHAVE_UNISTD_H=1 -DSIZEOF_VOID_P=8 -DSIZEOF_UNSIGNED_INT=4 -DSIZEOF_UNSIGNED_LONG=8 -DSIZEOF_UNSIGNED_LONG_LONG=8 -DSIZEOF_VOID_P=8 -DSIZEOF_UNSIGNED_INT=4 -DSIZEOF_UNSIGNED_LONG=8 -DSIZEOF_UNSIGNED_LONG_LONG=8 -DSTDC_HEADERS=1 -DHAVE_SETENV=1 -DHAVE_PUTENV=1 -DHAVE_DIRENT_H=1 -DHAVE_LIMITS_H=1 -DHAVE_VA_COPY=1 -DHAVE___VA_COPY=1 -DFAULT_SIM=1 -DPOWER_EST=1 -DUSER_SUBCKT=1 -DSTATS=1 -DCL_STATS=1 -DRANDOM=1 -DTCLSUBCKT=1 -DTCL_IRSIM=1 -DLINUX=1 -DSYSV=1 -DISC=1 -DSHDLIB_EXT=\".so\" -DNDEBUG  -c newrstep.c
--- compiling base/nsubrs.o
rm -f nsubrs.o
gcc -g -m64 -fPIC -fPIC  -I. -I..  -DCAD_DIR=\"/usr/local/lib\" -DBIN_DIR=\"/usr/local/bin\" -DTCL_DIR=\"/usr/local/lib/irsim/tcl\" -DPACKAGE_NAME=\"irsim\" -DPACKAGE_TARNAME=\"irsim\" -DPACKAGE_VERSION=\"9.7\" -DPACKAGE_STRING=\"irsim\ 9.7\" -DPACKAGE_BUGREPORT=\"magic-hackers@csl.cornell.edu\" -DPACKAGE_URL=\"\" -DIRSIM_VERSION=\"9.7\" -DIRSIM_REVISION=\"74\" -DSTDC_HEADERS=1 -DHAVE_SYS_TYPES_H=1 -DHAVE_SYS_STAT_H=1 -DHAVE_STDLIB_H=1 -DHAVE_STRING_H=1 -DHAVE_MEMORY_H=1 -DHAVE_STRINGS_H=1 -DHAVE_INTTYPES_H=1 -DHAVE_STDINT_H=1 -DHAVE_UNISTD_H=1 -DSIZEOF_VOID_P=8 -DSIZEOF_UNSIGNED_INT=4 -DSIZEOF_UNSIGNED_LONG=8 -DSIZEOF_UNSIGNED_LONG_LONG=8 -DSIZEOF_VOID_P=8 -DSIZEOF_UNSIGNED_INT=4 -DSIZEOF_UNSIGNED_LONG=8 -DSIZEOF_UNSIGNED_LONG_LONG=8 -DSTDC_HEADERS=1 -DHAVE_SETENV=1 -DHAVE_PUTENV=1 -DHAVE_DIRENT_H=1 -DHAVE_LIMITS_H=1 -DHAVE_VA_COPY=1 -DHAVE___VA_COPY=1 -DFAULT_SIM=1 -DPOWER_EST=1 -DUSER_SUBCKT=1 -DSTATS=1 -DCL_STATS=1 -DRANDOM=1 -DTCLSUBCKT=1 -DTCL_IRSIM=1 -DLINUX=1 -DSYSV=1 -DISC=1 -DSHDLIB_EXT=\".so\" -DNDEBUG  -c nsubrs.c
--- compiling base/parallel.o
rm -f parallel.o
gcc -g -m64 -fPIC -fPIC  -I. -I..  -DCAD_DIR=\"/usr/local/lib\" -DBIN_DIR=\"/usr/local/bin\" -DTCL_DIR=\"/usr/local/lib/irsim/tcl\" -DPACKAGE_NAME=\"irsim\" -DPACKAGE_TARNAME=\"irsim\" -DPACKAGE_VERSION=\"9.7\" -DPACKAGE_STRING=\"irsim\ 9.7\" -DPACKAGE_BUGREPORT=\"magic-hackers@csl.cornell.edu\" -DPACKAGE_URL=\"\" -DIRSIM_VERSION=\"9.7\" -DIRSIM_REVISION=\"74\" -DSTDC_HEADERS=1 -DHAVE_SYS_TYPES_H=1 -DHAVE_SYS_STAT_H=1 -DHAVE_STDLIB_H=1 -DHAVE_STRING_H=1 -DHAVE_MEMORY_H=1 -DHAVE_STRINGS_H=1 -DHAVE_INTTYPES_H=1 -DHAVE_STDINT_H=1 -DHAVE_UNISTD_H=1 -DSIZEOF_VOID_P=8 -DSIZEOF_UNSIGNED_INT=4 -DSIZEOF_UNSIGNED_LONG=8 -DSIZEOF_UNSIGNED_LONG_LONG=8 -DSIZEOF_VOID_P=8 -DSIZEOF_UNSIGNED_INT=4 -DSIZEOF_UNSIGNED_LONG=8 -DSIZEOF_UNSIGNED_LONG_LONG=8 -DSTDC_HEADERS=1 -DHAVE_SETENV=1 -DHAVE_PUTENV=1 -DHAVE_DIRENT_H=1 -DHAVE_LIMITS_H=1 -DHAVE_VA_COPY=1 -DHAVE___VA_COPY=1 -DFAULT_SIM=1 -DPOWER_EST=1 -DUSER_SUBCKT=1 -DSTATS=1 -DCL_STATS=1 -DRANDOM=1 -DTCLSUBCKT=1 -DTCL_IRSIM=1 -DLINUX=1 -DSYSV=1 -DISC=1 -DSHDLIB_EXT=\".so\" -DNDEBUG  -c parallel.c
--- compiling base/prints.o
rm -f prints.o
gcc -g -m64 -fPIC -fPIC  -I. -I..  -DCAD_DIR=\"/usr/local/lib\" -DBIN_DIR=\"/usr/local/bin\" -DTCL_DIR=\"/usr/local/lib/irsim/tcl\" -DPACKAGE_NAME=\"irsim\" -DPACKAGE_TARNAME=\"irsim\" -DPACKAGE_VERSION=\"9.7\" -DPACKAGE_STRING=\"irsim\ 9.7\" -DPACKAGE_BUGREPORT=\"magic-hackers@csl.cornell.edu\" -DPACKAGE_URL=\"\" -DIRSIM_VERSION=\"9.7\" -DIRSIM_REVISION=\"74\" -DSTDC_HEADERS=1 -DHAVE_SYS_TYPES_H=1 -DHAVE_SYS_STAT_H=1 -DHAVE_STDLIB_H=1 -DHAVE_STRING_H=1 -DHAVE_MEMORY_H=1 -DHAVE_STRINGS_H=1 -DHAVE_INTTYPES_H=1 -DHAVE_STDINT_H=1 -DHAVE_UNISTD_H=1 -DSIZEOF_VOID_P=8 -DSIZEOF_UNSIGNED_INT=4 -DSIZEOF_UNSIGNED_LONG=8 -DSIZEOF_UNSIGNED_LONG_LONG=8 -DSIZEOF_VOID_P=8 -DSIZEOF_UNSIGNED_INT=4 -DSIZEOF_UNSIGNED_LONG=8 -DSIZEOF_UNSIGNED_LONG_LONG=8 -DSTDC_HEADERS=1 -DHAVE_SETENV=1 -DHAVE_PUTENV=1 -DHAVE_DIRENT_H=1 -DHAVE_LIMITS_H=1 -DHAVE_VA_COPY=1 -DHAVE___VA_COPY=1 -DFAULT_SIM=1 -DPOWER_EST=1 -DUSER_SUBCKT=1 -DSTATS=1 -DCL_STATS=1 -DRANDOM=1 -DTCLSUBCKT=1 -DTCL_IRSIM=1 -DLINUX=1 -DSYSV=1 -DISC=1 -DSHDLIB_EXT=\".so\" -DNDEBUG  -c prints.c
--- compiling base/rsim.o
rm -f rsim.o
gcc -g -m64 -fPIC -fPIC  -I. -I..  -DCAD_DIR=\"/usr/local/lib\" -DBIN_DIR=\"/usr/local/bin\" -DTCL_DIR=\"/usr/local/lib/irsim/tcl\" -DPACKAGE_NAME=\"irsim\" -DPACKAGE_TARNAME=\"irsim\" -DPACKAGE_VERSION=\"9.7\" -DPACKAGE_STRING=\"irsim\ 9.7\" -DPACKAGE_BUGREPORT=\"magic-hackers@csl.cornell.edu\" -DPACKAGE_URL=\"\" -DIRSIM_VERSION=\"9.7\" -DIRSIM_REVISION=\"74\" -DSTDC_HEADERS=1 -DHAVE_SYS_TYPES_H=1 -DHAVE_SYS_STAT_H=1 -DHAVE_STDLIB_H=1 -DHAVE_STRING_H=1 -DHAVE_MEMORY_H=1 -DHAVE_STRINGS_H=1 -DHAVE_INTTYPES_H=1 -DHAVE_STDINT_H=1 -DHAVE_UNISTD_H=1 -DSIZEOF_VOID_P=8 -DSIZEOF_UNSIGNED_INT=4 -DSIZEOF_UNSIGNED_LONG=8 -DSIZEOF_UNSIGNED_LONG_LONG=8 -DSIZEOF_VOID_P=8 -DSIZEOF_UNSIGNED_INT=4 -DSIZEOF_UNSIGNED_LONG=8 -DSIZEOF_UNSIGNED_LONG_LONG=8 -DSTDC_HEADERS=1 -DHAVE_SETENV=1 -DHAVE_PUTENV=1 -DHAVE_DIRENT_H=1 -DHAVE_LIMITS_H=1 -DHAVE_VA_COPY=1 -DHAVE___VA_COPY=1 -DFAULT_SIM=1 -DPOWER_EST=1 -DUSER_SUBCKT=1 -DSTATS=1 -DCL_STATS=1 -DRANDOM=1 -DTCLSUBCKT=1 -DTCL_IRSIM=1 -DLINUX=1 -DSYSV=1 -DISC=1 -DSHDLIB_EXT=\".so\" -DNDEBUG  -c rsim.c
--- compiling base/sched.o
rm -f sched.o
gcc -g -m64 -fPIC -fPIC  -I. -I..  -DCAD_DIR=\"/usr/local/lib\" -DBIN_DIR=\"/usr/local/bin\" -DTCL_DIR=\"/usr/local/lib/irsim/tcl\" -DPACKAGE_NAME=\"irsim\" -DPACKAGE_TARNAME=\"irsim\" -DPACKAGE_VERSION=\"9.7\" -DPACKAGE_STRING=\"irsim\ 9.7\" -DPACKAGE_BUGREPORT=\"magic-hackers@csl.cornell.edu\" -DPACKAGE_URL=\"\" -DIRSIM_VERSION=\"9.7\" -DIRSIM_REVISION=\"74\" -DSTDC_HEADERS=1 -DHAVE_SYS_TYPES_H=1 -DHAVE_SYS_STAT_H=1 -DHAVE_STDLIB_H=1 -DHAVE_STRING_H=1 -DHAVE_MEMORY_H=1 -DHAVE_STRINGS_H=1 -DHAVE_INTTYPES_H=1 -DHAVE_STDINT_H=1 -DHAVE_UNISTD_H=1 -DSIZEOF_VOID_P=8 -DSIZEOF_UNSIGNED_INT=4 -DSIZEOF_UNSIGNED_LONG=8 -DSIZEOF_UNSIGNED_LONG_LONG=8 -DSIZEOF_VOID_P=8 -DSIZEOF_UNSIGNED_INT=4 -DSIZEOF_UNSIGNED_LONG=8 -DSIZEOF_UNSIGNED_LONG_LONG=8 -DSTDC_HEADERS=1 -DHAVE_SETENV=1 -DHAVE_PUTENV=1 -DHAVE_DIRENT_H=1 -DHAVE_LIMITS_H=1 -DHAVE_VA_COPY=1 -DHAVE___VA_COPY=1 -DFAULT_SIM=1 -DPOWER_EST=1 -DUSER_SUBCKT=1 -DSTATS=1 -DCL_STATS=1 -DRANDOM=1 -DTCLSUBCKT=1 -DTCL_IRSIM=1 -DLINUX=1 -DSYSV=1 -DISC=1 -DSHDLIB_EXT=\".so\" -DNDEBUG  -c sched.c
--- compiling base/sim.o
rm -f sim.o
gcc -g -m64 -fPIC -fPIC  -I. -I..  -DCAD_DIR=\"/usr/local/lib\" -DBIN_DIR=\"/usr/local/bin\" -DTCL_DIR=\"/usr/local/lib/irsim/tcl\" -DPACKAGE_NAME=\"irsim\" -DPACKAGE_TARNAME=\"irsim\" -DPACKAGE_VERSION=\"9.7\" -DPACKAGE_STRING=\"irsim\ 9.7\" -DPACKAGE_BUGREPORT=\"magic-hackers@csl.cornell.edu\" -DPACKAGE_URL=\"\" -DIRSIM_VERSION=\"9.7\" -DIRSIM_REVISION=\"74\" -DSTDC_HEADERS=1 -DHAVE_SYS_TYPES_H=1 -DHAVE_SYS_STAT_H=1 -DHAVE_STDLIB_H=1 -DHAVE_STRING_H=1 -DHAVE_MEMORY_H=1 -DHAVE_STRINGS_H=1 -DHAVE_INTTYPES_H=1 -DHAVE_STDINT_H=1 -DHAVE_UNISTD_H=1 -DSIZEOF_VOID_P=8 -DSIZEOF_UNSIGNED_INT=4 -DSIZEOF_UNSIGNED_LONG=8 -DSIZEOF_UNSIGNED_LONG_LONG=8 -DSIZEOF_VOID_P=8 -DSIZEOF_UNSIGNED_INT=4 -DSIZEOF_UNSIGNED_LONG=8 -DSIZEOF_UNSIGNED_LONG_LONG=8 -DSTDC_HEADERS=1 -DHAVE_SETENV=1 -DHAVE_PUTENV=1 -DHAVE_DIRENT_H=1 -DHAVE_LIMITS_H=1 -DHAVE_VA_COPY=1 -DHAVE___VA_COPY=1 -DFAULT_SIM=1 -DPOWER_EST=1 -DUSER_SUBCKT=1 -DSTATS=1 -DCL_STATS=1 -DRANDOM=1 -DTCLSUBCKT=1 -DTCL_IRSIM=1 -DLINUX=1 -DSYSV=1 -DISC=1 -DSHDLIB_EXT=\".so\" -DNDEBUG  -c sim.c
sim.c: In function 'input_sim':
sim.c:743:8: warning: incompatible implicit declaration of built-in function 'fabs' [enabled by default]
--- compiling base/sstep.o
rm -f sstep.o
gcc -g -m64 -fPIC -fPIC  -I. -I..  -DCAD_DIR=\"/usr/local/lib\" -DBIN_DIR=\"/usr/local/bin\" -DTCL_DIR=\"/usr/local/lib/irsim/tcl\" -DPACKAGE_NAME=\"irsim\" -DPACKAGE_TARNAME=\"irsim\" -DPACKAGE_VERSION=\"9.7\" -DPACKAGE_STRING=\"irsim\ 9.7\" -DPACKAGE_BUGREPORT=\"magic-hackers@csl.cornell.edu\" -DPACKAGE_URL=\"\" -DIRSIM_VERSION=\"9.7\" -DIRSIM_REVISION=\"74\" -DSTDC_HEADERS=1 -DHAVE_SYS_TYPES_H=1 -DHAVE_SYS_STAT_H=1 -DHAVE_STDLIB_H=1 -DHAVE_STRING_H=1 -DHAVE_MEMORY_H=1 -DHAVE_STRINGS_H=1 -DHAVE_INTTYPES_H=1 -DHAVE_STDINT_H=1 -DHAVE_UNISTD_H=1 -DSIZEOF_VOID_P=8 -DSIZEOF_UNSIGNED_INT=4 -DSIZEOF_UNSIGNED_LONG=8 -DSIZEOF_UNSIGNED_LONG_LONG=8 -DSIZEOF_VOID_P=8 -DSIZEOF_UNSIGNED_INT=4 -DSIZEOF_UNSIGNED_LONG=8 -DSIZEOF_UNSIGNED_LONG_LONG=8 -DSTDC_HEADERS=1 -DHAVE_SETENV=1 -DHAVE_PUTENV=1 -DHAVE_DIRENT_H=1 -DHAVE_LIMITS_H=1 -DHAVE_VA_COPY=1 -DHAVE___VA_COPY=1 -DFAULT_SIM=1 -DPOWER_EST=1 -DUSER_SUBCKT=1 -DSTATS=1 -DCL_STATS=1 -DRANDOM=1 -DTCLSUBCKT=1 -DTCL_IRSIM=1 -DLINUX=1 -DSYSV=1 -DISC=1 -DSHDLIB_EXT=\".so\" -DNDEBUG  -c sstep.c
--- compiling base/stack.o
rm -f stack.o
gcc -g -m64 -fPIC -fPIC  -I. -I..  -DCAD_DIR=\"/usr/local/lib\" -DBIN_DIR=\"/usr/local/bin\" -DTCL_DIR=\"/usr/local/lib/irsim/tcl\" -DPACKAGE_NAME=\"irsim\" -DPACKAGE_TARNAME=\"irsim\" -DPACKAGE_VERSION=\"9.7\" -DPACKAGE_STRING=\"irsim\ 9.7\" -DPACKAGE_BUGREPORT=\"magic-hackers@csl.cornell.edu\" -DPACKAGE_URL=\"\" -DIRSIM_VERSION=\"9.7\" -DIRSIM_REVISION=\"74\" -DSTDC_HEADERS=1 -DHAVE_SYS_TYPES_H=1 -DHAVE_SYS_STAT_H=1 -DHAVE_STDLIB_H=1 -DHAVE_STRING_H=1 -DHAVE_MEMORY_H=1 -DHAVE_STRINGS_H=1 -DHAVE_INTTYPES_H=1 -DHAVE_STDINT_H=1 -DHAVE_UNISTD_H=1 -DSIZEOF_VOID_P=8 -DSIZEOF_UNSIGNED_INT=4 -DSIZEOF_UNSIGNED_LONG=8 -DSIZEOF_UNSIGNED_LONG_LONG=8 -DSIZEOF_VOID_P=8 -DSIZEOF_UNSIGNED_INT=4 -DSIZEOF_UNSIGNED_LONG=8 -DSIZEOF_UNSIGNED_LONG_LONG=8 -DSTDC_HEADERS=1 -DHAVE_SETENV=1 -DHAVE_PUTENV=1 -DHAVE_DIRENT_H=1 -DHAVE_LIMITS_H=1 -DHAVE_VA_COPY=1 -DHAVE___VA_COPY=1 -DFAULT_SIM=1 -DPOWER_EST=1 -DUSER_SUBCKT=1 -DSTATS=1 -DCL_STATS=1 -DRANDOM=1 -DTCLSUBCKT=1 -DTCL_IRSIM=1 -DLINUX=1 -DSYSV=1 -DISC=1 -DSHDLIB_EXT=\".so\" -DNDEBUG  -c stack.c
--- compiling base/tpos.o
rm -f tpos.o
gcc -g -m64 -fPIC -fPIC  -I. -I..  -DCAD_DIR=\"/usr/local/lib\" -DBIN_DIR=\"/usr/local/bin\" -DTCL_DIR=\"/usr/local/lib/irsim/tcl\" -DPACKAGE_NAME=\"irsim\" -DPACKAGE_TARNAME=\"irsim\" -DPACKAGE_VERSION=\"9.7\" -DPACKAGE_STRING=\"irsim\ 9.7\" -DPACKAGE_BUGREPORT=\"magic-hackers@csl.cornell.edu\" -DPACKAGE_URL=\"\" -DIRSIM_VERSION=\"9.7\" -DIRSIM_REVISION=\"74\" -DSTDC_HEADERS=1 -DHAVE_SYS_TYPES_H=1 -DHAVE_SYS_STAT_H=1 -DHAVE_STDLIB_H=1 -DHAVE_STRING_H=1 -DHAVE_MEMORY_H=1 -DHAVE_STRINGS_H=1 -DHAVE_INTTYPES_H=1 -DHAVE_STDINT_H=1 -DHAVE_UNISTD_H=1 -DSIZEOF_VOID_P=8 -DSIZEOF_UNSIGNED_INT=4 -DSIZEOF_UNSIGNED_LONG=8 -DSIZEOF_UNSIGNED_LONG_LONG=8 -DSIZEOF_VOID_P=8 -DSIZEOF_UNSIGNED_INT=4 -DSIZEOF_UNSIGNED_LONG=8 -DSIZEOF_UNSIGNED_LONG_LONG=8 -DSTDC_HEADERS=1 -DHAVE_SETENV=1 -DHAVE_PUTENV=1 -DHAVE_DIRENT_H=1 -DHAVE_LIMITS_H=1 -DHAVE_VA_COPY=1 -DHAVE___VA_COPY=1 -DFAULT_SIM=1 -DPOWER_EST=1 -DUSER_SUBCKT=1 -DSTATS=1 -DCL_STATS=1 -DRANDOM=1 -DTCLSUBCKT=1 -DTCL_IRSIM=1 -DLINUX=1 -DSYSV=1 -DISC=1 -DSHDLIB_EXT=\".so\" -DNDEBUG  -c tpos.c
--- compiling base/usage.o
rm -f usage.o
gcc -g -m64 -fPIC -fPIC  -I. -I..  -DCAD_DIR=\"/usr/local/lib\" -DBIN_DIR=\"/usr/local/bin\" -DTCL_DIR=\"/usr/local/lib/irsim/tcl\" -DPACKAGE_NAME=\"irsim\" -DPACKAGE_TARNAME=\"irsim\" -DPACKAGE_VERSION=\"9.7\" -DPACKAGE_STRING=\"irsim\ 9.7\" -DPACKAGE_BUGREPORT=\"magic-hackers@csl.cornell.edu\" -DPACKAGE_URL=\"\" -DIRSIM_VERSION=\"9.7\" -DIRSIM_REVISION=\"74\" -DSTDC_HEADERS=1 -DHAVE_SYS_TYPES_H=1 -DHAVE_SYS_STAT_H=1 -DHAVE_STDLIB_H=1 -DHAVE_STRING_H=1 -DHAVE_MEMORY_H=1 -DHAVE_STRINGS_H=1 -DHAVE_INTTYPES_H=1 -DHAVE_STDINT_H=1 -DHAVE_UNISTD_H=1 -DSIZEOF_VOID_P=8 -DSIZEOF_UNSIGNED_INT=4 -DSIZEOF_UNSIGNED_LONG=8 -DSIZEOF_UNSIGNED_LONG_LONG=8 -DSIZEOF_VOID_P=8 -DSIZEOF_UNSIGNED_INT=4 -DSIZEOF_UNSIGNED_LONG=8 -DSIZEOF_UNSIGNED_LONG_LONG=8 -DSTDC_HEADERS=1 -DHAVE_SETENV=1 -DHAVE_PUTENV=1 -DHAVE_DIRENT_H=1 -DHAVE_LIMITS_H=1 -DHAVE_VA_COPY=1 -DHAVE___VA_COPY=1 -DFAULT_SIM=1 -DPOWER_EST=1 -DUSER_SUBCKT=1 -DSTATS=1 -DCL_STATS=1 -DRANDOM=1 -DTCLSUBCKT=1 -DTCL_IRSIM=1 -DLINUX=1 -DSYSV=1 -DISC=1 -DSHDLIB_EXT=\".so\" -DNDEBUG  -c usage.c
--- linking libbase.o
rm -f libbase.o
ld -r access.o binsim.o cad_dir.o config.o conn_list.o eval.o fio.o hist.o hist_io.o intr.o mem.o netupdate.o network.o newrstep.o nsubrs.o parallel.o prints.o rsim.o sched.o sim.o sstep.o stack.o tpos.o usage.o  -o libbase.o 
make[2]: Leaving directory `/home/tim/gitsrc/irsim-9.7/base'
make[2]: Entering directory `/home/tim/gitsrc/irsim-9.7/analyzer'
--- compiling analyzer/coords.o
rm -f coords.o
gcc -g -m64 -fPIC -fPIC   -I../base -I. -I..  -DCAD_DIR=\"/usr/local/lib\" -DBIN_DIR=\"/usr/local/bin\" -DTCL_DIR=\"/usr/local/lib/irsim/tcl\" -DPACKAGE_NAME=\"irsim\" -DPACKAGE_TARNAME=\"irsim\" -DPACKAGE_VERSION=\"9.7\" -DPACKAGE_STRING=\"irsim\ 9.7\" -DPACKAGE_BUGREPORT=\"magic-hackers@csl.cornell.edu\" -DPACKAGE_URL=\"\" -DIRSIM_VERSION=\"9.7\" -DIRSIM_REVISION=\"74\" -DSTDC_HEADERS=1 -DHAVE_SYS_TYPES_H=1 -DHAVE_SYS_STAT_H=1 -DHAVE_STDLIB_H=1 -DHAVE_STRING_H=1 -DHAVE_MEMORY_H=1 -DHAVE_STRINGS_H=1 -DHAVE_INTTYPES_H=1 -DHAVE_STDINT_H=1 -DHAVE_UNISTD_H=1 -DSIZEOF_VOID_P=8 -DSIZEOF_UNSIGNED_INT=4 -DSIZEOF_UNSIGNED_LONG=8 -DSIZEOF_UNSIGNED_LONG_LONG=8 -DSIZEOF_VOID_P=8 -DSIZEOF_UNSIGNED_INT=4 -DSIZEOF_UNSIGNED_LONG=8 -DSIZEOF_UNSIGNED_LONG_LONG=8 -DSTDC_HEADERS=1 -DHAVE_SETENV=1 -DHAVE_PUTENV=1 -DHAVE_DIRENT_H=1 -DHAVE_LIMITS_H=1 -DHAVE_VA_COPY=1 -DHAVE___VA_COPY=1 -DFAULT_SIM=1 -DPOWER_EST=1 -DUSER_SUBCKT=1 -DSTATS=1 -DCL_STATS=1 -DRANDOM=1 -DTCLSUBCKT=1 -DTCL_IRSIM=1 -DLINUX=1 -DSYSV=1 -DISC=1 -DSHDLIB_EXT=\".so\" -DNDEBUG -DX11 -DXLIB -DNDEBUG  -c coords.c
--- compiling analyzer/graphics.o
rm -f graphics.o
gcc -g -m64 -fPIC -fPIC   -I../base -I. -I..  -DCAD_DIR=\"/usr/local/lib\" -DBIN_DIR=\"/usr/local/bin\" -DTCL_DIR=\"/usr/local/lib/irsim/tcl\" -DPACKAGE_NAME=\"irsim\" -DPACKAGE_TARNAME=\"irsim\" -DPACKAGE_VERSION=\"9.7\" -DPACKAGE_STRING=\"irsim\ 9.7\" -DPACKAGE_BUGREPORT=\"magic-hackers@csl.cornell.edu\" -DPACKAGE_URL=\"\" -DIRSIM_VERSION=\"9.7\" -DIRSIM_REVISION=\"74\" -DSTDC_HEADERS=1 -DHAVE_SYS_TYPES_H=1 -DHAVE_SYS_STAT_H=1 -DHAVE_STDLIB_H=1 -DHAVE_STRING_H=1 -DHAVE_MEMORY_H=1 -DHAVE_STRINGS_H=1 -DHAVE_INTTYPES_H=1 -DHAVE_STDINT_H=1 -DHAVE_UNISTD_H=1 -DSIZEOF_VOID_P=8 -DSIZEOF_UNSIGNED_INT=4 -DSIZEOF_UNSIGNED_LONG=8 -DSIZEOF_UNSIGNED_LONG_LONG=8 -DSIZEOF_VOID_P=8 -DSIZEOF_UNSIGNED_INT=4 -DSIZEOF_UNSIGNED_LONG=8 -DSIZEOF_UNSIGNED_LONG_LONG=8 -DSTDC_HEADERS=1 -DHAVE_SETENV=1 -DHAVE_PUTENV=1 -DHAVE_DIRENT_H=1 -DHAVE_LIMITS_H=1 -DHAVE_VA_COPY=1 -DHAVE___VA_COPY=1 -DFAULT_SIM=1 -DPOWER_EST=1 -DUSER_SUBCKT=1 -DSTATS=1 -DCL_STATS=1 -DRANDOM=1 -DTCLSUBCKT=1 -DTCL_IRSIM=1 -DLINUX=1 -DSYSV=1 -DISC=1 -DSHDLIB_EXT=\".so\" -DNDEBUG -DX11 -DXLIB -DNDEBUG  -c graphics.c
--- compiling analyzer/movetrace.o
rm -f movetrace.o
gcc -g -m64 -fPIC -fPIC   -I../base -I. -I..  -DCAD_DIR=\"/usr/local/lib\" -DBIN_DIR=\"/usr/local/bin\" -DTCL_DIR=\"/usr/local/lib/irsim/tcl\" -DPACKAGE_NAME=\"irsim\" -DPACKAGE_TARNAME=\"irsim\" -DPACKAGE_VERSION=\"9.7\" -DPACKAGE_STRING=\"irsim\ 9.7\" -DPACKAGE_BUGREPORT=\"magic-hackers@csl.cornell.edu\" -DPACKAGE_URL=\"\" -DIRSIM_VERSION=\"9.7\" -DIRSIM_REVISION=\"74\" -DSTDC_HEADERS=1 -DHAVE_SYS_TYPES_H=1 -DHAVE_SYS_STAT_H=1 -DHAVE_STDLIB_H=1 -DHAVE_STRING_H=1 -DHAVE_MEMORY_H=1 -DHAVE_STRINGS_H=1 -DHAVE_INTTYPES_H=1 -DHAVE_STDINT_H=1 -DHAVE_UNISTD_H=1 -DSIZEOF_VOID_P=8 -DSIZEOF_UNSIGNED_INT=4 -DSIZEOF_UNSIGNED_LONG=8 -DSIZEOF_UNSIGNED_LONG_LONG=8 -DSIZEOF_VOID_P=8 -DSIZEOF_UNSIGNED_INT=4 -DSIZEOF_UNSIGNED_LONG=8 -DSIZEOF_UNSIGNED_LONG_LONG=8 -DSTDC_HEADERS=1 -DHAVE_SETENV=1 -DHAVE_PUTENV=1 -DHAVE_DIRENT_H=1 -DHAVE_LIMITS_H=1 -DHAVE_VA_COPY=1 -DHAVE___VA_COPY=1 -DFAULT_SIM=1 -DPOWER_EST=1 -DUSER_SUBCKT=1 -DSTATS=1 -DCL_STATS=1 -DRANDOM=1 -DTCLSUBCKT=1 -DTCL_IRSIM=1 -DLINUX=1 -DSYSV=1 -DISC=1 -DSHDLIB_EXT=\".so\" -DNDEBUG -DX11 -DXLIB -DNDEBUG  -c movetrace.c
--- compiling analyzer/setsteps.o
rm -f setsteps.o
gcc -g -m64 -fPIC -fPIC   -I../base -I. -I..  -DCAD_DIR=\"/usr/local/lib\" -DBIN_DIR=\"/usr/local/bin\" -DTCL_DIR=\"/usr/local/lib/irsim/tcl\" -DPACKAGE_NAME=\"irsim\" -DPACKAGE_TARNAME=\"irsim\" -DPACKAGE_VERSION=\"9.7\" -DPACKAGE_STRING=\"irsim\ 9.7\" -DPACKAGE_BUGREPORT=\"magic-hackers@csl.cornell.edu\" -DPACKAGE_URL=\"\" -DIRSIM_VERSION=\"9.7\" -DIRSIM_REVISION=\"74\" -DSTDC_HEADERS=1 -DHAVE_SYS_TYPES_H=1 -DHAVE_SYS_STAT_H=1 -DHAVE_STDLIB_H=1 -DHAVE_STRING_H=1 -DHAVE_MEMORY_H=1 -DHAVE_STRINGS_H=1 -DHAVE_INTTYPES_H=1 -DHAVE_STDINT_H=1 -DHAVE_UNISTD_H=1 -DSIZEOF_VOID_P=8 -DSIZEOF_UNSIGNED_INT=4 -DSIZEOF_UNSIGNED_LONG=8 -DSIZEOF_UNSIGNED_LONG_LONG=8 -DSIZEOF_VOID_P=8 -DSIZEOF_UNSIGNED_INT=4 -DSIZEOF_UNSIGNED_LONG=8 -DSIZEOF_UNSIGNED_LONG_LONG=8 -DSTDC_HEADERS=1 -DHAVE_SETENV=1 -DHAVE_PUTENV=1 -DHAVE_DIRENT_H=1 -DHAVE_LIMITS_H=1 -DHAVE_VA_COPY=1 -DHAVE___VA_COPY=1 -DFAULT_SIM=1 -DPOWER_EST=1 -DUSER_SUBCKT=1 -DSTATS=1 -DCL_STATS=1 -DRANDOM=1 -DTCLSUBCKT=1 -DTCL_IRSIM=1 -DLINUX=1 -DSYSV=1 -DISC=1 -DSHDLIB_EXT=\".so\" -DNDEBUG -DX11 -DXLIB -DNDEBUG  -c setsteps.c
--- compiling analyzer/analyzer.o
rm -f analyzer.o
gcc -g -m64 -fPIC -fPIC   -I../base -I. -I..  -DCAD_DIR=\"/usr/local/lib\" -DBIN_DIR=\"/usr/local/bin\" -DTCL_DIR=\"/usr/local/lib/irsim/tcl\" -DPACKAGE_NAME=\"irsim\" -DPACKAGE_TARNAME=\"irsim\" -DPACKAGE_VERSION=\"9.7\" -DPACKAGE_STRING=\"irsim\ 9.7\" -DPACKAGE_BUGREPORT=\"magic-hackers@csl.cornell.edu\" -DPACKAGE_URL=\"\" -DIRSIM_VERSION=\"9.7\" -DIRSIM_REVISION=\"74\" -DSTDC_HEADERS=1 -DHAVE_SYS_TYPES_H=1 -DHAVE_SYS_STAT_H=1 -DHAVE_STDLIB_H=1 -DHAVE_STRING_H=1 -DHAVE_MEMORY_H=1 -DHAVE_STRINGS_H=1 -DHAVE_INTTYPES_H=1 -DHAVE_STDINT_H=1 -DHAVE_UNISTD_H=1 -DSIZEOF_VOID_P=8 -DSIZEOF_UNSIGNED_INT=4 -DSIZEOF_UNSIGNED_LONG=8 -DSIZEOF_UNSIGNED_LONG_LONG=8 -DSIZEOF_VOID_P=8 -DSIZEOF_UNSIGNED_INT=4 -DSIZEOF_UNSIGNED_LONG=8 -DSIZEOF_UNSIGNED_LONG_LONG=8 -DSTDC_HEADERS=1 -DHAVE_SETENV=1 -DHAVE_PUTENV=1 -DHAVE_DIRENT_H=1 -DHAVE_LIMITS_H=1 -DHAVE_VA_COPY=1 -DHAVE___VA_COPY=1 -DFAULT_SIM=1 -DPOWER_EST=1 -DUSER_SUBCKT=1 -DSTATS=1 -DCL_STATS=1 -DRANDOM=1 -DTCLSUBCKT=1 -DTCL_IRSIM=1 -DLINUX=1 -DSYSV=1 -DISC=1 -DSHDLIB_EXT=\".so\" -DNDEBUG -DX11 -DXLIB -DNDEBUG  -c analyzer.c
--- compiling analyzer/defaults.o
rm -f defaults.o
gcc -g -m64 -fPIC -fPIC   -I../base -I. -I..  -DCAD_DIR=\"/usr/local/lib\" -DBIN_DIR=\"/usr/local/bin\" -DTCL_DIR=\"/usr/local/lib/irsim/tcl\" -DPACKAGE_NAME=\"irsim\" -DPACKAGE_TARNAME=\"irsim\" -DPACKAGE_VERSION=\"9.7\" -DPACKAGE_STRING=\"irsim\ 9.7\" -DPACKAGE_BUGREPORT=\"magic-hackers@csl.cornell.edu\" -DPACKAGE_URL=\"\" -DIRSIM_VERSION=\"9.7\" -DIRSIM_REVISION=\"74\" -DSTDC_HEADERS=1 -DHAVE_SYS_TYPES_H=1 -DHAVE_SYS_STAT_H=1 -DHAVE_STDLIB_H=1 -DHAVE_STRING_H=1 -DHAVE_MEMORY_H=1 -DHAVE_STRINGS_H=1 -DHAVE_INTTYPES_H=1 -DHAVE_STDINT_H=1 -DHAVE_UNISTD_H=1 -DSIZEOF_VOID_P=8 -DSIZEOF_UNSIGNED_INT=4 -DSIZEOF_UNSIGNED_LONG=8 -DSIZEOF_UNSIGNED_LONG_LONG=8 -DSIZEOF_VOID_P=8 -DSIZEOF_UNSIGNED_INT=4 -DSIZEOF_UNSIGNED_LONG=8 -DSIZEOF_UNSIGNED_LONG_LONG=8 -DSTDC_HEADERS=1 -DHAVE_SETENV=1 -DHAVE_PUTENV=1 -DHAVE_DIRENT_H=1 -DHAVE_LIMITS_H=1 -DHAVE_VA_COPY=1 -DHAVE___VA_COPY=1 -DFAULT_SIM=1 -DPOWER_EST=1 -DUSER_SUBCKT=1 -DSTATS=1 -DCL_STATS=1 -DRANDOM=1 -DTCLSUBCKT=1 -DTCL_IRSIM=1 -DLINUX=1 -DSYSV=1 -DISC=1 -DSHDLIB_EXT=\".so\" -DNDEBUG -DX11 -DXLIB -DNDEBUG  -c defaults.c
--- compiling analyzer/namelen.o
rm -f namelen.o
gcc -g -m64 -fPIC -fPIC   -I../base -I. -I..  -DCAD_DIR=\"/usr/local/lib\" -DBIN_DIR=\"/usr/local/bin\" -DTCL_DIR=\"/usr/local/lib/irsim/tcl\" -DPACKAGE_NAME=\"irsim\" -DPACKAGE_TARNAME=\"irsim\" -DPACKAGE_VERSION=\"9.7\" -DPACKAGE_STRING=\"irsim\ 9.7\" -DPACKAGE_BUGREPORT=\"magic-hackers@csl.cornell.edu\" -DPACKAGE_URL=\"\" -DIRSIM_VERSION=\"9.7\" -DIRSIM_REVISION=\"74\" -DSTDC_HEADERS=1 -DHAVE_SYS_TYPES_H=1 -DHAVE_SYS_STAT_H=1 -DHAVE_STDLIB_H=1 -DHAVE_STRING_H=1 -DHAVE_MEMORY_H=1 -DHAVE_STRINGS_H=1 -DHAVE_INTTYPES_H=1 -DHAVE_STDINT_H=1 -DHAVE_UNISTD_H=1 -DSIZEOF_VOID_P=8 -DSIZEOF_UNSIGNED_INT=4 -DSIZEOF_UNSIGNED_LONG=8 -DSIZEOF_UNSIGNED_LONG_LONG=8 -DSIZEOF_VOID_P=8 -DSIZEOF_UNSIGNED_INT=4 -DSIZEOF_UNSIGNED_LONG=8 -DSIZEOF_UNSIGNED_LONG_LONG=8 -DSTDC_HEADERS=1 -DHAVE_SETENV=1 -DHAVE_PUTENV=1 -DHAVE_DIRENT_H=1 -DHAVE_LIMITS_H=1 -DHAVE_VA_COPY=1 -DHAVE___VA_COPY=1 -DFAULT_SIM=1 -DPOWER_EST=1 -DUSER_SUBCKT=1 -DSTATS=1 -DCL_STATS=1 -DRANDOM=1 -DTCLSUBCKT=1 -DTCL_IRSIM=1 -DLINUX=1 -DSYSV=1 -DISC=1 -DSHDLIB_EXT=\".so\" -DNDEBUG -DX11 -DXLIB -DNDEBUG  -c namelen.c
--- compiling analyzer/textwind.o
rm -f textwind.o
gcc -g -m64 -fPIC -fPIC   -I../base -I. -I..  -DCAD_DIR=\"/usr/local/lib\" -DBIN_DIR=\"/usr/local/bin\" -DTCL_DIR=\"/usr/local/lib/irsim/tcl\" -DPACKAGE_NAME=\"irsim\" -DPACKAGE_TARNAME=\"irsim\" -DPACKAGE_VERSION=\"9.7\" -DPACKAGE_STRING=\"irsim\ 9.7\" -DPACKAGE_BUGREPORT=\"magic-hackers@csl.cornell.edu\" -DPACKAGE_URL=\"\" -DIRSIM_VERSION=\"9.7\" -DIRSIM_REVISION=\"74\" -DSTDC_HEADERS=1 -DHAVE_SYS_TYPES_H=1 -DHAVE_SYS_STAT_H=1 -DHAVE_STDLIB_H=1 -DHAVE_STRING_H=1 -DHAVE_MEMORY_H=1 -DHAVE_STRINGS_H=1 -DHAVE_INTTYPES_H=1 -DHAVE_STDINT_H=1 -DHAVE_UNISTD_H=1 -DSIZEOF_VOID_P=8 -DSIZEOF_UNSIGNED_INT=4 -DSIZEOF_UNSIGNED_LONG=8 -DSIZEOF_UNSIGNED_LONG_LONG=8 -DSIZEOF_VOID_P=8 -DSIZEOF_UNSIGNED_INT=4 -DSIZEOF_UNSIGNED_LONG=8 -DSIZEOF_UNSIGNED_LONG_LONG=8 -DSTDC_HEADERS=1 -DHAVE_SETENV=1 -DHAVE_PUTENV=1 -DHAVE_DIRENT_H=1 -DHAVE_LIMITS_H=1 -DHAVE_VA_COPY=1 -DHAVE___VA_COPY=1 -DFAULT_SIM=1 -DPOWER_EST=1 -DUSER_SUBCKT=1 -DSTATS=1 -DCL_STATS=1 -DRANDOM=1 -DTCLSUBCKT=1 -DTCL_IRSIM=1 -DLINUX=1 -DSYSV=1 -DISC=1 -DSHDLIB_EXT=\".so\" -DNDEBUG -DX11 -DXLIB -DNDEBUG  -c textwind.c
--- compiling analyzer/zoom.o
rm -f zoom.o
gcc -g -m64 -fPIC -fPIC   -I../base -I. -I..  -DCAD_DIR=\"/usr/local/lib\" -DBIN_DIR=\"/usr/local/bin\" -DTCL_DIR=\"/usr/local/lib/irsim/tcl\" -DPACKAGE_NAME=\"irsim\" -DPACKAGE_TARNAME=\"irsim\" -DPACKAGE_VERSION=\"9.7\" -DPACKAGE_STRING=\"irsim\ 9.7\" -DPACKAGE_BUGREPORT=\"magic-hackers@csl.cornell.edu\" -DPACKAGE_URL=\"\" -DIRSIM_VERSION=\"9.7\" -DIRSIM_REVISION=\"74\" -DSTDC_HEADERS=1 -DHAVE_SYS_TYPES_H=1 -DHAVE_SYS_STAT_H=1 -DHAVE_STDLIB_H=1 -DHAVE_STRING_H=1 -DHAVE_MEMORY_H=1 -DHAVE_STRINGS_H=1 -DHAVE_INTTYPES_H=1 -DHAVE_STDINT_H=1 -DHAVE_UNISTD_H=1 -DSIZEOF_VOID_P=8 -DSIZEOF_UNSIGNED_INT=4 -DSIZEOF_UNSIGNED_LONG=8 -DSIZEOF_UNSIGNED_LONG_LONG=8 -DSIZEOF_VOID_P=8 -DSIZEOF_UNSIGNED_INT=4 -DSIZEOF_UNSIGNED_LONG=8 -DSIZEOF_UNSIGNED_LONG_LONG=8 -DSTDC_HEADERS=1 -DHAVE_SETENV=1 -DHAVE_PUTENV=1 -DHAVE_DIRENT_H=1 -DHAVE_LIMITS_H=1 -DHAVE_VA_COPY=1 -DHAVE___VA_COPY=1 -DFAULT_SIM=1 -DPOWER_EST=1 -DUSER_SUBCKT=1 -DSTATS=1 -DCL_STATS=1 -DRANDOM=1 -DTCLSUBCKT=1 -DTCL_IRSIM=1 -DLINUX=1 -DSYSV=1 -DISC=1 -DSHDLIB_EXT=\".so\" -DNDEBUG -DX11 -DXLIB -DNDEBUG  -c zoom.c
--- compiling analyzer/base.o
rm -f base.o
gcc -g -m64 -fPIC -fPIC   -I../base -I. -I..  -DCAD_DIR=\"/usr/local/lib\" -DBIN_DIR=\"/usr/local/bin\" -DTCL_DIR=\"/usr/local/lib/irsim/tcl\" -DPACKAGE_NAME=\"irsim\" -DPACKAGE_TARNAME=\"irsim\" -DPACKAGE_VERSION=\"9.7\" -DPACKAGE_STRING=\"irsim\ 9.7\" -DPACKAGE_BUGREPORT=\"magic-hackers@csl.cornell.edu\" -DPACKAGE_URL=\"\" -DIRSIM_VERSION=\"9.7\" -DIRSIM_REVISION=\"74\" -DSTDC_HEADERS=1 -DHAVE_SYS_TYPES_H=1 -DHAVE_SYS_STAT_H=1 -DHAVE_STDLIB_H=1 -DHAVE_STRING_H=1 -DHAVE_MEMORY_H=1 -DHAVE_STRINGS_H=1 -DHAVE_INTTYPES_H=1 -DHAVE_STDINT_H=1 -DHAVE_UNISTD_H=1 -DSIZEOF_VOID_P=8 -DSIZEOF_UNSIGNED_INT=4 -DSIZEOF_UNSIGNED_LONG=8 -DSIZEOF_UNSIGNED_LONG_LONG=8 -DSIZEOF_VOID_P=8 -DSIZEOF_UNSIGNED_INT=4 -DSIZEOF_UNSIGNED_LONG=8 -DSIZEOF_UNSIGNED_LONG_LONG=8 -DSTDC_HEADERS=1 -DHAVE_SETENV=1 -DHAVE_PUTENV=1 -DHAVE_DIRENT_H=1 -DHAVE_LIMITS_H=1 -DHAVE_VA_COPY=1 -DHAVE___VA_COPY=1 -DFAULT_SIM=1 -DPOWER_EST=1 -DUSER_SUBCKT=1 -DSTATS=1 -DCL_STATS=1 -DRANDOM=1 -DTCLSUBCKT=1 -DTCL_IRSIM=1 -DLINUX=1 -DSYSV=1 -DISC=1 -DSHDLIB_EXT=\".so\" -DNDEBUG -DX11 -DXLIB -DNDEBUG  -c base.c
--- compiling analyzer/deltaT.o
rm -f deltaT.o
gcc -g -m64 -fPIC -fPIC   -I../base -I. -I..  -DCAD_DIR=\"/usr/local/lib\" -DBIN_DIR=\"/usr/local/bin\" -DTCL_DIR=\"/usr/local/lib/irsim/tcl\" -DPACKAGE_NAME=\"irsim\" -DPACKAGE_TARNAME=\"irsim\" -DPACKAGE_VERSION=\"9.7\" -DPACKAGE_STRING=\"irsim\ 9.7\" -DPACKAGE_BUGREPORT=\"magic-hackers@csl.cornell.edu\" -DPACKAGE_URL=\"\" -DIRSIM_VERSION=\"9.7\" -DIRSIM_REVISION=\"74\" -DSTDC_HEADERS=1 -DHAVE_SYS_TYPES_H=1 -DHAVE_SYS_STAT_H=1 -DHAVE_STDLIB_H=1 -DHAVE_STRING_H=1 -DHAVE_MEMORY_H=1 -DHAVE_STRINGS_H=1 -DHAVE_INTTYPES_H=1 -DHAVE_STDINT_H=1 -DHAVE_UNISTD_H=1 -DSIZEOF_VOID_P=8 -DSIZEOF_UNSIGNED_INT=4 -DSIZEOF_UNSIGNED_LONG=8 -DSIZEOF_UNSIGNED_LONG_LONG=8 -DSIZEOF_VOID_P=8 -DSIZEOF_UNSIGNED_INT=4 -DSIZEOF_UNSIGNED_LONG=8 -DSIZEOF_UNSIGNED_LONG_LONG=8 -DSTDC_HEADERS=1 -DHAVE_SETENV=1 -DHAVE_PUTENV=1 -DHAVE_DIRENT_H=1 -DHAVE_LIMITS_H=1 -DHAVE_VA_COPY=1 -DHAVE___VA_COPY=1 -DFAULT_SIM=1 -DPOWER_EST=1 -DUSER_SUBCKT=1 -DSTATS=1 -DCL_STATS=1 -DRANDOM=1 -DTCLSUBCKT=1 -DTCL_IRSIM=1 -DLINUX=1 -DSYSV=1 -DISC=1 -DSHDLIB_EXT=\".so\" -DNDEBUG -DX11 -DXLIB -DNDEBUG  -c deltaT.c
--- compiling analyzer/postscript.o
rm -f postscript.o
gcc -g -m64 -fPIC -fPIC   -I../base -I. -I..  -DCAD_DIR=\"/usr/local/lib\" -DBIN_DIR=\"/usr/local/bin\" -DTCL_DIR=\"/usr/local/lib/irsim/tcl\" -DPACKAGE_NAME=\"irsim\" -DPACKAGE_TARNAME=\"irsim\" -DPACKAGE_VERSION=\"9.7\" -DPACKAGE_STRING=\"irsim\ 9.7\" -DPACKAGE_BUGREPORT=\"magic-hackers@csl.cornell.edu\" -DPACKAGE_URL=\"\" -DIRSIM_VERSION=\"9.7\" -DIRSIM_REVISION=\"74\" -DSTDC_HEADERS=1 -DHAVE_SYS_TYPES_H=1 -DHAVE_SYS_STAT_H=1 -DHAVE_STDLIB_H=1 -DHAVE_STRING_H=1 -DHAVE_MEMORY_H=1 -DHAVE_STRINGS_H=1 -DHAVE_INTTYPES_H=1 -DHAVE_STDINT_H=1 -DHAVE_UNISTD_H=1 -DSIZEOF_VOID_P=8 -DSIZEOF_UNSIGNED_INT=4 -DSIZEOF_UNSIGNED_LONG=8 -DSIZEOF_UNSIGNED_LONG_LONG=8 -DSIZEOF_VOID_P=8 -DSIZEOF_UNSIGNED_INT=4 -DSIZEOF_UNSIGNED_LONG=8 -DSIZEOF_UNSIGNED_LONG_LONG=8 -DSTDC_HEADERS=1 -DHAVE_SETENV=1 -DHAVE_PUTENV=1 -DHAVE_DIRENT_H=1 -DHAVE_LIMITS_H=1 -DHAVE_VA_COPY=1 -DHAVE___VA_COPY=1 -DFAULT_SIM=1 -DPOWER_EST=1 -DUSER_SUBCKT=1 -DSTATS=1 -DCL_STATS=1 -DRANDOM=1 -DTCLSUBCKT=1 -DTCL_IRSIM=1 -DLINUX=1 -DSYSV=1 -DISC=1 -DSHDLIB_EXT=\".so\" -DNDEBUG -DX11 -DXLIB -DNDEBUG  -c postscript.c
--- compiling analyzer/update.o
rm -f update.o
gcc -g -m64 -fPIC -fPIC   -I../base -I. -I..  -DCAD_DIR=\"/usr/local/lib\" -DBIN_DIR=\"/usr/local/bin\" -DTCL_DIR=\"/usr/local/lib/irsim/tcl\" -DPACKAGE_NAME=\"irsim\" -DPACKAGE_TARNAME=\"irsim\" -DPACKAGE_VERSION=\"9.7\" -DPACKAGE_STRING=\"irsim\ 9.7\" -DPACKAGE_BUGREPORT=\"magic-hackers@csl.cornell.edu\" -DPACKAGE_URL=\"\" -DIRSIM_VERSION=\"9.7\" -DIRSIM_REVISION=\"74\" -DSTDC_HEADERS=1 -DHAVE_SYS_TYPES_H=1 -DHAVE_SYS_STAT_H=1 -DHAVE_STDLIB_H=1 -DHAVE_STRING_H=1 -DHAVE_MEMORY_H=1 -DHAVE_STRINGS_H=1 -DHAVE_INTTYPES_H=1 -DHAVE_STDINT_H=1 -DHAVE_UNISTD_H=1 -DSIZEOF_VOID_P=8 -DSIZEOF_UNSIGNED_INT=4 -DSIZEOF_UNSIGNED_LONG=8 -DSIZEOF_UNSIGNED_LONG_LONG=8 -DSIZEOF_VOID_P=8 -DSIZEOF_UNSIGNED_INT=4 -DSIZEOF_UNSIGNED_LONG=8 -DSIZEOF_UNSIGNED_LONG_LONG=8 -DSTDC_HEADERS=1 -DHAVE_SETENV=1 -DHAVE_PUTENV=1 -DHAVE_DIRENT_H=1 -DHAVE_LIMITS_H=1 -DHAVE_VA_COPY=1 -DHAVE___VA_COPY=1 -DFAULT_SIM=1 -DPOWER_EST=1 -DUSER_SUBCKT=1 -DSTATS=1 -DCL_STATS=1 -DRANDOM=1 -DTCLSUBCKT=1 -DTCL_IRSIM=1 -DLINUX=1 -DSYSV=1 -DISC=1 -DSHDLIB_EXT=\".so\" -DNDEBUG -DX11 -DXLIB -DNDEBUG  -c update.c
--- compiling analyzer/convert.o
rm -f convert.o
gcc -g -m64 -fPIC -fPIC   -I../base -I. -I..  -DCAD_DIR=\"/usr/local/lib\" -DBIN_DIR=\"/usr/local/bin\" -DTCL_DIR=\"/usr/local/lib/irsim/tcl\" -DPACKAGE_NAME=\"irsim\" -DPACKAGE_TARNAME=\"irsim\" -DPACKAGE_VERSION=\"9.7\" -DPACKAGE_STRING=\"irsim\ 9.7\" -DPACKAGE_BUGREPORT=\"magic-hackers@csl.cornell.edu\" -DPACKAGE_URL=\"\" -DIRSIM_VERSION=\"9.7\" -DIRSIM_REVISION=\"74\" -DSTDC_HEADERS=1 -DHAVE_SYS_TYPES_H=1 -DHAVE_SYS_STAT_H=1 -DHAVE_STDLIB_H=1 -DHAVE_STRING_H=1 -DHAVE_MEMORY_H=1 -DHAVE_STRINGS_H=1 -DHAVE_INTTYPES_H=1 -DHAVE_STDINT_H=1 -DHAVE_UNISTD_H=1 -DSIZEOF_VOID_P=8 -DSIZEOF_UNSIGNED_INT=4 -DSIZEOF_UNSIGNED_LONG=8 -DSIZEOF_UNSIGNED_LONG_LONG=8 -DSIZEOF_VOID_P=8 -DSIZEOF_UNSIGNED_INT=4 -DSIZEOF_UNSIGNED_LONG=8 -DSIZEOF_UNSIGNED_LONG_LONG=8 -DSTDC_HEADERS=1 -DHAVE_SETENV=1 -DHAVE_PUTENV=1 -DHAVE_DIRENT_H=1 -DHAVE_LIMITS_H=1 -DHAVE_VA_COPY=1 -DHAVE___VA_COPY=1 -DFAULT_SIM=1 -DPOWER_EST=1 -DUSER_SUBCKT=1 -DSTATS=1 -DCL_STATS=1 -DRANDOM=1 -DTCLSUBCKT=1 -DTCL_IRSIM=1 -DLINUX=1 -DSYSV=1 -DISC=1 -DSHDLIB_EXT=\".so\" -DNDEBUG -DX11 -DXLIB -DNDEBUG  -c convert.c
--- compiling analyzer/movetot.o
rm -f movetot.o
gcc -g -m64 -fPIC -fPIC   -I../base -I. -I..  -DCAD_DIR=\"/usr/local/lib\" -DBIN_DIR=\"/usr/local/bin\" -DTCL_DIR=\"/usr/local/lib/irsim/tcl\" -DPACKAGE_NAME=\"irsim\" -DPACKAGE_TARNAME=\"irsim\" -DPACKAGE_VERSION=\"9.7\" -DPACKAGE_STRING=\"irsim\ 9.7\" -DPACKAGE_BUGREPORT=\"magic-hackers@csl.cornell.edu\" -DPACKAGE_URL=\"\" -DIRSIM_VERSION=\"9.7\" -DIRSIM_REVISION=\"74\" -DSTDC_HEADERS=1 -DHAVE_SYS_TYPES_H=1 -DHAVE_SYS_STAT_H=1 -DHAVE_STDLIB_H=1 -DHAVE_STRING_H=1 -DHAVE_MEMORY_H=1 -DHAVE_STRINGS_H=1 -DHAVE_INTTYPES_H=1 -DHAVE_STDINT_H=1 -DHAVE_UNISTD_H=1 -DSIZEOF_VOID_P=8 -DSIZEOF_UNSIGNED_INT=4 -DSIZEOF_UNSIGNED_LONG=8 -DSIZEOF_UNSIGNED_LONG_LONG=8 -DSIZEOF_VOID_P=8 -DSIZEOF_UNSIGNED_INT=4 -DSIZEOF_UNSIGNED_LONG=8 -DSIZEOF_UNSIGNED_LONG_LONG=8 -DSTDC_HEADERS=1 -DHAVE_SETENV=1 -DHAVE_PUTENV=1 -DHAVE_DIRENT_H=1 -DHAVE_LIMITS_H=1 -DHAVE_VA_COPY=1 -DHAVE___VA_COPY=1 -DFAULT_SIM=1 -DPOWER_EST=1 -DUSER_SUBCKT=1 -DSTATS=1 -DCL_STATS=1 -DRANDOM=1 -DTCLSUBCKT=1 -DTCL_IRSIM=1 -DLINUX=1 -DSYSV=1 -DISC=1 -DSHDLIB_EXT=\".so\" -DNDEBUG -DX11 -DXLIB -DNDEBUG  -c movetot.c
--- compiling analyzer/tkana.o
rm -f tkana.o
gcc -g -m64 -fPIC -fPIC   -I../base -I. -I..  -DCAD_DIR=\"/usr/local/lib\" -DBIN_DIR=\"/usr/local/bin\" -DTCL_DIR=\"/usr/local/lib/irsim/tcl\" -DPACKAGE_NAME=\"irsim\" -DPACKAGE_TARNAME=\"irsim\" -DPACKAGE_VERSION=\"9.7\" -DPACKAGE_STRING=\"irsim\ 9.7\" -DPACKAGE_BUGREPORT=\"magic-hackers@csl.cornell.edu\" -DPACKAGE_URL=\"\" -DIRSIM_VERSION=\"9.7\" -DIRSIM_REVISION=\"74\" -DSTDC_HEADERS=1 -DHAVE_SYS_TYPES_H=1 -DHAVE_SYS_STAT_H=1 -DHAVE_STDLIB_H=1 -DHAVE_STRING_H=1 -DHAVE_MEMORY_H=1 -DHAVE_STRINGS_H=1 -DHAVE_INTTYPES_H=1 -DHAVE_STDINT_H=1 -DHAVE_UNISTD_H=1 -DSIZEOF_VOID_P=8 -DSIZEOF_UNSIGNED_INT=4 -DSIZEOF_UNSIGNED_LONG=8 -DSIZEOF_UNSIGNED_LONG_LONG=8 -DSIZEOF_VOID_P=8 -DSIZEOF_UNSIGNED_INT=4 -DSIZEOF_UNSIGNED_LONG=8 -DSIZEOF_UNSIGNED_LONG_LONG=8 -DSTDC_HEADERS=1 -DHAVE_SETENV=1 -DHAVE_PUTENV=1 -DHAVE_DIRENT_H=1 -DHAVE_LIMITS_H=1 -DHAVE_VA_COPY=1 -DHAVE___VA_COPY=1 -DFAULT_SIM=1 -DPOWER_EST=1 -DUSER_SUBCKT=1 -DSTATS=1 -DCL_STATS=1 -DRANDOM=1 -DTCLSUBCKT=1 -DTCL_IRSIM=1 -DLINUX=1 -DSYSV=1 -DISC=1 -DSHDLIB_EXT=\".so\" -DNDEBUG -DX11 -DXLIB -DNDEBUG  -c tkana.c
--- compiling analyzer/window.o
rm -f window.o
gcc -g -m64 -fPIC -fPIC   -I../base -I. -I..  -DCAD_DIR=\"/usr/local/lib\" -DBIN_DIR=\"/usr/local/bin\" -DTCL_DIR=\"/usr/local/lib/irsim/tcl\" -DPACKAGE_NAME=\"irsim\" -DPACKAGE_TARNAME=\"irsim\" -DPACKAGE_VERSION=\"9.7\" -DPACKAGE_STRING=\"irsim\ 9.7\" -DPACKAGE_BUGREPORT=\"magic-hackers@csl.cornell.edu\" -DPACKAGE_URL=\"\" -DIRSIM_VERSION=\"9.7\" -DIRSIM_REVISION=\"74\" -DSTDC_HEADERS=1 -DHAVE_SYS_TYPES_H=1 -DHAVE_SYS_STAT_H=1 -DHAVE_STDLIB_H=1 -DHAVE_STRING_H=1 -DHAVE_MEMORY_H=1 -DHAVE_STRINGS_H=1 -DHAVE_INTTYPES_H=1 -DHAVE_STDINT_H=1 -DHAVE_UNISTD_H=1 -DSIZEOF_VOID_P=8 -DSIZEOF_UNSIGNED_INT=4 -DSIZEOF_UNSIGNED_LONG=8 -DSIZEOF_UNSIGNED_LONG_LONG=8 -DSIZEOF_VOID_P=8 -DSIZEOF_UNSIGNED_INT=4 -DSIZEOF_UNSIGNED_LONG=8 -DSIZEOF_UNSIGNED_LONG_LONG=8 -DSTDC_HEADERS=1 -DHAVE_SETENV=1 -DHAVE_PUTENV=1 -DHAVE_DIRENT_H=1 -DHAVE_LIMITS_H=1 -DHAVE_VA_COPY=1 -DHAVE___VA_COPY=1 -DFAULT_SIM=1 -DPOWER_EST=1 -DUSER_SUBCKT=1 -DSTATS=1 -DCL_STATS=1 -DRANDOM=1 -DTCLSUBCKT=1 -DTCL_IRSIM=1 -DLINUX=1 -DSYSV=1 -DISC=1 -DSHDLIB_EXT=\".so\" -DNDEBUG -DX11 -DXLIB -DNDEBUG  -c window.c
--- linking libanalyzer.o
rm -f libanalyzer.o
ld -r coords.o graphics.o movetrace.o setsteps.o analyzer.o defaults.o namelen.o textwind.o zoom.o base.o deltaT.o postscript.o update.o convert.o movetot.o tkana.o window.o -o libanalyzer.o 
make[2]: Leaving directory `/home/tim/gitsrc/irsim-9.7/analyzer'
make[2]: Entering directory `/home/tim/gitsrc/irsim-9.7/faultsim'
--- compiling faultsim/faultsim.o
rm -f faultsim.o
gcc -g -m64 -fPIC -fPIC  -I../base -I. -I..  -DCAD_DIR=\"/usr/local/lib\" -DBIN_DIR=\"/usr/local/bin\" -DTCL_DIR=\"/usr/local/lib/irsim/tcl\" -DPACKAGE_NAME=\"irsim\" -DPACKAGE_TARNAME=\"irsim\" -DPACKAGE_VERSION=\"9.7\" -DPACKAGE_STRING=\"irsim\ 9.7\" -DPACKAGE_BUGREPORT=\"magic-hackers@csl.cornell.edu\" -DPACKAGE_URL=\"\" -DIRSIM_VERSION=\"9.7\" -DIRSIM_REVISION=\"74\" -DSTDC_HEADERS=1 -DHAVE_SYS_TYPES_H=1 -DHAVE_SYS_STAT_H=1 -DHAVE_STDLIB_H=1 -DHAVE_STRING_H=1 -DHAVE_MEMORY_H=1 -DHAVE_STRINGS_H=1 -DHAVE_INTTYPES_H=1 -DHAVE_STDINT_H=1 -DHAVE_UNISTD_H=1 -DSIZEOF_VOID_P=8 -DSIZEOF_UNSIGNED_INT=4 -DSIZEOF_UNSIGNED_LONG=8 -DSIZEOF_UNSIGNED_LONG_LONG=8 -DSIZEOF_VOID_P=8 -DSIZEOF_UNSIGNED_INT=4 -DSIZEOF_UNSIGNED_LONG=8 -DSIZEOF_UNSIGNED_LONG_LONG=8 -DSTDC_HEADERS=1 -DHAVE_SETENV=1 -DHAVE_PUTENV=1 -DHAVE_DIRENT_H=1 -DHAVE_LIMITS_H=1 -DHAVE_VA_COPY=1 -DHAVE___VA_COPY=1 -DFAULT_SIM=1 -DPOWER_EST=1 -DUSER_SUBCKT=1 -DSTATS=1 -DCL_STATS=1 -DRANDOM=1 -DTCLSUBCKT=1 -DTCL_IRSIM=1 -DLINUX=1 -DSYSV=1 -DISC=1 -DSHDLIB_EXT=\".so\" -DNDEBUG  -c faultsim.c
--- compiling faultsim/incsim.o
rm -f incsim.o
gcc -g -m64 -fPIC -fPIC  -I../base -I. -I..  -DCAD_DIR=\"/usr/local/lib\" -DBIN_DIR=\"/usr/local/bin\" -DTCL_DIR=\"/usr/local/lib/irsim/tcl\" -DPACKAGE_NAME=\"irsim\" -DPACKAGE_TARNAME=\"irsim\" -DPACKAGE_VERSION=\"9.7\" -DPACKAGE_STRING=\"irsim\ 9.7\" -DPACKAGE_BUGREPORT=\"magic-hackers@csl.cornell.edu\" -DPACKAGE_URL=\"\" -DIRSIM_VERSION=\"9.7\" -DIRSIM_REVISION=\"74\" -DSTDC_HEADERS=1 -DHAVE_SYS_TYPES_H=1 -DHAVE_SYS_STAT_H=1 -DHAVE_STDLIB_H=1 -DHAVE_STRING_H=1 -DHAVE_MEMORY_H=1 -DHAVE_STRINGS_H=1 -DHAVE_INTTYPES_H=1 -DHAVE_STDINT_H=1 -DHAVE_UNISTD_H=1 -DSIZEOF_VOID_P=8 -DSIZEOF_UNSIGNED_INT=4 -DSIZEOF_UNSIGNED_LONG=8 -DSIZEOF_UNSIGNED_LONG_LONG=8 -DSIZEOF_VOID_P=8 -DSIZEOF_UNSIGNED_INT=4 -DSIZEOF_UNSIGNED_LONG=8 -DSIZEOF_UNSIGNED_LONG_LONG=8 -DSTDC_HEADERS=1 -DHAVE_SETENV=1 -DHAVE_PUTENV=1 -DHAVE_DIRENT_H=1 -DHAVE_LIMITS_H=1 -DHAVE_VA_COPY=1 -DHAVE___VA_COPY=1 -DFAULT_SIM=1 -DPOWER_EST=1 -DUSER_SUBCKT=1 -DSTATS=1 -DCL_STATS=1 -DRANDOM=1 -DTCLSUBCKT=1 -DTCL_IRSIM=1 -DLINUX=1 -DSYSV=1 -DISC=1 -DSHDLIB_EXT=\".so\" -DNDEBUG  -c incsim.c
--- linking libfaultsim.o
rm -f libfaultsim.o
ld -r faultsim.o incsim.o  -o libfaultsim.o 
make[2]: Leaving directory `/home/tim/gitsrc/irsim-9.7/faultsim'
make[2]: Entering directory `/home/tim/gitsrc/irsim-9.7/usersubckt'
--- compiling usersubckt/subckt.o
rm -f subckt.o
gcc -g -m64 -fPIC -fPIC  -I../base -I. -I..  -DCAD_DIR=\"/usr/local/lib\" -DBIN_DIR=\"/usr/local/bin\" -DTCL_DIR=\"/usr/local/lib/irsim/tcl\" -DPACKAGE_NAME=\"irsim\" -DPACKAGE_TARNAME=\"irsim\" -DPACKAGE_VERSION=\"9.7\" -DPACKAGE_STRING=\"irsim\ 9.7\" -DPACKAGE_BUGREPORT=\"magic-hackers@csl.cornell.edu\" -DPACKAGE_URL=\"\" -DIRSIM_VERSION=\"9.7\" -DIRSIM_REVISION=\"74\" -DSTDC_HEADERS=1 -DHAVE_SYS_TYPES_H=1 -DHAVE_SYS_STAT_H=1 -DHAVE_STDLIB_H=1 -DHAVE_STRING_H=1 -DHAVE_MEMORY_H=1 -DHAVE_STRINGS_H=1 -DHAVE_INTTYPES_H=1 -DHAVE_STDINT_H=1 -DHAVE_UNISTD_H=1 -DSIZEOF_VOID_P=8 -DSIZEOF_UNSIGNED_INT=4 -DSIZEOF_UNSIGNED_LONG=8 -DSIZEOF_UNSIGNED_LONG_LONG=8 -DSIZEOF_VOID_P=8 -DSIZEOF_UNSIGNED_INT=4 -DSIZEOF_UNSIGNED_LONG=8 -DSIZEOF_UNSIGNED_LONG_LONG=8 -DSTDC_HEADERS=1 -DHAVE_SETENV=1 -DHAVE_PUTENV=1 -DHAVE_DIRENT_H=1 -DHAVE_LIMITS_H=1 -DHAVE_VA_COPY=1 -DHAVE___VA_COPY=1 -DFAULT_SIM=1 -DPOWER_EST=1 -DUSER_SUBCKT=1 -DSTATS=1 -DCL_STATS=1 -DRANDOM=1 -DTCLSUBCKT=1 -DTCL_IRSIM=1 -DLINUX=1 -DSYSV=1 -DISC=1 -DSHDLIB_EXT=\".so\" -DNDEBUG  -c subckt.c
subckt.c: In function 'subckt_instantiate':
subckt.c:141:16: warning: incompatible implicit declaration of built-in function 'strdup' [enabled by default]
subckt.c: In function 'subckt_model_C':
subckt.c:298:7: warning: incompatible implicit declaration of built-in function 'strlen' [enabled by default]
subckt.c: In function 'newsubckt':
subckt.c:416:34: warning: incompatible implicit declaration of built-in function 'strlen' [enabled by default]
subckt.c:457:2: warning: incompatible implicit declaration of built-in function 'bzero' [enabled by default]
--- compiling usersubckt/user.o
rm -f user.o
gcc -g -m64 -fPIC -fPIC  -I../base -I. -I..  -DCAD_DIR=\"/usr/local/lib\" -DBIN_DIR=\"/usr/local/bin\" -DTCL_DIR=\"/usr/local/lib/irsim/tcl\" -DPACKAGE_NAME=\"irsim\" -DPACKAGE_TARNAME=\"irsim\" -DPACKAGE_VERSION=\"9.7\" -DPACKAGE_STRING=\"irsim\ 9.7\" -DPACKAGE_BUGREPORT=\"magic-hackers@csl.cornell.edu\" -DPACKAGE_URL=\"\" -DIRSIM_VERSION=\"9.7\" -DIRSIM_REVISION=\"74\" -DSTDC_HEADERS=1 -DHAVE_SYS_TYPES_H=1 -DHAVE_SYS_STAT_H=1 -DHAVE_STDLIB_H=1 -DHAVE_STRING_H=1 -DHAVE_MEMORY_H=1 -DHAVE_STRINGS_H=1 -DHAVE_INTTYPES_H=1 -DHAVE_STDINT_H=1 -DHAVE_UNISTD_H=1 -DSIZEOF_VOID_P=8 -DSIZEOF_UNSIGNED_INT=4 -DSIZEOF_UNSIGNED_LONG=8 -DSIZEOF_UNSIGNED_LONG_LONG=8 -DSIZEOF_VOID_P=8 -DSIZEOF_UNSIGNED_INT=4 -DSIZEOF_UNSIGNED_LONG=8 -DSIZEOF_UNSIGNED_LONG_LONG=8 -DSTDC_HEADERS=1 -DHAVE_SETENV=1 -DHAVE_PUTENV=1 -DHAVE_DIRENT_H=1 -DHAVE_LIMITS_H=1 -DHAVE_VA_COPY=1 -DHAVE___VA_COPY=1 -DFAULT_SIM=1 -DPOWER_EST=1 -DUSER_SUBCKT=1 -DSTATS=1 -DCL_STATS=1 -DRANDOM=1 -DTCLSUBCKT=1 -DTCL_IRSIM=1 -DLINUX=1 -DSYSV=1 -DISC=1 -DSHDLIB_EXT=\".so\" -DNDEBUG  -c user.c
--- linking libusersubckt.o
rm -f libusersubckt.o
ld -r subckt.o user.o  -o libusersubckt.o 
make[2]: Leaving directory `/home/tim/gitsrc/irsim-9.7/usersubckt'
make[2]: Entering directory `/home/tim/gitsrc/irsim-9.7/tcltk'
--- compiling tcltk/tclirsim.o
rm -f tclirsim.o
gcc -g -m64 -fPIC -fPIC  -I../base -I../analyzer -I. -I..  -DCAD_DIR=\"/usr/local/lib\" -DBIN_DIR=\"/usr/local/bin\" -DTCL_DIR=\"/usr/local/lib/irsim/tcl\" -DPACKAGE_NAME=\"irsim\" -DPACKAGE_TARNAME=\"irsim\" -DPACKAGE_VERSION=\"9.7\" -DPACKAGE_STRING=\"irsim\ 9.7\" -DPACKAGE_BUGREPORT=\"magic-hackers@csl.cornell.edu\" -DPACKAGE_URL=\"\" -DIRSIM_VERSION=\"9.7\" -DIRSIM_REVISION=\"74\" -DSTDC_HEADERS=1 -DHAVE_SYS_TYPES_H=1 -DHAVE_SYS_STAT_H=1 -DHAVE_STDLIB_H=1 -DHAVE_STRING_H=1 -DHAVE_MEMORY_H=1 -DHAVE_STRINGS_H=1 -DHAVE_INTTYPES_H=1 -DHAVE_STDINT_H=1 -DHAVE_UNISTD_H=1 -DSIZEOF_VOID_P=8 -DSIZEOF_UNSIGNED_INT=4 -DSIZEOF_UNSIGNED_LONG=8 -DSIZEOF_UNSIGNED_LONG_LONG=8 -DSIZEOF_VOID_P=8 -DSIZEOF_UNSIGNED_INT=4 -DSIZEOF_UNSIGNED_LONG=8 -DSIZEOF_UNSIGNED_LONG_LONG=8 -DSTDC_HEADERS=1 -DHAVE_SETENV=1 -DHAVE_PUTENV=1 -DHAVE_DIRENT_H=1 -DHAVE_LIMITS_H=1 -DHAVE_VA_COPY=1 -DHAVE___VA_COPY=1 -DFAULT_SIM=1 -DPOWER_EST=1 -DUSER_SUBCKT=1 -DSTATS=1 -DCL_STATS=1 -DRANDOM=1 -DTCLSUBCKT=1 -DTCL_IRSIM=1 -DLINUX=1 -DSYSV=1 -DISC=1 -DSHDLIB_EXT=\".so\" -DNDEBUG -DIRSIM_DATE="\"`date`\""  -c tclirsim.c
--- compiling tcltk/tclanalyzer.o
rm -f tclanalyzer.o
gcc -g -m64 -fPIC -fPIC  -I../base -I../analyzer -I. -I..  -DCAD_DIR=\"/usr/local/lib\" -DBIN_DIR=\"/usr/local/bin\" -DTCL_DIR=\"/usr/local/lib/irsim/tcl\" -DPACKAGE_NAME=\"irsim\" -DPACKAGE_TARNAME=\"irsim\" -DPACKAGE_VERSION=\"9.7\" -DPACKAGE_STRING=\"irsim\ 9.7\" -DPACKAGE_BUGREPORT=\"magic-hackers@csl.cornell.edu\" -DPACKAGE_URL=\"\" -DIRSIM_VERSION=\"9.7\" -DIRSIM_REVISION=\"74\" -DSTDC_HEADERS=1 -DHAVE_SYS_TYPES_H=1 -DHAVE_SYS_STAT_H=1 -DHAVE_STDLIB_H=1 -DHAVE_STRING_H=1 -DHAVE_MEMORY_H=1 -DHAVE_STRINGS_H=1 -DHAVE_INTTYPES_H=1 -DHAVE_STDINT_H=1 -DHAVE_UNISTD_H=1 -DSIZEOF_VOID_P=8 -DSIZEOF_UNSIGNED_INT=4 -DSIZEOF_UNSIGNED_LONG=8 -DSIZEOF_UNSIGNED_LONG_LONG=8 -DSIZEOF_VOID_P=8 -DSIZEOF_UNSIGNED_INT=4 -DSIZEOF_UNSIGNED_LONG=8 -DSIZEOF_UNSIGNED_LONG_LONG=8 -DSTDC_HEADERS=1 -DHAVE_SETENV=1 -DHAVE_PUTENV=1 -DHAVE_DIRENT_H=1 -DHAVE_LIMITS_H=1 -DHAVE_VA_COPY=1 -DHAVE___VA_COPY=1 -DFAULT_SIM=1 -DPOWER_EST=1 -DUSER_SUBCKT=1 -DSTATS=1 -DCL_STATS=1 -DRANDOM=1 -DTCLSUBCKT=1 -DTCL_IRSIM=1 -DLINUX=1 -DSYSV=1 -DISC=1 -DSHDLIB_EXT=\".so\" -DNDEBUG -DIRSIM_DATE="\"`date`\""  -c tclanalyzer.c
--- compiling tcltk/lookup.o
rm -f lookup.o
gcc -g -m64 -fPIC -fPIC  -I../base -I../analyzer -I. -I..  -DCAD_DIR=\"/usr/local/lib\" -DBIN_DIR=\"/usr/local/bin\" -DTCL_DIR=\"/usr/local/lib/irsim/tcl\" -DPACKAGE_NAME=\"irsim\" -DPACKAGE_TARNAME=\"irsim\" -DPACKAGE_VERSION=\"9.7\" -DPACKAGE_STRING=\"irsim\ 9.7\" -DPACKAGE_BUGREPORT=\"magic-hackers@csl.cornell.edu\" -DPACKAGE_URL=\"\" -DIRSIM_VERSION=\"9.7\" -DIRSIM_REVISION=\"74\" -DSTDC_HEADERS=1 -DHAVE_SYS_TYPES_H=1 -DHAVE_SYS_STAT_H=1 -DHAVE_STDLIB_H=1 -DHAVE_STRING_H=1 -DHAVE_MEMORY_H=1 -DHAVE_STRINGS_H=1 -DHAVE_INTTYPES_H=1 -DHAVE_STDINT_H=1 -DHAVE_UNISTD_H=1 -DSIZEOF_VOID_P=8 -DSIZEOF_UNSIGNED_INT=4 -DSIZEOF_UNSIGNED_LONG=8 -DSIZEOF_UNSIGNED_LONG_LONG=8 -DSIZEOF_VOID_P=8 -DSIZEOF_UNSIGNED_INT=4 -DSIZEOF_UNSIGNED_LONG=8 -DSIZEOF_UNSIGNED_LONG_LONG=8 -DSTDC_HEADERS=1 -DHAVE_SETENV=1 -DHAVE_PUTENV=1 -DHAVE_DIRENT_H=1 -DHAVE_LIMITS_H=1 -DHAVE_VA_COPY=1 -DHAVE___VA_COPY=1 -DFAULT_SIM=1 -DPOWER_EST=1 -DUSER_SUBCKT=1 -DSTATS=1 -DCL_STATS=1 -DRANDOM=1 -DTCLSUBCKT=1 -DTCL_IRSIM=1 -DLINUX=1 -DSYSV=1 -DISC=1 -DSHDLIB_EXT=\".so\" -DNDEBUG -DIRSIM_DATE="\"`date`\""  -c lookup.c
--- compiling tcltk/tkAnalyzer.o
rm -f tkAnalyzer.o
gcc -g -m64 -fPIC -fPIC  -I../base -I../analyzer -I. -I..  -DCAD_DIR=\"/usr/local/lib\" -DBIN_DIR=\"/usr/local/bin\" -DTCL_DIR=\"/usr/local/lib/irsim/tcl\" -DPACKAGE_NAME=\"irsim\" -DPACKAGE_TARNAME=\"irsim\" -DPACKAGE_VERSION=\"9.7\" -DPACKAGE_STRING=\"irsim\ 9.7\" -DPACKAGE_BUGREPORT=\"magic-hackers@csl.cornell.edu\" -DPACKAGE_URL=\"\" -DIRSIM_VERSION=\"9.7\" -DIRSIM_REVISION=\"74\" -DSTDC_HEADERS=1 -DHAVE_SYS_TYPES_H=1 -DHAVE_SYS_STAT_H=1 -DHAVE_STDLIB_H=1 -DHAVE_STRING_H=1 -DHAVE_MEMORY_H=1 -DHAVE_STRINGS_H=1 -DHAVE_INTTYPES_H=1 -DHAVE_STDINT_H=1 -DHAVE_UNISTD_H=1 -DSIZEOF_VOID_P=8 -DSIZEOF_UNSIGNED_INT=4 -DSIZEOF_UNSIGNED_LONG=8 -DSIZEOF_UNSIGNED_LONG_LONG=8 -DSIZEOF_VOID_P=8 -DSIZEOF_UNSIGNED_INT=4 -DSIZEOF_UNSIGNED_LONG=8 -DSIZEOF_UNSIGNED_LONG_LONG=8 -DSTDC_HEADERS=1 -DHAVE_SETENV=1 -DHAVE_PUTENV=1 -DHAVE_DIRENT_H=1 -DHAVE_LIMITS_H=1 -DHAVE_VA_COPY=1 -DHAVE___VA_COPY=1 -DFAULT_SIM=1 -DPOWER_EST=1 -DUSER_SUBCKT=1 -DSTATS=1 -DCL_STATS=1 -DRANDOM=1 -DTCLSUBCKT=1 -DTCL_IRSIM=1 -DLINUX=1 -DSYSV=1 -DISC=1 -DSHDLIB_EXT=\".so\" -DNDEBUG -DIRSIM_DATE="\"`date`\""  -c tkAnalyzer.c
--- compiling tcltk/tkTag.o
rm -f tkTag.o
gcc -g -m64 -fPIC -fPIC  -I../base -I../analyzer -I. -I..  -DCAD_DIR=\"/usr/local/lib\" -DBIN_DIR=\"/usr/local/bin\" -DTCL_DIR=\"/usr/local/lib/irsim/tcl\" -DPACKAGE_NAME=\"irsim\" -DPACKAGE_TARNAME=\"irsim\" -DPACKAGE_VERSION=\"9.7\" -DPACKAGE_STRING=\"irsim\ 9.7\" -DPACKAGE_BUGREPORT=\"magic-hackers@csl.cornell.edu\" -DPACKAGE_URL=\"\" -DIRSIM_VERSION=\"9.7\" -DIRSIM_REVISION=\"74\" -DSTDC_HEADERS=1 -DHAVE_SYS_TYPES_H=1 -DHAVE_SYS_STAT_H=1 -DHAVE_STDLIB_H=1 -DHAVE_STRING_H=1 -DHAVE_MEMORY_H=1 -DHAVE_STRINGS_H=1 -DHAVE_INTTYPES_H=1 -DHAVE_STDINT_H=1 -DHAVE_UNISTD_H=1 -DSIZEOF_VOID_P=8 -DSIZEOF_UNSIGNED_INT=4 -DSIZEOF_UNSIGNED_LONG=8 -DSIZEOF_UNSIGNED_LONG_LONG=8 -DSIZEOF_VOID_P=8 -DSIZEOF_UNSIGNED_INT=4 -DSIZEOF_UNSIGNED_LONG=8 -DSIZEOF_UNSIGNED_LONG_LONG=8 -DSTDC_HEADERS=1 -DHAVE_SETENV=1 -DHAVE_PUTENV=1 -DHAVE_DIRENT_H=1 -DHAVE_LIMITS_H=1 -DHAVE_VA_COPY=1 -DHAVE___VA_COPY=1 -DFAULT_SIM=1 -DPOWER_EST=1 -DUSER_SUBCKT=1 -DSTATS=1 -DCL_STATS=1 -DRANDOM=1 -DTCLSUBCKT=1 -DTCL_IRSIM=1 -DLINUX=1 -DSYSV=1 -DISC=1 -DSHDLIB_EXT=\".so\" -DNDEBUG -DIRSIM_DATE="\"`date`\""  -c tkTag.c
--- linking libtcltk.o
rm -f libtcltk.o
ld -r tclirsim.o tclanalyzer.o lookup.o tkAnalyzer.o tkTag.o  -o libtcltk.o 
make[2]: Leaving directory `/home/tim/gitsrc/irsim-9.7/tcltk'
--- making Tcl shared-object libraries
for dir in irsim random tclsubckt tcltk; do \
	(cd $dir && make tcl-main); done
make[2]: Entering directory `/home/tim/gitsrc/irsim-9.7/irsim'
--- making irsim Tcl library (tclirsim.so)
rm -f tclirsim.so
gcc -g -m64 -fPIC -fPIC  -I../base -I. -I..  -o tclirsim.so -shared -Wl,-soname,tclirsim.so -Wl,--version-script=../irsim/symbol.map  \
	../analyzer/libanalyzer.o ../base/libbase.o ../faultsim/libfaultsim.o ../usersubckt/libusersubckt.o ../tcltk/libtcltk.o -lc -lX11  -lm 
make[2]: Leaving directory `/home/tim/gitsrc/irsim-9.7/irsim'
make[2]: Entering directory `/home/tim/gitsrc/irsim-9.7/random'
gcc -g -m64 -fPIC -fPIC  -I. -I..  -DCAD_DIR=\"/usr/local/lib\" -DBIN_DIR=\"/usr/local/bin\" -DTCL_DIR=\"/usr/local/lib/irsim/tcl\" -DPACKAGE_NAME=\"irsim\" -DPACKAGE_TARNAME=\"irsim\" -DPACKAGE_VERSION=\"9.7\" -DPACKAGE_STRING=\"irsim\ 9.7\" -DPACKAGE_BUGREPORT=\"magic-hackers@csl.cornell.edu\" -DPACKAGE_URL=\"\" -DIRSIM_VERSION=\"9.7\" -DIRSIM_REVISION=\"74\" -DSTDC_HEADERS=1 -DHAVE_SYS_TYPES_H=1 -DHAVE_SYS_STAT_H=1 -DHAVE_STDLIB_H=1 -DHAVE_STRING_H=1 -DHAVE_MEMORY_H=1 -DHAVE_STRINGS_H=1 -DHAVE_INTTYPES_H=1 -DHAVE_STDINT_H=1 -DHAVE_UNISTD_H=1 -DSIZEOF_VOID_P=8 -DSIZEOF_UNSIGNED_INT=4 -DSIZEOF_UNSIGNED_LONG=8 -DSIZEOF_UNSIGNED_LONG_LONG=8 -DSIZEOF_VOID_P=8 -DSIZEOF_UNSIGNED_INT=4 -DSIZEOF_UNSIGNED_LONG=8 -DSIZEOF_UNSIGNED_LONG_LONG=8 -DSTDC_HEADERS=1 -DHAVE_SETENV=1 -DHAVE_PUTENV=1 -DHAVE_DIRENT_H=1 -DHAVE_LIMITS_H=1 -DHAVE_VA_COPY=1 -DHAVE___VA_COPY=1 -DFAULT_SIM=1 -DPOWER_EST=1 -DUSER_SUBCKT=1 -DSTATS=1 -DCL_STATS=1 -DRANDOM=1 -DTCLSUBCKT=1 -DTCL_IRSIM=1 -DLINUX=1 -DSYSV=1 -DISC=1 -DSHDLIB_EXT=\".so\" -DNDEBUG random.c -c -o randwrap.o
--- making random Tcl library
rm -f random.so
gcc -g -m64 -fPIC -fPIC  -I. -I..  -o random.so -shared -Wl,-soname,random.so -Wl,--version-script=../irsim/symbol.map randwrap.o \
	 -lc -lm  
make[2]: Leaving directory `/home/tim/gitsrc/irsim-9.7/random'
make[2]: Entering directory `/home/tim/gitsrc/irsim-9.7/tclsubckt'
../rules.mak:41: Depend: No such file or directory
gcc -g -m64 -fPIC -fPIC  -I../base -I. -I..  -DCAD_DIR=\"/usr/local/lib\" -DBIN_DIR=\"/usr/local/bin\" -DTCL_DIR=\"/usr/local/lib/irsim/tcl\" -DPACKAGE_NAME=\"irsim\" -DPACKAGE_TARNAME=\"irsim\" -DPACKAGE_VERSION=\"9.7\" -DPACKAGE_STRING=\"irsim\ 9.7\" -DPACKAGE_BUGREPORT=\"magic-hackers@csl.cornell.edu\" -DPACKAGE_URL=\"\" -DIRSIM_VERSION=\"9.7\" -DIRSIM_REVISION=\"74\" -DSTDC_HEADERS=1 -DHAVE_SYS_TYPES_H=1 -DHAVE_SYS_STAT_H=1 -DHAVE_STDLIB_H=1 -DHAVE_STRING_H=1 -DHAVE_MEMORY_H=1 -DHAVE_STRINGS_H=1 -DHAVE_INTTYPES_H=1 -DHAVE_STDINT_H=1 -DHAVE_UNISTD_H=1 -DSIZEOF_VOID_P=8 -DSIZEOF_UNSIGNED_INT=4 -DSIZEOF_UNSIGNED_LONG=8 -DSIZEOF_UNSIGNED_LONG_LONG=8 -DSIZEOF_VOID_P=8 -DSIZEOF_UNSIGNED_INT=4 -DSIZEOF_UNSIGNED_LONG=8 -DSIZEOF_UNSIGNED_LONG_LONG=8 -DSTDC_HEADERS=1 -DHAVE_SETENV=1 -DHAVE_PUTENV=1 -DHAVE_DIRENT_H=1 -DHAVE_LIMITS_H=1 -DHAVE_VA_COPY=1 -DHAVE___VA_COPY=1 -DFAULT_SIM=1 -DPOWER_EST=1 -DUSER_SUBCKT=1 -DSTATS=1 -DCL_STATS=1 -DRANDOM=1 -DTCLSUBCKT=1 -DTCL_IRSIM=1 -DLINUX=1 -DSYSV=1 -DISC=1 -DSHDLIB_EXT=\".so\" -DNDEBUG -MM diglib.c | \
sed -e "/#/D" -e "/ \//s/ \/.*\.h//" -e "/  \\\/D" \
> Depend
make[2]: Leaving directory `/home/tim/gitsrc/irsim-9.7/tclsubckt'
make[2]: Entering directory `/home/tim/gitsrc/irsim-9.7/tclsubckt'
gcc -g -m64 -fPIC -fPIC  -I../base -I. -I..  -DCAD_DIR=\"/usr/local/lib\" -DBIN_DIR=\"/usr/local/bin\" -DTCL_DIR=\"/usr/local/lib/irsim/tcl\" -DPACKAGE_NAME=\"irsim\" -DPACKAGE_TARNAME=\"irsim\" -DPACKAGE_VERSION=\"9.7\" -DPACKAGE_STRING=\"irsim\ 9.7\" -DPACKAGE_BUGREPORT=\"magic-hackers@csl.cornell.edu\" -DPACKAGE_URL=\"\" -DIRSIM_VERSION=\"9.7\" -DIRSIM_REVISION=\"74\" -DSTDC_HEADERS=1 -DHAVE_SYS_TYPES_H=1 -DHAVE_SYS_STAT_H=1 -DHAVE_STDLIB_H=1 -DHAVE_STRING_H=1 -DHAVE_MEMORY_H=1 -DHAVE_STRINGS_H=1 -DHAVE_INTTYPES_H=1 -DHAVE_STDINT_H=1 -DHAVE_UNISTD_H=1 -DSIZEOF_VOID_P=8 -DSIZEOF_UNSIGNED_INT=4 -DSIZEOF_UNSIGNED_LONG=8 -DSIZEOF_UNSIGNED_LONG_LONG=8 -DSIZEOF_VOID_P=8 -DSIZEOF_UNSIGNED_INT=4 -DSIZEOF_UNSIGNED_LONG=8 -DSIZEOF_UNSIGNED_LONG_LONG=8 -DSTDC_HEADERS=1 -DHAVE_SETENV=1 -DHAVE_PUTENV=1 -DHAVE_DIRENT_H=1 -DHAVE_LIMITS_H=1 -DHAVE_VA_COPY=1 -DHAVE___VA_COPY=1 -DFAULT_SIM=1 -DPOWER_EST=1 -DUSER_SUBCKT=1 -DSTATS=1 -DCL_STATS=1 -DRANDOM=1 -DTCLSUBCKT=1 -DTCL_IRSIM=1 -DLINUX=1 -DSYSV=1 -DISC=1 -DSHDLIB_EXT=\".so\" -DNDEBUG diglib.c -c -o diglib.o
--- making diglib subcircuit shared library
rm -f diglib.so
gcc -g -m64 -fPIC -fPIC  -I../base -I. -I..  -o diglib.so -shared -Wl,-soname,diglib.so -Wl,--version-script=../irsim/symbol.map diglib.o \
	 -lc -lm  
make[2]: Leaving directory `/home/tim/gitsrc/irsim-9.7/tclsubckt'
make[2]: Entering directory `/home/tim/gitsrc/irsim-9.7/tcltk'
gcc -g -m64 -fPIC -fPIC  -I../base -I../analyzer -I. -I..  -DCAD_DIR=\"/usr/local/lib\" -DBIN_DIR=\"/usr/local/bin\" -DTCL_DIR=\"/usr/local/lib/irsim/tcl\" -DPACKAGE_NAME=\"irsim\" -DPACKAGE_TARNAME=\"irsim\" -DPACKAGE_VERSION=\"9.7\" -DPACKAGE_STRING=\"irsim\ 9.7\" -DPACKAGE_BUGREPORT=\"magic-hackers@csl.cornell.edu\" -DPACKAGE_URL=\"\" -DIRSIM_VERSION=\"9.7\" -DIRSIM_REVISION=\"74\" -DSTDC_HEADERS=1 -DHAVE_SYS_TYPES_H=1 -DHAVE_SYS_STAT_H=1 -DHAVE_STDLIB_H=1 -DHAVE_STRING_H=1 -DHAVE_MEMORY_H=1 -DHAVE_STRINGS_H=1 -DHAVE_INTTYPES_H=1 -DHAVE_STDINT_H=1 -DHAVE_UNISTD_H=1 -DSIZEOF_VOID_P=8 -DSIZEOF_UNSIGNED_INT=4 -DSIZEOF_UNSIGNED_LONG=8 -DSIZEOF_UNSIGNED_LONG_LONG=8 -DSIZEOF_VOID_P=8 -DSIZEOF_UNSIGNED_INT=4 -DSIZEOF_UNSIGNED_LONG=8 -DSIZEOF_UNSIGNED_LONG_LONG=8 -DSTDC_HEADERS=1 -DHAVE_SETENV=1 -DHAVE_PUTENV=1 -DHAVE_DIRENT_H=1 -DHAVE_LIMITS_H=1 -DHAVE_VA_COPY=1 -DHAVE___VA_COPY=1 -DFAULT_SIM=1 -DPOWER_EST=1 -DUSER_SUBCKT=1 -DSTATS=1 -DCL_STATS=1 -DRANDOM=1 -DTCLSUBCKT=1 -DTCL_IRSIM=1 -DLINUX=1 -DSYSV=1 -DISC=1 -DSHDLIB_EXT=\".so\" -DNDEBUG -DIRSIM_DATE="\"`date`\"" irsimexec.c -o irsimexec \
	-lX11  -lm -ltk8.5 -ltcl8.5
sed -e /TCL_DIR/s%TCL_DIR%/usr/local/lib/irsim/tcl%g \
    -e /SHDLIB_EXT/s%SHDLIB_EXT%.so%g \
    irsim.tcl.in > irsim.tcl
sed -e /TCL_DIR/s%TCL_DIR%/usr/local/lib/irsim/tcl%g \
    -e /TCLLIB_DIR/s%TCLLIB_DIR%/usr/lib%g \
    -e /WISH_EXE/s%WISH_EXE%/usr/bin/wish%g \
    irsim.sh.in > irsim.sh
make[2]: Leaving directory `/home/tim/gitsrc/irsim-9.7/tcltk'
make[1]: Leaving directory `/home/tim/gitsrc/irsim-9.7'
make[1]: Entering directory `/home/tim/gitsrc/irsim-9.7'
--- making modules
for dir in base analyzer faultsim usersubckt tcltk; do \
	(cd $dir && make module); done
make[2]: Entering directory `/home/tim/gitsrc/irsim-9.7/base'
--- compiling base/access.o
rm -f access.o
gcc -g -m64 -fPIC -fPIC  -I. -I..  -DCAD_DIR=\"/usr/local/lib\" -DBIN_DIR=\"/usr/local/bin\" -DTCL_DIR=\"/usr/local/lib/irsim/tcl\" -DPACKAGE_NAME=\"irsim\" -DPACKAGE_TARNAME=\"irsim\" -DPACKAGE_VERSION=\"9.7\" -DPACKAGE_STRING=\"irsim\ 9.7\" -DPACKAGE_BUGREPORT=\"magic-hackers@csl.cornell.edu\" -DPACKAGE_URL=\"\" -DIRSIM_VERSION=\"9.7\" -DIRSIM_REVISION=\"75\" -DSTDC_HEADERS=1 -DHAVE_SYS_TYPES_H=1 -DHAVE_SYS_STAT_H=1 -DHAVE_STDLIB_H=1 -DHAVE_STRING_H=1 -DHAVE_MEMORY_H=1 -DHAVE_STRINGS_H=1 -DHAVE_INTTYPES_H=1 -DHAVE_STDINT_H=1 -DHAVE_UNISTD_H=1 -DSIZEOF_VOID_P=8 -DSIZEOF_UNSIGNED_INT=4 -DSIZEOF_UNSIGNED_LONG=8 -DSIZEOF_UNSIGNED_LONG_LONG=8 -DSIZEOF_VOID_P=8 -DSIZEOF_UNSIGNED_INT=4 -DSIZEOF_UNSIGNED_LONG=8 -DSIZEOF_UNSIGNED_LONG_LONG=8 -DSTDC_HEADERS=1 -DHAVE_SETENV=1 -DHAVE_PUTENV=1 -DHAVE_DIRENT_H=1 -DHAVE_LIMITS_H=1 -DHAVE_VA_COPY=1 -DHAVE___VA_COPY=1 -DFAULT_SIM=1 -DPOWER_EST=1 -DUSER_SUBCKT=1 -DSTATS=1 -DCL_STATS=1 -DRANDOM=1 -DTCLSUBCKT=1 -DTCL_IRSIM=1 -DLINUX=1 -DSYSV=1 -DISC=1 -DSHDLIB_EXT=\".so\" -DNDEBUG  -c access.c
--- compiling base/binsim.o
rm -f binsim.o
gcc -g -m64 -fPIC -fPIC  -I. -I..  -DCAD_DIR=\"/usr/local/lib\" -DBIN_DIR=\"/usr/local/bin\" -DTCL_DIR=\"/usr/local/lib/irsim/tcl\" -DPACKAGE_NAME=\"irsim\" -DPACKAGE_TARNAME=\"irsim\" -DPACKAGE_VERSION=\"9.7\" -DPACKAGE_STRING=\"irsim\ 9.7\" -DPACKAGE_BUGREPORT=\"magic-hackers@csl.cornell.edu\" -DPACKAGE_URL=\"\" -DIRSIM_VERSION=\"9.7\" -DIRSIM_REVISION=\"75\" -DSTDC_HEADERS=1 -DHAVE_SYS_TYPES_H=1 -DHAVE_SYS_STAT_H=1 -DHAVE_STDLIB_H=1 -DHAVE_STRING_H=1 -DHAVE_MEMORY_H=1 -DHAVE_STRINGS_H=1 -DHAVE_INTTYPES_H=1 -DHAVE_STDINT_H=1 -DHAVE_UNISTD_H=1 -DSIZEOF_VOID_P=8 -DSIZEOF_UNSIGNED_INT=4 -DSIZEOF_UNSIGNED_LONG=8 -DSIZEOF_UNSIGNED_LONG_LONG=8 -DSIZEOF_VOID_P=8 -DSIZEOF_UNSIGNED_INT=4 -DSIZEOF_UNSIGNED_LONG=8 -DSIZEOF_UNSIGNED_LONG_LONG=8 -DSTDC_HEADERS=1 -DHAVE_SETENV=1 -DHAVE_PUTENV=1 -DHAVE_DIRENT_H=1 -DHAVE_LIMITS_H=1 -DHAVE_VA_COPY=1 -DHAVE___VA_COPY=1 -DFAULT_SIM=1 -DPOWER_EST=1 -DUSER_SUBCKT=1 -DSTATS=1 -DCL_STATS=1 -DRANDOM=1 -DTCLSUBCKT=1 -DTCL_IRSIM=1 -DLINUX=1 -DSYSV=1 -DISC=1 -DSHDLIB_EXT=\".so\" -DNDEBUG  -c binsim.c
--- compiling base/cad_dir.o
rm -f cad_dir.o
gcc -g -m64 -fPIC -fPIC  -I. -I..  -DCAD_DIR=\"/usr/local/lib\" -DBIN_DIR=\"/usr/local/bin\" -DTCL_DIR=\"/usr/local/lib/irsim/tcl\" -DPACKAGE_NAME=\"irsim\" -DPACKAGE_TARNAME=\"irsim\" -DPACKAGE_VERSION=\"9.7\" -DPACKAGE_STRING=\"irsim\ 9.7\" -DPACKAGE_BUGREPORT=\"magic-hackers@csl.cornell.edu\" -DPACKAGE_URL=\"\" -DIRSIM_VERSION=\"9.7\" -DIRSIM_REVISION=\"75\" -DSTDC_HEADERS=1 -DHAVE_SYS_TYPES_H=1 -DHAVE_SYS_STAT_H=1 -DHAVE_STDLIB_H=1 -DHAVE_STRING_H=1 -DHAVE_MEMORY_H=1 -DHAVE_STRINGS_H=1 -DHAVE_INTTYPES_H=1 -DHAVE_STDINT_H=1 -DHAVE_UNISTD_H=1 -DSIZEOF_VOID_P=8 -DSIZEOF_UNSIGNED_INT=4 -DSIZEOF_UNSIGNED_LONG=8 -DSIZEOF_UNSIGNED_LONG_LONG=8 -DSIZEOF_VOID_P=8 -DSIZEOF_UNSIGNED_INT=4 -DSIZEOF_UNSIGNED_LONG=8 -DSIZEOF_UNSIGNED_LONG_LONG=8 -DSTDC_HEADERS=1 -DHAVE_SETENV=1 -DHAVE_PUTENV=1 -DHAVE_DIRENT_H=1 -DHAVE_LIMITS_H=1 -DHAVE_VA_COPY=1 -DHAVE___VA_COPY=1 -DFAULT_SIM=1 -DPOWER_EST=1 -DUSER_SUBCKT=1 -DSTATS=1 -DCL_STATS=1 -DRANDOM=1 -DTCLSUBCKT=1 -DTCL_IRSIM=1 -DLINUX=1 -DSYSV=1 -DISC=1 -DSHDLIB_EXT=\".so\" -DNDEBUG  -c cad_dir.c
--- compiling base/config.o
rm -f config.o
gcc -g -m64 -fPIC -fPIC  -I. -I..  -DCAD_DIR=\"/usr/local/lib\" -DBIN_DIR=\"/usr/local/bin\" -DTCL_DIR=\"/usr/local/lib/irsim/tcl\" -DPACKAGE_NAME=\"irsim\" -DPACKAGE_TARNAME=\"irsim\" -DPACKAGE_VERSION=\"9.7\" -DPACKAGE_STRING=\"irsim\ 9.7\" -DPACKAGE_BUGREPORT=\"magic-hackers@csl.cornell.edu\" -DPACKAGE_URL=\"\" -DIRSIM_VERSION=\"9.7\" -DIRSIM_REVISION=\"75\" -DSTDC_HEADERS=1 -DHAVE_SYS_TYPES_H=1 -DHAVE_SYS_STAT_H=1 -DHAVE_STDLIB_H=1 -DHAVE_STRING_H=1 -DHAVE_MEMORY_H=1 -DHAVE_STRINGS_H=1 -DHAVE_INTTYPES_H=1 -DHAVE_STDINT_H=1 -DHAVE_UNISTD_H=1 -DSIZEOF_VOID_P=8 -DSIZEOF_UNSIGNED_INT=4 -DSIZEOF_UNSIGNED_LONG=8 -DSIZEOF_UNSIGNED_LONG_LONG=8 -DSIZEOF_VOID_P=8 -DSIZEOF_UNSIGNED_INT=4 -DSIZEOF_UNSIGNED_LONG=8 -DSIZEOF_UNSIGNED_LONG_LONG=8 -DSTDC_HEADERS=1 -DHAVE_SETENV=1 -DHAVE_PUTENV=1 -DHAVE_DIRENT_H=1 -DHAVE_LIMITS_H=1 -DHAVE_VA_COPY=1 -DHAVE___VA_COPY=1 -DFAULT_SIM=1 -DPOWER_EST=1 -DUSER_SUBCKT=1 -DSTATS=1 -DCL_STATS=1 -DRANDOM=1 -DTCLSUBCKT=1 -DTCL_IRSIM=1 -DLINUX=1 -DSYSV=1 -DISC=1 -DSHDLIB_EXT=\".so\" -DNDEBUG  -c config.c
--- compiling base/conn_list.o
rm -f conn_list.o
gcc -g -m64 -fPIC -fPIC  -I. -I..  -DCAD_DIR=\"/usr/local/lib\" -DBIN_DIR=\"/usr/local/bin\" -DTCL_DIR=\"/usr/local/lib/irsim/tcl\" -DPACKAGE_NAME=\"irsim\" -DPACKAGE_TARNAME=\"irsim\" -DPACKAGE_VERSION=\"9.7\" -DPACKAGE_STRING=\"irsim\ 9.7\" -DPACKAGE_BUGREPORT=\"magic-hackers@csl.cornell.edu\" -DPACKAGE_URL=\"\" -DIRSIM_VERSION=\"9.7\" -DIRSIM_REVISION=\"75\" -DSTDC_HEADERS=1 -DHAVE_SYS_TYPES_H=1 -DHAVE_SYS_STAT_H=1 -DHAVE_STDLIB_H=1 -DHAVE_STRING_H=1 -DHAVE_MEMORY_H=1 -DHAVE_STRINGS_H=1 -DHAVE_INTTYPES_H=1 -DHAVE_STDINT_H=1 -DHAVE_UNISTD_H=1 -DSIZEOF_VOID_P=8 -DSIZEOF_UNSIGNED_INT=4 -DSIZEOF_UNSIGNED_LONG=8 -DSIZEOF_UNSIGNED_LONG_LONG=8 -DSIZEOF_VOID_P=8 -DSIZEOF_UNSIGNED_INT=4 -DSIZEOF_UNSIGNED_LONG=8 -DSIZEOF_UNSIGNED_LONG_LONG=8 -DSTDC_HEADERS=1 -DHAVE_SETENV=1 -DHAVE_PUTENV=1 -DHAVE_DIRENT_H=1 -DHAVE_LIMITS_H=1 -DHAVE_VA_COPY=1 -DHAVE___VA_COPY=1 -DFAULT_SIM=1 -DPOWER_EST=1 -DUSER_SUBCKT=1 -DSTATS=1 -DCL_STATS=1 -DRANDOM=1 -DTCLSUBCKT=1 -DTCL_IRSIM=1 -DLINUX=1 -DSYSV=1 -DISC=1 -DSHDLIB_EXT=\".so\" -DNDEBUG  -c conn_list.c
--- compiling base/eval.o
rm -f eval.o
gcc -g -m64 -fPIC -fPIC  -I. -I..  -DCAD_DIR=\"/usr/local/lib\" -DBIN_DIR=\"/usr/local/bin\" -DTCL_DIR=\"/usr/local/lib/irsim/tcl\" -DPACKAGE_NAME=\"irsim\" -DPACKAGE_TARNAME=\"irsim\" -DPACKAGE_VERSION=\"9.7\" -DPACKAGE_STRING=\"irsim\ 9.7\" -DPACKAGE_BUGREPORT=\"magic-hackers@csl.cornell.edu\" -DPACKAGE_URL=\"\" -DIRSIM_VERSION=\"9.7\" -DIRSIM_REVISION=\"75\" -DSTDC_HEADERS=1 -DHAVE_SYS_TYPES_H=1 -DHAVE_SYS_STAT_H=1 -DHAVE_STDLIB_H=1 -DHAVE_STRING_H=1 -DHAVE_MEMORY_H=1 -DHAVE_STRINGS_H=1 -DHAVE_INTTYPES_H=1 -DHAVE_STDINT_H=1 -DHAVE_UNISTD_H=1 -DSIZEOF_VOID_P=8 -DSIZEOF_UNSIGNED_INT=4 -DSIZEOF_UNSIGNED_LONG=8 -DSIZEOF_UNSIGNED_LONG_LONG=8 -DSIZEOF_VOID_P=8 -DSIZEOF_UNSIGNED_INT=4 -DSIZEOF_UNSIGNED_LONG=8 -DSIZEOF_UNSIGNED_LONG_LONG=8 -DSTDC_HEADERS=1 -DHAVE_SETENV=1 -DHAVE_PUTENV=1 -DHAVE_DIRENT_H=1 -DHAVE_LIMITS_H=1 -DHAVE_VA_COPY=1 -DHAVE___VA_COPY=1 -DFAULT_SIM=1 -DPOWER_EST=1 -DUSER_SUBCKT=1 -DSTATS=1 -DCL_STATS=1 -DRANDOM=1 -DTCLSUBCKT=1 -DTCL_IRSIM=1 -DLINUX=1 -DSYSV=1 -DISC=1 -DSHDLIB_EXT=\".so\" -DNDEBUG  -c eval.c
eval.c: In function 'MarkNodes':
eval.c:217:3: warning: incompatible implicit declaration of built-in function 'free' [enabled by default]
--- compiling base/fio.o
rm -f fio.o
gcc -g -m64 -fPIC -fPIC  -I. -I..  -DCAD_DIR=\"/usr/local/lib\" -DBIN_DIR=\"/usr/local/bin\" -DTCL_DIR=\"/usr/local/lib/irsim/tcl\" -DPACKAGE_NAME=\"irsim\" -DPACKAGE_TARNAME=\"irsim\" -DPACKAGE_VERSION=\"9.7\" -DPACKAGE_STRING=\"irsim\ 9.7\" -DPACKAGE_BUGREPORT=\"magic-hackers@csl.cornell.edu\" -DPACKAGE_URL=\"\" -DIRSIM_VERSION=\"9.7\" -DIRSIM_REVISION=\"75\" -DSTDC_HEADERS=1 -DHAVE_SYS_TYPES_H=1 -DHAVE_SYS_STAT_H=1 -DHAVE_STDLIB_H=1 -DHAVE_STRING_H=1 -DHAVE_MEMORY_H=1 -DHAVE_STRINGS_H=1 -DHAVE_INTTYPES_H=1 -DHAVE_STDINT_H=1 -DHAVE_UNISTD_H=1 -DSIZEOF_VOID_P=8 -DSIZEOF_UNSIGNED_INT=4 -DSIZEOF_UNSIGNED_LONG=8 -DSIZEOF_UNSIGNED_LONG_LONG=8 -DSIZEOF_VOID_P=8 -DSIZEOF_UNSIGNED_INT=4 -DSIZEOF_UNSIGNED_LONG=8 -DSIZEOF_UNSIGNED_LONG_LONG=8 -DSTDC_HEADERS=1 -DHAVE_SETENV=1 -DHAVE_PUTENV=1 -DHAVE_DIRENT_H=1 -DHAVE_LIMITS_H=1 -DHAVE_VA_COPY=1 -DHAVE___VA_COPY=1 -DFAULT_SIM=1 -DPOWER_EST=1 -DUSER_SUBCKT=1 -DSTATS=1 -DCL_STATS=1 -DRANDOM=1 -DTCLSUBCKT=1 -DTCL_IRSIM=1 -DLINUX=1 -DSYSV=1 -DISC=1 -DSHDLIB_EXT=\".so\" -DNDEBUG  -c fio.c
--- compiling base/hist.o
rm -f hist.o
gcc -g -m64 -fPIC -fPIC  -I. -I..  -DCAD_DIR=\"/usr/local/lib\" -DBIN_DIR=\"/usr/local/bin\" -DTCL_DIR=\"/usr/local/lib/irsim/tcl\" -DPACKAGE_NAME=\"irsim\" -DPACKAGE_TARNAME=\"irsim\" -DPACKAGE_VERSION=\"9.7\" -DPACKAGE_STRING=\"irsim\ 9.7\" -DPACKAGE_BUGREPORT=\"magic-hackers@csl.cornell.edu\" -DPACKAGE_URL=\"\" -DIRSIM_VERSION=\"9.7\" -DIRSIM_REVISION=\"75\" -DSTDC_HEADERS=1 -DHAVE_SYS_TYPES_H=1 -DHAVE_SYS_STAT_H=1 -DHAVE_STDLIB_H=1 -DHAVE_STRING_H=1 -DHAVE_MEMORY_H=1 -DHAVE_STRINGS_H=1 -DHAVE_INTTYPES_H=1 -DHAVE_STDINT_H=1 -DHAVE_UNISTD_H=1 -DSIZEOF_VOID_P=8 -DSIZEOF_UNSIGNED_INT=4 -DSIZEOF_UNSIGNED_LONG=8 -DSIZEOF_UNSIGNED_LONG_LONG=8 -DSIZEOF_VOID_P=8 -DSIZEOF_UNSIGNED_INT=4 -DSIZEOF_UNSIGNED_LONG=8 -DSIZEOF_UNSIGNED_LONG_LONG=8 -DSTDC_HEADERS=1 -DHAVE_SETENV=1 -DHAVE_PUTENV=1 -DHAVE_DIRENT_H=1 -DHAVE_LIMITS_H=1 -DHAVE_VA_COPY=1 -DHAVE___VA_COPY=1 -DFAULT_SIM=1 -DPOWER_EST=1 -DUSER_SUBCKT=1 -DSTATS=1 -DCL_STATS=1 -DRANDOM=1 -DTCLSUBCKT=1 -DTCL_IRSIM=1 -DLINUX=1 -DSYSV=1 -DISC=1 -DSHDLIB_EXT=\".so\" -DNDEBUG  -c hist.c
--- compiling base/hist_io.o
rm -f hist_io.o
gcc -g -m64 -fPIC -fPIC  -I. -I..  -DCAD_DIR=\"/usr/local/lib\" -DBIN_DIR=\"/usr/local/bin\" -DTCL_DIR=\"/usr/local/lib/irsim/tcl\" -DPACKAGE_NAME=\"irsim\" -DPACKAGE_TARNAME=\"irsim\" -DPACKAGE_VERSION=\"9.7\" -DPACKAGE_STRING=\"irsim\ 9.7\" -DPACKAGE_BUGREPORT=\"magic-hackers@csl.cornell.edu\" -DPACKAGE_URL=\"\" -DIRSIM_VERSION=\"9.7\" -DIRSIM_REVISION=\"75\" -DSTDC_HEADERS=1 -DHAVE_SYS_TYPES_H=1 -DHAVE_SYS_STAT_H=1 -DHAVE_STDLIB_H=1 -DHAVE_STRING_H=1 -DHAVE_MEMORY_H=1 -DHAVE_STRINGS_H=1 -DHAVE_INTTYPES_H=1 -DHAVE_STDINT_H=1 -DHAVE_UNISTD_H=1 -DSIZEOF_VOID_P=8 -DSIZEOF_UNSIGNED_INT=4 -DSIZEOF_UNSIGNED_LONG=8 -DSIZEOF_UNSIGNED_LONG_LONG=8 -DSIZEOF_VOID_P=8 -DSIZEOF_UNSIGNED_INT=4 -DSIZEOF_UNSIGNED_LONG=8 -DSIZEOF_UNSIGNED_LONG_LONG=8 -DSTDC_HEADERS=1 -DHAVE_SETENV=1 -DHAVE_PUTENV=1 -DHAVE_DIRENT_H=1 -DHAVE_LIMITS_H=1 -DHAVE_VA_COPY=1 -DHAVE___VA_COPY=1 -DFAULT_SIM=1 -DPOWER_EST=1 -DUSER_SUBCKT=1 -DSTATS=1 -DCL_STATS=1 -DRANDOM=1 -DTCLSUBCKT=1 -DTCL_IRSIM=1 -DLINUX=1 -DSYSV=1 -DISC=1 -DSHDLIB_EXT=\".so\" -DNDEBUG  -c hist_io.c
--- compiling base/intr.o
rm -f intr.o
gcc -g -m64 -fPIC -fPIC  -I. -I..  -DCAD_DIR=\"/usr/local/lib\" -DBIN_DIR=\"/usr/local/bin\" -DTCL_DIR=\"/usr/local/lib/irsim/tcl\" -DPACKAGE_NAME=\"irsim\" -DPACKAGE_TARNAME=\"irsim\" -DPACKAGE_VERSION=\"9.7\" -DPACKAGE_STRING=\"irsim\ 9.7\" -DPACKAGE_BUGREPORT=\"magic-hackers@csl.cornell.edu\" -DPACKAGE_URL=\"\" -DIRSIM_VERSION=\"9.7\" -DIRSIM_REVISION=\"75\" -DSTDC_HEADERS=1 -DHAVE_SYS_TYPES_H=1 -DHAVE_SYS_STAT_H=1 -DHAVE_STDLIB_H=1 -DHAVE_STRING_H=1 -DHAVE_MEMORY_H=1 -DHAVE_STRINGS_H=1 -DHAVE_INTTYPES_H=1 -DHAVE_STDINT_H=1 -DHAVE_UNISTD_H=1 -DSIZEOF_VOID_P=8 -DSIZEOF_UNSIGNED_INT=4 -DSIZEOF_UNSIGNED_LONG=8 -DSIZEOF_UNSIGNED_LONG_LONG=8 -DSIZEOF_VOID_P=8 -DSIZEOF_UNSIGNED_INT=4 -DSIZEOF_UNSIGNED_LONG=8 -DSIZEOF_UNSIGNED_LONG_LONG=8 -DSTDC_HEADERS=1 -DHAVE_SETENV=1 -DHAVE_PUTENV=1 -DHAVE_DIRENT_H=1 -DHAVE_LIMITS_H=1 -DHAVE_VA_COPY=1 -DHAVE___VA_COPY=1 -DFAULT_SIM=1 -DPOWER_EST=1 -DUSER_SUBCKT=1 -DSTATS=1 -DCL_STATS=1 -DRANDOM=1 -DTCLSUBCKT=1 -DTCL_IRSIM=1 -DLINUX=1 -DSYSV=1 -DISC=1 -DSHDLIB_EXT=\".so\" -DNDEBUG  -c intr.c
--- compiling base/mem.o
rm -f mem.o
gcc -g -m64 -fPIC -fPIC  -I. -I..  -DCAD_DIR=\"/usr/local/lib\" -DBIN_DIR=\"/usr/local/bin\" -DTCL_DIR=\"/usr/local/lib/irsim/tcl\" -DPACKAGE_NAME=\"irsim\" -DPACKAGE_TARNAME=\"irsim\" -DPACKAGE_VERSION=\"9.7\" -DPACKAGE_STRING=\"irsim\ 9.7\" -DPACKAGE_BUGREPORT=\"magic-hackers@csl.cornell.edu\" -DPACKAGE_URL=\"\" -DIRSIM_VERSION=\"9.7\" -DIRSIM_REVISION=\"75\" -DSTDC_HEADERS=1 -DHAVE_SYS_TYPES_H=1 -DHAVE_SYS_STAT_H=1 -DHAVE_STDLIB_H=1 -DHAVE_STRING_H=1 -DHAVE_MEMORY_H=1 -DHAVE_STRINGS_H=1 -DHAVE_INTTYPES_H=1 -DHAVE_STDINT_H=1 -DHAVE_UNISTD_H=1 -DSIZEOF_VOID_P=8 -DSIZEOF_UNSIGNED_INT=4 -DSIZEOF_UNSIGNED_LONG=8 -DSIZEOF_UNSIGNED_LONG_LONG=8 -DSIZEOF_VOID_P=8 -DSIZEOF_UNSIGNED_INT=4 -DSIZEOF_UNSIGNED_LONG=8 -DSIZEOF_UNSIGNED_LONG_LONG=8 -DSTDC_HEADERS=1 -DHAVE_SETENV=1 -DHAVE_PUTENV=1 -DHAVE_DIRENT_H=1 -DHAVE_LIMITS_H=1 -DHAVE_VA_COPY=1 -DHAVE___VA_COPY=1 -DFAULT_SIM=1 -DPOWER_EST=1 -DUSER_SUBCKT=1 -DSTATS=1 -DCL_STATS=1 -DRANDOM=1 -DTCLSUBCKT=1 -DTCL_IRSIM=1 -DLINUX=1 -DSYSV=1 -DISC=1 -DSHDLIB_EXT=\".so\" -DNDEBUG  -c mem.c
--- compiling base/netupdate.o
rm -f netupdate.o
gcc -g -m64 -fPIC -fPIC  -I. -I..  -DCAD_DIR=\"/usr/local/lib\" -DBIN_DIR=\"/usr/local/bin\" -DTCL_DIR=\"/usr/local/lib/irsim/tcl\" -DPACKAGE_NAME=\"irsim\" -DPACKAGE_TARNAME=\"irsim\" -DPACKAGE_VERSION=\"9.7\" -DPACKAGE_STRING=\"irsim\ 9.7\" -DPACKAGE_BUGREPORT=\"magic-hackers@csl.cornell.edu\" -DPACKAGE_URL=\"\" -DIRSIM_VERSION=\"9.7\" -DIRSIM_REVISION=\"75\" -DSTDC_HEADERS=1 -DHAVE_SYS_TYPES_H=1 -DHAVE_SYS_STAT_H=1 -DHAVE_STDLIB_H=1 -DHAVE_STRING_H=1 -DHAVE_MEMORY_H=1 -DHAVE_STRINGS_H=1 -DHAVE_INTTYPES_H=1 -DHAVE_STDINT_H=1 -DHAVE_UNISTD_H=1 -DSIZEOF_VOID_P=8 -DSIZEOF_UNSIGNED_INT=4 -DSIZEOF_UNSIGNED_LONG=8 -DSIZEOF_UNSIGNED_LONG_LONG=8 -DSIZEOF_VOID_P=8 -DSIZEOF_UNSIGNED_INT=4 -DSIZEOF_UNSIGNED_LONG=8 -DSIZEOF_UNSIGNED_LONG_LONG=8 -DSTDC_HEADERS=1 -DHAVE_SETENV=1 -DHAVE_PUTENV=1 -DHAVE_DIRENT_H=1 -DHAVE_LIMITS_H=1 -DHAVE_VA_COPY=1 -DHAVE___VA_COPY=1 -DFAULT_SIM=1 -DPOWER_EST=1 -DUSER_SUBCKT=1 -DSTATS=1 -DCL_STATS=1 -DRANDOM=1 -DTCLSUBCKT=1 -DTCL_IRSIM=1 -DLINUX=1 -DSYSV=1 -DISC=1 -DSHDLIB_EXT=\".so\" -DNDEBUG  -c netupdate.c
--- compiling base/network.o
rm -f network.o
gcc -g -m64 -fPIC -fPIC  -I. -I..  -DCAD_DIR=\"/usr/local/lib\" -DBIN_DIR=\"/usr/local/bin\" -DTCL_DIR=\"/usr/local/lib/irsim/tcl\" -DPACKAGE_NAME=\"irsim\" -DPACKAGE_TARNAME=\"irsim\" -DPACKAGE_VERSION=\"9.7\" -DPACKAGE_STRING=\"irsim\ 9.7\" -DPACKAGE_BUGREPORT=\"magic-hackers@csl.cornell.edu\" -DPACKAGE_URL=\"\" -DIRSIM_VERSION=\"9.7\" -DIRSIM_REVISION=\"75\" -DSTDC_HEADERS=1 -DHAVE_SYS_TYPES_H=1 -DHAVE_SYS_STAT_H=1 -DHAVE_STDLIB_H=1 -DHAVE_STRING_H=1 -DHAVE_MEMORY_H=1 -DHAVE_STRINGS_H=1 -DHAVE_INTTYPES_H=1 -DHAVE_STDINT_H=1 -DHAVE_UNISTD_H=1 -DSIZEOF_VOID_P=8 -DSIZEOF_UNSIGNED_INT=4 -DSIZEOF_UNSIGNED_LONG=8 -DSIZEOF_UNSIGNED_LONG_LONG=8 -DSIZEOF_VOID_P=8 -DSIZEOF_UNSIGNED_INT=4 -DSIZEOF_UNSIGNED_LONG=8 -DSIZEOF_UNSIGNED_LONG_LONG=8 -DSTDC_HEADERS=1 -DHAVE_SETENV=1 -DHAVE_PUTENV=1 -DHAVE_DIRENT_H=1 -DHAVE_LIMITS_H=1 -DHAVE_VA_COPY=1 -DHAVE___VA_COPY=1 -DFAULT_SIM=1 -DPOWER_EST=1 -DUSER_SUBCKT=1 -DSTATS=1 -DCL_STATS=1 -DRANDOM=1 -DTCLSUBCKT=1 -DTCL_IRSIM=1 -DLINUX=1 -DSYSV=1 -DISC=1 -DSHDLIB_EXT=\".so\" -DNDEBUG  -c network.c
--- compiling base/newrstep.o
rm -f newrstep.o
gcc -g -m64 -fPIC -fPIC  -I. -I..  -DCAD_DIR=\"/usr/local/lib\" -DBIN_DIR=\"/usr/local/bin\" -DTCL_DIR=\"/usr/local/lib/irsim/tcl\" -DPACKAGE_NAME=\"irsim\" -DPACKAGE_TARNAME=\"irsim\" -DPACKAGE_VERSION=\"9.7\" -DPACKAGE_STRING=\"irsim\ 9.7\" -DPACKAGE_BUGREPORT=\"magic-hackers@csl.cornell.edu\" -DPACKAGE_URL=\"\" -DIRSIM_VERSION=\"9.7\" -DIRSIM_REVISION=\"75\" -DSTDC_HEADERS=1 -DHAVE_SYS_TYPES_H=1 -DHAVE_SYS_STAT_H=1 -DHAVE_STDLIB_H=1 -DHAVE_STRING_H=1 -DHAVE_MEMORY_H=1 -DHAVE_STRINGS_H=1 -DHAVE_INTTYPES_H=1 -DHAVE_STDINT_H=1 -DHAVE_UNISTD_H=1 -DSIZEOF_VOID_P=8 -DSIZEOF_UNSIGNED_INT=4 -DSIZEOF_UNSIGNED_LONG=8 -DSIZEOF_UNSIGNED_LONG_LONG=8 -DSIZEOF_VOID_P=8 -DSIZEOF_UNSIGNED_INT=4 -DSIZEOF_UNSIGNED_LONG=8 -DSIZEOF_UNSIGNED_LONG_LONG=8 -DSTDC_HEADERS=1 -DHAVE_SETENV=1 -DHAVE_PUTENV=1 -DHAVE_DIRENT_H=1 -DHAVE_LIMITS_H=1 -DHAVE_VA_COPY=1 -DHAVE___VA_COPY=1 -DFAULT_SIM=1 -DPOWER_EST=1 -DUSER_SUBCKT=1 -DSTATS=1 -DCL_STATS=1 -DRANDOM=1 -DTCLSUBCKT=1 -DTCL_IRSIM=1 -DLINUX=1 -DSYSV=1 -DISC=1 -DSHDLIB_EXT=\".so\" -DNDEBUG  -c newrstep.c
--- compiling base/nsubrs.o
rm -f nsubrs.o
gcc -g -m64 -fPIC -fPIC  -I. -I..  -DCAD_DIR=\"/usr/local/lib\" -DBIN_DIR=\"/usr/local/bin\" -DTCL_DIR=\"/usr/local/lib/irsim/tcl\" -DPACKAGE_NAME=\"irsim\" -DPACKAGE_TARNAME=\"irsim\" -DPACKAGE_VERSION=\"9.7\" -DPACKAGE_STRING=\"irsim\ 9.7\" -DPACKAGE_BUGREPORT=\"magic-hackers@csl.cornell.edu\" -DPACKAGE_URL=\"\" -DIRSIM_VERSION=\"9.7\" -DIRSIM_REVISION=\"75\" -DSTDC_HEADERS=1 -DHAVE_SYS_TYPES_H=1 -DHAVE_SYS_STAT_H=1 -DHAVE_STDLIB_H=1 -DHAVE_STRING_H=1 -DHAVE_MEMORY_H=1 -DHAVE_STRINGS_H=1 -DHAVE_INTTYPES_H=1 -DHAVE_STDINT_H=1 -DHAVE_UNISTD_H=1 -DSIZEOF_VOID_P=8 -DSIZEOF_UNSIGNED_INT=4 -DSIZEOF_UNSIGNED_LONG=8 -DSIZEOF_UNSIGNED_LONG_LONG=8 -DSIZEOF_VOID_P=8 -DSIZEOF_UNSIGNED_INT=4 -DSIZEOF_UNSIGNED_LONG=8 -DSIZEOF_UNSIGNED_LONG_LONG=8 -DSTDC_HEADERS=1 -DHAVE_SETENV=1 -DHAVE_PUTENV=1 -DHAVE_DIRENT_H=1 -DHAVE_LIMITS_H=1 -DHAVE_VA_COPY=1 -DHAVE___VA_COPY=1 -DFAULT_SIM=1 -DPOWER_EST=1 -DUSER_SUBCKT=1 -DSTATS=1 -DCL_STATS=1 -DRANDOM=1 -DTCLSUBCKT=1 -DTCL_IRSIM=1 -DLINUX=1 -DSYSV=1 -DISC=1 -DSHDLIB_EXT=\".so\" -DNDEBUG  -c nsubrs.c
--- compiling base/parallel.o
rm -f parallel.o
gcc -g -m64 -fPIC -fPIC  -I. -I..  -DCAD_DIR=\"/usr/local/lib\" -DBIN_DIR=\"/usr/local/bin\" -DTCL_DIR=\"/usr/local/lib/irsim/tcl\" -DPACKAGE_NAME=\"irsim\" -DPACKAGE_TARNAME=\"irsim\" -DPACKAGE_VERSION=\"9.7\" -DPACKAGE_STRING=\"irsim\ 9.7\" -DPACKAGE_BUGREPORT=\"magic-hackers@csl.cornell.edu\" -DPACKAGE_URL=\"\" -DIRSIM_VERSION=\"9.7\" -DIRSIM_REVISION=\"75\" -DSTDC_HEADERS=1 -DHAVE_SYS_TYPES_H=1 -DHAVE_SYS_STAT_H=1 -DHAVE_STDLIB_H=1 -DHAVE_STRING_H=1 -DHAVE_MEMORY_H=1 -DHAVE_STRINGS_H=1 -DHAVE_INTTYPES_H=1 -DHAVE_STDINT_H=1 -DHAVE_UNISTD_H=1 -DSIZEOF_VOID_P=8 -DSIZEOF_UNSIGNED_INT=4 -DSIZEOF_UNSIGNED_LONG=8 -DSIZEOF_UNSIGNED_LONG_LONG=8 -DSIZEOF_VOID_P=8 -DSIZEOF_UNSIGNED_INT=4 -DSIZEOF_UNSIGNED_LONG=8 -DSIZEOF_UNSIGNED_LONG_LONG=8 -DSTDC_HEADERS=1 -DHAVE_SETENV=1 -DHAVE_PUTENV=1 -DHAVE_DIRENT_H=1 -DHAVE_LIMITS_H=1 -DHAVE_VA_COPY=1 -DHAVE___VA_COPY=1 -DFAULT_SIM=1 -DPOWER_EST=1 -DUSER_SUBCKT=1 -DSTATS=1 -DCL_STATS=1 -DRANDOM=1 -DTCLSUBCKT=1 -DTCL_IRSIM=1 -DLINUX=1 -DSYSV=1 -DISC=1 -DSHDLIB_EXT=\".so\" -DNDEBUG  -c parallel.c
--- compiling base/prints.o
rm -f prints.o
gcc -g -m64 -fPIC -fPIC  -I. -I..  -DCAD_DIR=\"/usr/local/lib\" -DBIN_DIR=\"/usr/local/bin\" -DTCL_DIR=\"/usr/local/lib/irsim/tcl\" -DPACKAGE_NAME=\"irsim\" -DPACKAGE_TARNAME=\"irsim\" -DPACKAGE_VERSION=\"9.7\" -DPACKAGE_STRING=\"irsim\ 9.7\" -DPACKAGE_BUGREPORT=\"magic-hackers@csl.cornell.edu\" -DPACKAGE_URL=\"\" -DIRSIM_VERSION=\"9.7\" -DIRSIM_REVISION=\"75\" -DSTDC_HEADERS=1 -DHAVE_SYS_TYPES_H=1 -DHAVE_SYS_STAT_H=1 -DHAVE_STDLIB_H=1 -DHAVE_STRING_H=1 -DHAVE_MEMORY_H=1 -DHAVE_STRINGS_H=1 -DHAVE_INTTYPES_H=1 -DHAVE_STDINT_H=1 -DHAVE_UNISTD_H=1 -DSIZEOF_VOID_P=8 -DSIZEOF_UNSIGNED_INT=4 -DSIZEOF_UNSIGNED_LONG=8 -DSIZEOF_UNSIGNED_LONG_LONG=8 -DSIZEOF_VOID_P=8 -DSIZEOF_UNSIGNED_INT=4 -DSIZEOF_UNSIGNED_LONG=8 -DSIZEOF_UNSIGNED_LONG_LONG=8 -DSTDC_HEADERS=1 -DHAVE_SETENV=1 -DHAVE_PUTENV=1 -DHAVE_DIRENT_H=1 -DHAVE_LIMITS_H=1 -DHAVE_VA_COPY=1 -DHAVE___VA_COPY=1 -DFAULT_SIM=1 -DPOWER_EST=1 -DUSER_SUBCKT=1 -DSTATS=1 -DCL_STATS=1 -DRANDOM=1 -DTCLSUBCKT=1 -DTCL_IRSIM=1 -DLINUX=1 -DSYSV=1 -DISC=1 -DSHDLIB_EXT=\".so\" -DNDEBUG  -c prints.c
--- compiling base/rsim.o
rm -f rsim.o
gcc -g -m64 -fPIC -fPIC  -I. -I..  -DCAD_DIR=\"/usr/local/lib\" -DBIN_DIR=\"/usr/local/bin\" -DTCL_DIR=\"/usr/local/lib/irsim/tcl\" -DPACKAGE_NAME=\"irsim\" -DPACKAGE_TARNAME=\"irsim\" -DPACKAGE_VERSION=\"9.7\" -DPACKAGE_STRING=\"irsim\ 9.7\" -DPACKAGE_BUGREPORT=\"magic-hackers@csl.cornell.edu\" -DPACKAGE_URL=\"\" -DIRSIM_VERSION=\"9.7\" -DIRSIM_REVISION=\"75\" -DSTDC_HEADERS=1 -DHAVE_SYS_TYPES_H=1 -DHAVE_SYS_STAT_H=1 -DHAVE_STDLIB_H=1 -DHAVE_STRING_H=1 -DHAVE_MEMORY_H=1 -DHAVE_STRINGS_H=1 -DHAVE_INTTYPES_H=1 -DHAVE_STDINT_H=1 -DHAVE_UNISTD_H=1 -DSIZEOF_VOID_P=8 -DSIZEOF_UNSIGNED_INT=4 -DSIZEOF_UNSIGNED_LONG=8 -DSIZEOF_UNSIGNED_LONG_LONG=8 -DSIZEOF_VOID_P=8 -DSIZEOF_UNSIGNED_INT=4 -DSIZEOF_UNSIGNED_LONG=8 -DSIZEOF_UNSIGNED_LONG_LONG=8 -DSTDC_HEADERS=1 -DHAVE_SETENV=1 -DHAVE_PUTENV=1 -DHAVE_DIRENT_H=1 -DHAVE_LIMITS_H=1 -DHAVE_VA_COPY=1 -DHAVE___VA_COPY=1 -DFAULT_SIM=1 -DPOWER_EST=1 -DUSER_SUBCKT=1 -DSTATS=1 -DCL_STATS=1 -DRANDOM=1 -DTCLSUBCKT=1 -DTCL_IRSIM=1 -DLINUX=1 -DSYSV=1 -DISC=1 -DSHDLIB_EXT=\".so\" -DNDEBUG  -c rsim.c
--- compiling base/sched.o
rm -f sched.o
gcc -g -m64 -fPIC -fPIC  -I. -I..  -DCAD_DIR=\"/usr/local/lib\" -DBIN_DIR=\"/usr/local/bin\" -DTCL_DIR=\"/usr/local/lib/irsim/tcl\" -DPACKAGE_NAME=\"irsim\" -DPACKAGE_TARNAME=\"irsim\" -DPACKAGE_VERSION=\"9.7\" -DPACKAGE_STRING=\"irsim\ 9.7\" -DPACKAGE_BUGREPORT=\"magic-hackers@csl.cornell.edu\" -DPACKAGE_URL=\"\" -DIRSIM_VERSION=\"9.7\" -DIRSIM_REVISION=\"75\" -DSTDC_HEADERS=1 -DHAVE_SYS_TYPES_H=1 -DHAVE_SYS_STAT_H=1 -DHAVE_STDLIB_H=1 -DHAVE_STRING_H=1 -DHAVE_MEMORY_H=1 -DHAVE_STRINGS_H=1 -DHAVE_INTTYPES_H=1 -DHAVE_STDINT_H=1 -DHAVE_UNISTD_H=1 -DSIZEOF_VOID_P=8 -DSIZEOF_UNSIGNED_INT=4 -DSIZEOF_UNSIGNED_LONG=8 -DSIZEOF_UNSIGNED_LONG_LONG=8 -DSIZEOF_VOID_P=8 -DSIZEOF_UNSIGNED_INT=4 -DSIZEOF_UNSIGNED_LONG=8 -DSIZEOF_UNSIGNED_LONG_LONG=8 -DSTDC_HEADERS=1 -DHAVE_SETENV=1 -DHAVE_PUTENV=1 -DHAVE_DIRENT_H=1 -DHAVE_LIMITS_H=1 -DHAVE_VA_COPY=1 -DHAVE___VA_COPY=1 -DFAULT_SIM=1 -DPOWER_EST=1 -DUSER_SUBCKT=1 -DSTATS=1 -DCL_STATS=1 -DRANDOM=1 -DTCLSUBCKT=1 -DTCL_IRSIM=1 -DLINUX=1 -DSYSV=1 -DISC=1 -DSHDLIB_EXT=\".so\" -DNDEBUG  -c sched.c
--- compiling base/sim.o
rm -f sim.o
gcc -g -m64 -fPIC -fPIC  -I. -I..  -DCAD_DIR=\"/usr/local/lib\" -DBIN_DIR=\"/usr/local/bin\" -DTCL_DIR=\"/usr/local/lib/irsim/tcl\" -DPACKAGE_NAME=\"irsim\" -DPACKAGE_TARNAME=\"irsim\" -DPACKAGE_VERSION=\"9.7\" -DPACKAGE_STRING=\"irsim\ 9.7\" -DPACKAGE_BUGREPORT=\"magic-hackers@csl.cornell.edu\" -DPACKAGE_URL=\"\" -DIRSIM_VERSION=\"9.7\" -DIRSIM_REVISION=\"75\" -DSTDC_HEADERS=1 -DHAVE_SYS_TYPES_H=1 -DHAVE_SYS_STAT_H=1 -DHAVE_STDLIB_H=1 -DHAVE_STRING_H=1 -DHAVE_MEMORY_H=1 -DHAVE_STRINGS_H=1 -DHAVE_INTTYPES_H=1 -DHAVE_STDINT_H=1 -DHAVE_UNISTD_H=1 -DSIZEOF_VOID_P=8 -DSIZEOF_UNSIGNED_INT=4 -DSIZEOF_UNSIGNED_LONG=8 -DSIZEOF_UNSIGNED_LONG_LONG=8 -DSIZEOF_VOID_P=8 -DSIZEOF_UNSIGNED_INT=4 -DSIZEOF_UNSIGNED_LONG=8 -DSIZEOF_UNSIGNED_LONG_LONG=8 -DSTDC_HEADERS=1 -DHAVE_SETENV=1 -DHAVE_PUTENV=1 -DHAVE_DIRENT_H=1 -DHAVE_LIMITS_H=1 -DHAVE_VA_COPY=1 -DHAVE___VA_COPY=1 -DFAULT_SIM=1 -DPOWER_EST=1 -DUSER_SUBCKT=1 -DSTATS=1 -DCL_STATS=1 -DRANDOM=1 -DTCLSUBCKT=1 -DTCL_IRSIM=1 -DLINUX=1 -DSYSV=1 -DISC=1 -DSHDLIB_EXT=\".so\" -DNDEBUG  -c sim.c
sim.c: In function 'input_sim':
sim.c:743:8: warning: incompatible implicit declaration of built-in function 'fabs' [enabled by default]
--- compiling base/sstep.o
rm -f sstep.o
gcc -g -m64 -fPIC -fPIC  -I. -I..  -DCAD_DIR=\"/usr/local/lib\" -DBIN_DIR=\"/usr/local/bin\" -DTCL_DIR=\"/usr/local/lib/irsim/tcl\" -DPACKAGE_NAME=\"irsim\" -DPACKAGE_TARNAME=\"irsim\" -DPACKAGE_VERSION=\"9.7\" -DPACKAGE_STRING=\"irsim\ 9.7\" -DPACKAGE_BUGREPORT=\"magic-hackers@csl.cornell.edu\" -DPACKAGE_URL=\"\" -DIRSIM_VERSION=\"9.7\" -DIRSIM_REVISION=\"75\" -DSTDC_HEADERS=1 -DHAVE_SYS_TYPES_H=1 -DHAVE_SYS_STAT_H=1 -DHAVE_STDLIB_H=1 -DHAVE_STRING_H=1 -DHAVE_MEMORY_H=1 -DHAVE_STRINGS_H=1 -DHAVE_INTTYPES_H=1 -DHAVE_STDINT_H=1 -DHAVE_UNISTD_H=1 -DSIZEOF_VOID_P=8 -DSIZEOF_UNSIGNED_INT=4 -DSIZEOF_UNSIGNED_LONG=8 -DSIZEOF_UNSIGNED_LONG_LONG=8 -DSIZEOF_VOID_P=8 -DSIZEOF_UNSIGNED_INT=4 -DSIZEOF_UNSIGNED_LONG=8 -DSIZEOF_UNSIGNED_LONG_LONG=8 -DSTDC_HEADERS=1 -DHAVE_SETENV=1 -DHAVE_PUTENV=1 -DHAVE_DIRENT_H=1 -DHAVE_LIMITS_H=1 -DHAVE_VA_COPY=1 -DHAVE___VA_COPY=1 -DFAULT_SIM=1 -DPOWER_EST=1 -DUSER_SUBCKT=1 -DSTATS=1 -DCL_STATS=1 -DRANDOM=1 -DTCLSUBCKT=1 -DTCL_IRSIM=1 -DLINUX=1 -DSYSV=1 -DISC=1 -DSHDLIB_EXT=\".so\" -DNDEBUG  -c sstep.c
--- compiling base/stack.o
rm -f stack.o
gcc -g -m64 -fPIC -fPIC  -I. -I..  -DCAD_DIR=\"/usr/local/lib\" -DBIN_DIR=\"/usr/local/bin\" -DTCL_DIR=\"/usr/local/lib/irsim/tcl\" -DPACKAGE_NAME=\"irsim\" -DPACKAGE_TARNAME=\"irsim\" -DPACKAGE_VERSION=\"9.7\" -DPACKAGE_STRING=\"irsim\ 9.7\" -DPACKAGE_BUGREPORT=\"magic-hackers@csl.cornell.edu\" -DPACKAGE_URL=\"\" -DIRSIM_VERSION=\"9.7\" -DIRSIM_REVISION=\"75\" -DSTDC_HEADERS=1 -DHAVE_SYS_TYPES_H=1 -DHAVE_SYS_STAT_H=1 -DHAVE_STDLIB_H=1 -DHAVE_STRING_H=1 -DHAVE_MEMORY_H=1 -DHAVE_STRINGS_H=1 -DHAVE_INTTYPES_H=1 -DHAVE_STDINT_H=1 -DHAVE_UNISTD_H=1 -DSIZEOF_VOID_P=8 -DSIZEOF_UNSIGNED_INT=4 -DSIZEOF_UNSIGNED_LONG=8 -DSIZEOF_UNSIGNED_LONG_LONG=8 -DSIZEOF_VOID_P=8 -DSIZEOF_UNSIGNED_INT=4 -DSIZEOF_UNSIGNED_LONG=8 -DSIZEOF_UNSIGNED_LONG_LONG=8 -DSTDC_HEADERS=1 -DHAVE_SETENV=1 -DHAVE_PUTENV=1 -DHAVE_DIRENT_H=1 -DHAVE_LIMITS_H=1 -DHAVE_VA_COPY=1 -DHAVE___VA_COPY=1 -DFAULT_SIM=1 -DPOWER_EST=1 -DUSER_SUBCKT=1 -DSTATS=1 -DCL_STATS=1 -DRANDOM=1 -DTCLSUBCKT=1 -DTCL_IRSIM=1 -DLINUX=1 -DSYSV=1 -DISC=1 -DSHDLIB_EXT=\".so\" -DNDEBUG  -c stack.c
--- compiling base/tpos.o
rm -f tpos.o
gcc -g -m64 -fPIC -fPIC  -I. -I..  -DCAD_DIR=\"/usr/local/lib\" -DBIN_DIR=\"/usr/local/bin\" -DTCL_DIR=\"/usr/local/lib/irsim/tcl\" -DPACKAGE_NAME=\"irsim\" -DPACKAGE_TARNAME=\"irsim\" -DPACKAGE_VERSION=\"9.7\" -DPACKAGE_STRING=\"irsim\ 9.7\" -DPACKAGE_BUGREPORT=\"magic-hackers@csl.cornell.edu\" -DPACKAGE_URL=\"\" -DIRSIM_VERSION=\"9.7\" -DIRSIM_REVISION=\"75\" -DSTDC_HEADERS=1 -DHAVE_SYS_TYPES_H=1 -DHAVE_SYS_STAT_H=1 -DHAVE_STDLIB_H=1 -DHAVE_STRING_H=1 -DHAVE_MEMORY_H=1 -DHAVE_STRINGS_H=1 -DHAVE_INTTYPES_H=1 -DHAVE_STDINT_H=1 -DHAVE_UNISTD_H=1 -DSIZEOF_VOID_P=8 -DSIZEOF_UNSIGNED_INT=4 -DSIZEOF_UNSIGNED_LONG=8 -DSIZEOF_UNSIGNED_LONG_LONG=8 -DSIZEOF_VOID_P=8 -DSIZEOF_UNSIGNED_INT=4 -DSIZEOF_UNSIGNED_LONG=8 -DSIZEOF_UNSIGNED_LONG_LONG=8 -DSTDC_HEADERS=1 -DHAVE_SETENV=1 -DHAVE_PUTENV=1 -DHAVE_DIRENT_H=1 -DHAVE_LIMITS_H=1 -DHAVE_VA_COPY=1 -DHAVE___VA_COPY=1 -DFAULT_SIM=1 -DPOWER_EST=1 -DUSER_SUBCKT=1 -DSTATS=1 -DCL_STATS=1 -DRANDOM=1 -DTCLSUBCKT=1 -DTCL_IRSIM=1 -DLINUX=1 -DSYSV=1 -DISC=1 -DSHDLIB_EXT=\".so\" -DNDEBUG  -c tpos.c
--- compiling base/usage.o
rm -f usage.o
gcc -g -m64 -fPIC -fPIC  -I. -I..  -DCAD_DIR=\"/usr/local/lib\" -DBIN_DIR=\"/usr/local/bin\" -DTCL_DIR=\"/usr/local/lib/irsim/tcl\" -DPACKAGE_NAME=\"irsim\" -DPACKAGE_TARNAME=\"irsim\" -DPACKAGE_VERSION=\"9.7\" -DPACKAGE_STRING=\"irsim\ 9.7\" -DPACKAGE_BUGREPORT=\"magic-hackers@csl.cornell.edu\" -DPACKAGE_URL=\"\" -DIRSIM_VERSION=\"9.7\" -DIRSIM_REVISION=\"75\" -DSTDC_HEADERS=1 -DHAVE_SYS_TYPES_H=1 -DHAVE_SYS_STAT_H=1 -DHAVE_STDLIB_H=1 -DHAVE_STRING_H=1 -DHAVE_MEMORY_H=1 -DHAVE_STRINGS_H=1 -DHAVE_INTTYPES_H=1 -DHAVE_STDINT_H=1 -DHAVE_UNISTD_H=1 -DSIZEOF_VOID_P=8 -DSIZEOF_UNSIGNED_INT=4 -DSIZEOF_UNSIGNED_LONG=8 -DSIZEOF_UNSIGNED_LONG_LONG=8 -DSIZEOF_VOID_P=8 -DSIZEOF_UNSIGNED_INT=4 -DSIZEOF_UNSIGNED_LONG=8 -DSIZEOF_UNSIGNED_LONG_LONG=8 -DSTDC_HEADERS=1 -DHAVE_SETENV=1 -DHAVE_PUTENV=1 -DHAVE_DIRENT_H=1 -DHAVE_LIMITS_H=1 -DHAVE_VA_COPY=1 -DHAVE___VA_COPY=1 -DFAULT_SIM=1 -DPOWER_EST=1 -DUSER_SUBCKT=1 -DSTATS=1 -DCL_STATS=1 -DRANDOM=1 -DTCLSUBCKT=1 -DTCL_IRSIM=1 -DLINUX=1 -DSYSV=1 -DISC=1 -DSHDLIB_EXT=\".so\" -DNDEBUG  -c usage.c
--- linking libbase.o
rm -f libbase.o
ld -r access.o binsim.o cad_dir.o config.o conn_list.o eval.o fio.o hist.o hist_io.o intr.o mem.o netupdate.o network.o newrstep.o nsubrs.o parallel.o prints.o rsim.o sched.o sim.o sstep.o stack.o tpos.o usage.o  -o libbase.o 
make[2]: Leaving directory `/home/tim/gitsrc/irsim-9.7/base'
make[2]: Entering directory `/home/tim/gitsrc/irsim-9.7/analyzer'
--- compiling analyzer/coords.o
rm -f coords.o
gcc -g -m64 -fPIC -fPIC   -I../base -I. -I..  -DCAD_DIR=\"/usr/local/lib\" -DBIN_DIR=\"/usr/local/bin\" -DTCL_DIR=\"/usr/local/lib/irsim/tcl\" -DPACKAGE_NAME=\"irsim\" -DPACKAGE_TARNAME=\"irsim\" -DPACKAGE_VERSION=\"9.7\" -DPACKAGE_STRING=\"irsim\ 9.7\" -DPACKAGE_BUGREPORT=\"magic-hackers@csl.cornell.edu\" -DPACKAGE_URL=\"\" -DIRSIM_VERSION=\"9.7\" -DIRSIM_REVISION=\"75\" -DSTDC_HEADERS=1 -DHAVE_SYS_TYPES_H=1 -DHAVE_SYS_STAT_H=1 -DHAVE_STDLIB_H=1 -DHAVE_STRING_H=1 -DHAVE_MEMORY_H=1 -DHAVE_STRINGS_H=1 -DHAVE_INTTYPES_H=1 -DHAVE_STDINT_H=1 -DHAVE_UNISTD_H=1 -DSIZEOF_VOID_P=8 -DSIZEOF_UNSIGNED_INT=4 -DSIZEOF_UNSIGNED_LONG=8 -DSIZEOF_UNSIGNED_LONG_LONG=8 -DSIZEOF_VOID_P=8 -DSIZEOF_UNSIGNED_INT=4 -DSIZEOF_UNSIGNED_LONG=8 -DSIZEOF_UNSIGNED_LONG_LONG=8 -DSTDC_HEADERS=1 -DHAVE_SETENV=1 -DHAVE_PUTENV=1 -DHAVE_DIRENT_H=1 -DHAVE_LIMITS_H=1 -DHAVE_VA_COPY=1 -DHAVE___VA_COPY=1 -DFAULT_SIM=1 -DPOWER_EST=1 -DUSER_SUBCKT=1 -DSTATS=1 -DCL_STATS=1 -DRANDOM=1 -DTCLSUBCKT=1 -DTCL_IRSIM=1 -DLINUX=1 -DSYSV=1 -DISC=1 -DSHDLIB_EXT=\".so\" -DNDEBUG -DX11 -DXLIB -DNDEBUG  -c coords.c
--- compiling analyzer/graphics.o
rm -f graphics.o
gcc -g -m64 -fPIC -fPIC   -I../base -I. -I..  -DCAD_DIR=\"/usr/local/lib\" -DBIN_DIR=\"/usr/local/bin\" -DTCL_DIR=\"/usr/local/lib/irsim/tcl\" -DPACKAGE_NAME=\"irsim\" -DPACKAGE_TARNAME=\"irsim\" -DPACKAGE_VERSION=\"9.7\" -DPACKAGE_STRING=\"irsim\ 9.7\" -DPACKAGE_BUGREPORT=\"magic-hackers@csl.cornell.edu\" -DPACKAGE_URL=\"\" -DIRSIM_VERSION=\"9.7\" -DIRSIM_REVISION=\"75\" -DSTDC_HEADERS=1 -DHAVE_SYS_TYPES_H=1 -DHAVE_SYS_STAT_H=1 -DHAVE_STDLIB_H=1 -DHAVE_STRING_H=1 -DHAVE_MEMORY_H=1 -DHAVE_STRINGS_H=1 -DHAVE_INTTYPES_H=1 -DHAVE_STDINT_H=1 -DHAVE_UNISTD_H=1 -DSIZEOF_VOID_P=8 -DSIZEOF_UNSIGNED_INT=4 -DSIZEOF_UNSIGNED_LONG=8 -DSIZEOF_UNSIGNED_LONG_LONG=8 -DSIZEOF_VOID_P=8 -DSIZEOF_UNSIGNED_INT=4 -DSIZEOF_UNSIGNED_LONG=8 -DSIZEOF_UNSIGNED_LONG_LONG=8 -DSTDC_HEADERS=1 -DHAVE_SETENV=1 -DHAVE_PUTENV=1 -DHAVE_DIRENT_H=1 -DHAVE_LIMITS_H=1 -DHAVE_VA_COPY=1 -DHAVE___VA_COPY=1 -DFAULT_SIM=1 -DPOWER_EST=1 -DUSER_SUBCKT=1 -DSTATS=1 -DCL_STATS=1 -DRANDOM=1 -DTCLSUBCKT=1 -DTCL_IRSIM=1 -DLINUX=1 -DSYSV=1 -DISC=1 -DSHDLIB_EXT=\".so\" -DNDEBUG -DX11 -DXLIB -DNDEBUG  -c graphics.c
--- compiling analyzer/movetrace.o
rm -f movetrace.o
gcc -g -m64 -fPIC -fPIC   -I../base -I. -I..  -DCAD_DIR=\"/usr/local/lib\" -DBIN_DIR=\"/usr/local/bin\" -DTCL_DIR=\"/usr/local/lib/irsim/tcl\" -DPACKAGE_NAME=\"irsim\" -DPACKAGE_TARNAME=\"irsim\" -DPACKAGE_VERSION=\"9.7\" -DPACKAGE_STRING=\"irsim\ 9.7\" -DPACKAGE_BUGREPORT=\"magic-hackers@csl.cornell.edu\" -DPACKAGE_URL=\"\" -DIRSIM_VERSION=\"9.7\" -DIRSIM_REVISION=\"75\" -DSTDC_HEADERS=1 -DHAVE_SYS_TYPES_H=1 -DHAVE_SYS_STAT_H=1 -DHAVE_STDLIB_H=1 -DHAVE_STRING_H=1 -DHAVE_MEMORY_H=1 -DHAVE_STRINGS_H=1 -DHAVE_INTTYPES_H=1 -DHAVE_STDINT_H=1 -DHAVE_UNISTD_H=1 -DSIZEOF_VOID_P=8 -DSIZEOF_UNSIGNED_INT=4 -DSIZEOF_UNSIGNED_LONG=8 -DSIZEOF_UNSIGNED_LONG_LONG=8 -DSIZEOF_VOID_P=8 -DSIZEOF_UNSIGNED_INT=4 -DSIZEOF_UNSIGNED_LONG=8 -DSIZEOF_UNSIGNED_LONG_LONG=8 -DSTDC_HEADERS=1 -DHAVE_SETENV=1 -DHAVE_PUTENV=1 -DHAVE_DIRENT_H=1 -DHAVE_LIMITS_H=1 -DHAVE_VA_COPY=1 -DHAVE___VA_COPY=1 -DFAULT_SIM=1 -DPOWER_EST=1 -DUSER_SUBCKT=1 -DSTATS=1 -DCL_STATS=1 -DRANDOM=1 -DTCLSUBCKT=1 -DTCL_IRSIM=1 -DLINUX=1 -DSYSV=1 -DISC=1 -DSHDLIB_EXT=\".so\" -DNDEBUG -DX11 -DXLIB -DNDEBUG  -c movetrace.c
--- compiling analyzer/setsteps.o
rm -f setsteps.o
gcc -g -m64 -fPIC -fPIC   -I../base -I. -I..  -DCAD_DIR=\"/usr/local/lib\" -DBIN_DIR=\"/usr/local/bin\" -DTCL_DIR=\"/usr/local/lib/irsim/tcl\" -DPACKAGE_NAME=\"irsim\" -DPACKAGE_TARNAME=\"irsim\" -DPACKAGE_VERSION=\"9.7\" -DPACKAGE_STRING=\"irsim\ 9.7\" -DPACKAGE_BUGREPORT=\"magic-hackers@csl.cornell.edu\" -DPACKAGE_URL=\"\" -DIRSIM_VERSION=\"9.7\" -DIRSIM_REVISION=\"75\" -DSTDC_HEADERS=1 -DHAVE_SYS_TYPES_H=1 -DHAVE_SYS_STAT_H=1 -DHAVE_STDLIB_H=1 -DHAVE_STRING_H=1 -DHAVE_MEMORY_H=1 -DHAVE_STRINGS_H=1 -DHAVE_INTTYPES_H=1 -DHAVE_STDINT_H=1 -DHAVE_UNISTD_H=1 -DSIZEOF_VOID_P=8 -DSIZEOF_UNSIGNED_INT=4 -DSIZEOF_UNSIGNED_LONG=8 -DSIZEOF_UNSIGNED_LONG_LONG=8 -DSIZEOF_VOID_P=8 -DSIZEOF_UNSIGNED_INT=4 -DSIZEOF_UNSIGNED_LONG=8 -DSIZEOF_UNSIGNED_LONG_LONG=8 -DSTDC_HEADERS=1 -DHAVE_SETENV=1 -DHAVE_PUTENV=1 -DHAVE_DIRENT_H=1 -DHAVE_LIMITS_H=1 -DHAVE_VA_COPY=1 -DHAVE___VA_COPY=1 -DFAULT_SIM=1 -DPOWER_EST=1 -DUSER_SUBCKT=1 -DSTATS=1 -DCL_STATS=1 -DRANDOM=1 -DTCLSUBCKT=1 -DTCL_IRSIM=1 -DLINUX=1 -DSYSV=1 -DISC=1 -DSHDLIB_EXT=\".so\" -DNDEBUG -DX11 -DXLIB -DNDEBUG  -c setsteps.c
--- compiling analyzer/analyzer.o
rm -f analyzer.o
gcc -g -m64 -fPIC -fPIC   -I../base -I. -I..  -DCAD_DIR=\"/usr/local/lib\" -DBIN_DIR=\"/usr/local/bin\" -DTCL_DIR=\"/usr/local/lib/irsim/tcl\" -DPACKAGE_NAME=\"irsim\" -DPACKAGE_TARNAME=\"irsim\" -DPACKAGE_VERSION=\"9.7\" -DPACKAGE_STRING=\"irsim\ 9.7\" -DPACKAGE_BUGREPORT=\"magic-hackers@csl.cornell.edu\" -DPACKAGE_URL=\"\" -DIRSIM_VERSION=\"9.7\" -DIRSIM_REVISION=\"75\" -DSTDC_HEADERS=1 -DHAVE_SYS_TYPES_H=1 -DHAVE_SYS_STAT_H=1 -DHAVE_STDLIB_H=1 -DHAVE_STRING_H=1 -DHAVE_MEMORY_H=1 -DHAVE_STRINGS_H=1 -DHAVE_INTTYPES_H=1 -DHAVE_STDINT_H=1 -DHAVE_UNISTD_H=1 -DSIZEOF_VOID_P=8 -DSIZEOF_UNSIGNED_INT=4 -DSIZEOF_UNSIGNED_LONG=8 -DSIZEOF_UNSIGNED_LONG_LONG=8 -DSIZEOF_VOID_P=8 -DSIZEOF_UNSIGNED_INT=4 -DSIZEOF_UNSIGNED_LONG=8 -DSIZEOF_UNSIGNED_LONG_LONG=8 -DSTDC_HEADERS=1 -DHAVE_SETENV=1 -DHAVE_PUTENV=1 -DHAVE_DIRENT_H=1 -DHAVE_LIMITS_H=1 -DHAVE_VA_COPY=1 -DHAVE___VA_COPY=1 -DFAULT_SIM=1 -DPOWER_EST=1 -DUSER_SUBCKT=1 -DSTATS=1 -DCL_STATS=1 -DRANDOM=1 -DTCLSUBCKT=1 -DTCL_IRSIM=1 -DLINUX=1 -DSYSV=1 -DISC=1 -DSHDLIB_EXT=\".so\" -DNDEBUG -DX11 -DXLIB -DNDEBUG  -c analyzer.c
--- compiling analyzer/defaults.o
rm -f defaults.o
gcc -g -m64 -fPIC -fPIC   -I../base -I. -I..  -DCAD_DIR=\"/usr/local/lib\" -DBIN_DIR=\"/usr/local/bin\" -DTCL_DIR=\"/usr/local/lib/irsim/tcl\" -DPACKAGE_NAME=\"irsim\" -DPACKAGE_TARNAME=\"irsim\" -DPACKAGE_VERSION=\"9.7\" -DPACKAGE_STRING=\"irsim\ 9.7\" -DPACKAGE_BUGREPORT=\"magic-hackers@csl.cornell.edu\" -DPACKAGE_URL=\"\" -DIRSIM_VERSION=\"9.7\" -DIRSIM_REVISION=\"75\" -DSTDC_HEADERS=1 -DHAVE_SYS_TYPES_H=1 -DHAVE_SYS_STAT_H=1 -DHAVE_STDLIB_H=1 -DHAVE_STRING_H=1 -DHAVE_MEMORY_H=1 -DHAVE_STRINGS_H=1 -DHAVE_INTTYPES_H=1 -DHAVE_STDINT_H=1 -DHAVE_UNISTD_H=1 -DSIZEOF_VOID_P=8 -DSIZEOF_UNSIGNED_INT=4 -DSIZEOF_UNSIGNED_LONG=8 -DSIZEOF_UNSIGNED_LONG_LONG=8 -DSIZEOF_VOID_P=8 -DSIZEOF_UNSIGNED_INT=4 -DSIZEOF_UNSIGNED_LONG=8 -DSIZEOF_UNSIGNED_LONG_LONG=8 -DSTDC_HEADERS=1 -DHAVE_SETENV=1 -DHAVE_PUTENV=1 -DHAVE_DIRENT_H=1 -DHAVE_LIMITS_H=1 -DHAVE_VA_COPY=1 -DHAVE___VA_COPY=1 -DFAULT_SIM=1 -DPOWER_EST=1 -DUSER_SUBCKT=1 -DSTATS=1 -DCL_STATS=1 -DRANDOM=1 -DTCLSUBCKT=1 -DTCL_IRSIM=1 -DLINUX=1 -DSYSV=1 -DISC=1 -DSHDLIB_EXT=\".so\" -DNDEBUG -DX11 -DXLIB -DNDEBUG  -c defaults.c
--- compiling analyzer/namelen.o
rm -f namelen.o
gcc -g -m64 -fPIC -fPIC   -I../base -I. -I..  -DCAD_DIR=\"/usr/local/lib\" -DBIN_DIR=\"/usr/local/bin\" -DTCL_DIR=\"/usr/local/lib/irsim/tcl\" -DPACKAGE_NAME=\"irsim\" -DPACKAGE_TARNAME=\"irsim\" -DPACKAGE_VERSION=\"9.7\" -DPACKAGE_STRING=\"irsim\ 9.7\" -DPACKAGE_BUGREPORT=\"magic-hackers@csl.cornell.edu\" -DPACKAGE_URL=\"\" -DIRSIM_VERSION=\"9.7\" -DIRSIM_REVISION=\"75\" -DSTDC_HEADERS=1 -DHAVE_SYS_TYPES_H=1 -DHAVE_SYS_STAT_H=1 -DHAVE_STDLIB_H=1 -DHAVE_STRING_H=1 -DHAVE_MEMORY_H=1 -DHAVE_STRINGS_H=1 -DHAVE_INTTYPES_H=1 -DHAVE_STDINT_H=1 -DHAVE_UNISTD_H=1 -DSIZEOF_VOID_P=8 -DSIZEOF_UNSIGNED_INT=4 -DSIZEOF_UNSIGNED_LONG=8 -DSIZEOF_UNSIGNED_LONG_LONG=8 -DSIZEOF_VOID_P=8 -DSIZEOF_UNSIGNED_INT=4 -DSIZEOF_UNSIGNED_LONG=8 -DSIZEOF_UNSIGNED_LONG_LONG=8 -DSTDC_HEADERS=1 -DHAVE_SETENV=1 -DHAVE_PUTENV=1 -DHAVE_DIRENT_H=1 -DHAVE_LIMITS_H=1 -DHAVE_VA_COPY=1 -DHAVE___VA_COPY=1 -DFAULT_SIM=1 -DPOWER_EST=1 -DUSER_SUBCKT=1 -DSTATS=1 -DCL_STATS=1 -DRANDOM=1 -DTCLSUBCKT=1 -DTCL_IRSIM=1 -DLINUX=1 -DSYSV=1 -DISC=1 -DSHDLIB_EXT=\".so\" -DNDEBUG -DX11 -DXLIB -DNDEBUG  -c namelen.c
--- compiling analyzer/textwind.o
rm -f textwind.o
gcc -g -m64 -fPIC -fPIC   -I../base -I. -I..  -DCAD_DIR=\"/usr/local/lib\" -DBIN_DIR=\"/usr/local/bin\" -DTCL_DIR=\"/usr/local/lib/irsim/tcl\" -DPACKAGE_NAME=\"irsim\" -DPACKAGE_TARNAME=\"irsim\" -DPACKAGE_VERSION=\"9.7\" -DPACKAGE_STRING=\"irsim\ 9.7\" -DPACKAGE_BUGREPORT=\"magic-hackers@csl.cornell.edu\" -DPACKAGE_URL=\"\" -DIRSIM_VERSION=\"9.7\" -DIRSIM_REVISION=\"75\" -DSTDC_HEADERS=1 -DHAVE_SYS_TYPES_H=1 -DHAVE_SYS_STAT_H=1 -DHAVE_STDLIB_H=1 -DHAVE_STRING_H=1 -DHAVE_MEMORY_H=1 -DHAVE_STRINGS_H=1 -DHAVE_INTTYPES_H=1 -DHAVE_STDINT_H=1 -DHAVE_UNISTD_H=1 -DSIZEOF_VOID_P=8 -DSIZEOF_UNSIGNED_INT=4 -DSIZEOF_UNSIGNED_LONG=8 -DSIZEOF_UNSIGNED_LONG_LONG=8 -DSIZEOF_VOID_P=8 -DSIZEOF_UNSIGNED_INT=4 -DSIZEOF_UNSIGNED_LONG=8 -DSIZEOF_UNSIGNED_LONG_LONG=8 -DSTDC_HEADERS=1 -DHAVE_SETENV=1 -DHAVE_PUTENV=1 -DHAVE_DIRENT_H=1 -DHAVE_LIMITS_H=1 -DHAVE_VA_COPY=1 -DHAVE___VA_COPY=1 -DFAULT_SIM=1 -DPOWER_EST=1 -DUSER_SUBCKT=1 -DSTATS=1 -DCL_STATS=1 -DRANDOM=1 -DTCLSUBCKT=1 -DTCL_IRSIM=1 -DLINUX=1 -DSYSV=1 -DISC=1 -DSHDLIB_EXT=\".so\" -DNDEBUG -DX11 -DXLIB -DNDEBUG  -c textwind.c
--- compiling analyzer/zoom.o
rm -f zoom.o
gcc -g -m64 -fPIC -fPIC   -I../base -I. -I..  -DCAD_DIR=\"/usr/local/lib\" -DBIN_DIR=\"/usr/local/bin\" -DTCL_DIR=\"/usr/local/lib/irsim/tcl\" -DPACKAGE_NAME=\"irsim\" -DPACKAGE_TARNAME=\"irsim\" -DPACKAGE_VERSION=\"9.7\" -DPACKAGE_STRING=\"irsim\ 9.7\" -DPACKAGE_BUGREPORT=\"magic-hackers@csl.cornell.edu\" -DPACKAGE_URL=\"\" -DIRSIM_VERSION=\"9.7\" -DIRSIM_REVISION=\"75\" -DSTDC_HEADERS=1 -DHAVE_SYS_TYPES_H=1 -DHAVE_SYS_STAT_H=1 -DHAVE_STDLIB_H=1 -DHAVE_STRING_H=1 -DHAVE_MEMORY_H=1 -DHAVE_STRINGS_H=1 -DHAVE_INTTYPES_H=1 -DHAVE_STDINT_H=1 -DHAVE_UNISTD_H=1 -DSIZEOF_VOID_P=8 -DSIZEOF_UNSIGNED_INT=4 -DSIZEOF_UNSIGNED_LONG=8 -DSIZEOF_UNSIGNED_LONG_LONG=8 -DSIZEOF_VOID_P=8 -DSIZEOF_UNSIGNED_INT=4 -DSIZEOF_UNSIGNED_LONG=8 -DSIZEOF_UNSIGNED_LONG_LONG=8 -DSTDC_HEADERS=1 -DHAVE_SETENV=1 -DHAVE_PUTENV=1 -DHAVE_DIRENT_H=1 -DHAVE_LIMITS_H=1 -DHAVE_VA_COPY=1 -DHAVE___VA_COPY=1 -DFAULT_SIM=1 -DPOWER_EST=1 -DUSER_SUBCKT=1 -DSTATS=1 -DCL_STATS=1 -DRANDOM=1 -DTCLSUBCKT=1 -DTCL_IRSIM=1 -DLINUX=1 -DSYSV=1 -DISC=1 -DSHDLIB_EXT=\".so\" -DNDEBUG -DX11 -DXLIB -DNDEBUG  -c zoom.c
--- compiling analyzer/base.o
rm -f base.o
gcc -g -m64 -fPIC -fPIC   -I../base -I. -I..  -DCAD_DIR=\"/usr/local/lib\" -DBIN_DIR=\"/usr/local/bin\" -DTCL_DIR=\"/usr/local/lib/irsim/tcl\" -DPACKAGE_NAME=\"irsim\" -DPACKAGE_TARNAME=\"irsim\" -DPACKAGE_VERSION=\"9.7\" -DPACKAGE_STRING=\"irsim\ 9.7\" -DPACKAGE_BUGREPORT=\"magic-hackers@csl.cornell.edu\" -DPACKAGE_URL=\"\" -DIRSIM_VERSION=\"9.7\" -DIRSIM_REVISION=\"75\" -DSTDC_HEADERS=1 -DHAVE_SYS_TYPES_H=1 -DHAVE_SYS_STAT_H=1 -DHAVE_STDLIB_H=1 -DHAVE_STRING_H=1 -DHAVE_MEMORY_H=1 -DHAVE_STRINGS_H=1 -DHAVE_INTTYPES_H=1 -DHAVE_STDINT_H=1 -DHAVE_UNISTD_H=1 -DSIZEOF_VOID_P=8 -DSIZEOF_UNSIGNED_INT=4 -DSIZEOF_UNSIGNED_LONG=8 -DSIZEOF_UNSIGNED_LONG_LONG=8 -DSIZEOF_VOID_P=8 -DSIZEOF_UNSIGNED_INT=4 -DSIZEOF_UNSIGNED_LONG=8 -DSIZEOF_UNSIGNED_LONG_LONG=8 -DSTDC_HEADERS=1 -DHAVE_SETENV=1 -DHAVE_PUTENV=1 -DHAVE_DIRENT_H=1 -DHAVE_LIMITS_H=1 -DHAVE_VA_COPY=1 -DHAVE___VA_COPY=1 -DFAULT_SIM=1 -DPOWER_EST=1 -DUSER_SUBCKT=1 -DSTATS=1 -DCL_STATS=1 -DRANDOM=1 -DTCLSUBCKT=1 -DTCL_IRSIM=1 -DLINUX=1 -DSYSV=1 -DISC=1 -DSHDLIB_EXT=\".so\" -DNDEBUG -DX11 -DXLIB -DNDEBUG  -c base.c
--- compiling analyzer/deltaT.o
rm -f deltaT.o
gcc -g -m64 -fPIC -fPIC   -I../base -I. -I..  -DCAD_DIR=\"/usr/local/lib\" -DBIN_DIR=\"/usr/local/bin\" -DTCL_DIR=\"/usr/local/lib/irsim/tcl\" -DPACKAGE_NAME=\"irsim\" -DPACKAGE_TARNAME=\"irsim\" -DPACKAGE_VERSION=\"9.7\" -DPACKAGE_STRING=\"irsim\ 9.7\" -DPACKAGE_BUGREPORT=\"magic-hackers@csl.cornell.edu\" -DPACKAGE_URL=\"\" -DIRSIM_VERSION=\"9.7\" -DIRSIM_REVISION=\"75\" -DSTDC_HEADERS=1 -DHAVE_SYS_TYPES_H=1 -DHAVE_SYS_STAT_H=1 -DHAVE_STDLIB_H=1 -DHAVE_STRING_H=1 -DHAVE_MEMORY_H=1 -DHAVE_STRINGS_H=1 -DHAVE_INTTYPES_H=1 -DHAVE_STDINT_H=1 -DHAVE_UNISTD_H=1 -DSIZEOF_VOID_P=8 -DSIZEOF_UNSIGNED_INT=4 -DSIZEOF_UNSIGNED_LONG=8 -DSIZEOF_UNSIGNED_LONG_LONG=8 -DSIZEOF_VOID_P=8 -DSIZEOF_UNSIGNED_INT=4 -DSIZEOF_UNSIGNED_LONG=8 -DSIZEOF_UNSIGNED_LONG_LONG=8 -DSTDC_HEADERS=1 -DHAVE_SETENV=1 -DHAVE_PUTENV=1 -DHAVE_DIRENT_H=1 -DHAVE_LIMITS_H=1 -DHAVE_VA_COPY=1 -DHAVE___VA_COPY=1 -DFAULT_SIM=1 -DPOWER_EST=1 -DUSER_SUBCKT=1 -DSTATS=1 -DCL_STATS=1 -DRANDOM=1 -DTCLSUBCKT=1 -DTCL_IRSIM=1 -DLINUX=1 -DSYSV=1 -DISC=1 -DSHDLIB_EXT=\".so\" -DNDEBUG -DX11 -DXLIB -DNDEBUG  -c deltaT.c
--- compiling analyzer/postscript.o
rm -f postscript.o
gcc -g -m64 -fPIC -fPIC   -I../base -I. -I..  -DCAD_DIR=\"/usr/local/lib\" -DBIN_DIR=\"/usr/local/bin\" -DTCL_DIR=\"/usr/local/lib/irsim/tcl\" -DPACKAGE_NAME=\"irsim\" -DPACKAGE_TARNAME=\"irsim\" -DPACKAGE_VERSION=\"9.7\" -DPACKAGE_STRING=\"irsim\ 9.7\" -DPACKAGE_BUGREPORT=\"magic-hackers@csl.cornell.edu\" -DPACKAGE_URL=\"\" -DIRSIM_VERSION=\"9.7\" -DIRSIM_REVISION=\"75\" -DSTDC_HEADERS=1 -DHAVE_SYS_TYPES_H=1 -DHAVE_SYS_STAT_H=1 -DHAVE_STDLIB_H=1 -DHAVE_STRING_H=1 -DHAVE_MEMORY_H=1 -DHAVE_STRINGS_H=1 -DHAVE_INTTYPES_H=1 -DHAVE_STDINT_H=1 -DHAVE_UNISTD_H=1 -DSIZEOF_VOID_P=8 -DSIZEOF_UNSIGNED_INT=4 -DSIZEOF_UNSIGNED_LONG=8 -DSIZEOF_UNSIGNED_LONG_LONG=8 -DSIZEOF_VOID_P=8 -DSIZEOF_UNSIGNED_INT=4 -DSIZEOF_UNSIGNED_LONG=8 -DSIZEOF_UNSIGNED_LONG_LONG=8 -DSTDC_HEADERS=1 -DHAVE_SETENV=1 -DHAVE_PUTENV=1 -DHAVE_DIRENT_H=1 -DHAVE_LIMITS_H=1 -DHAVE_VA_COPY=1 -DHAVE___VA_COPY=1 -DFAULT_SIM=1 -DPOWER_EST=1 -DUSER_SUBCKT=1 -DSTATS=1 -DCL_STATS=1 -DRANDOM=1 -DTCLSUBCKT=1 -DTCL_IRSIM=1 -DLINUX=1 -DSYSV=1 -DISC=1 -DSHDLIB_EXT=\".so\" -DNDEBUG -DX11 -DXLIB -DNDEBUG  -c postscript.c
--- compiling analyzer/update.o
rm -f update.o
gcc -g -m64 -fPIC -fPIC   -I../base -I. -I..  -DCAD_DIR=\"/usr/local/lib\" -DBIN_DIR=\"/usr/local/bin\" -DTCL_DIR=\"/usr/local/lib/irsim/tcl\" -DPACKAGE_NAME=\"irsim\" -DPACKAGE_TARNAME=\"irsim\" -DPACKAGE_VERSION=\"9.7\" -DPACKAGE_STRING=\"irsim\ 9.7\" -DPACKAGE_BUGREPORT=\"magic-hackers@csl.cornell.edu\" -DPACKAGE_URL=\"\" -DIRSIM_VERSION=\"9.7\" -DIRSIM_REVISION=\"75\" -DSTDC_HEADERS=1 -DHAVE_SYS_TYPES_H=1 -DHAVE_SYS_STAT_H=1 -DHAVE_STDLIB_H=1 -DHAVE_STRING_H=1 -DHAVE_MEMORY_H=1 -DHAVE_STRINGS_H=1 -DHAVE_INTTYPES_H=1 -DHAVE_STDINT_H=1 -DHAVE_UNISTD_H=1 -DSIZEOF_VOID_P=8 -DSIZEOF_UNSIGNED_INT=4 -DSIZEOF_UNSIGNED_LONG=8 -DSIZEOF_UNSIGNED_LONG_LONG=8 -DSIZEOF_VOID_P=8 -DSIZEOF_UNSIGNED_INT=4 -DSIZEOF_UNSIGNED_LONG=8 -DSIZEOF_UNSIGNED_LONG_LONG=8 -DSTDC_HEADERS=1 -DHAVE_SETENV=1 -DHAVE_PUTENV=1 -DHAVE_DIRENT_H=1 -DHAVE_LIMITS_H=1 -DHAVE_VA_COPY=1 -DHAVE___VA_COPY=1 -DFAULT_SIM=1 -DPOWER_EST=1 -DUSER_SUBCKT=1 -DSTATS=1 -DCL_STATS=1 -DRANDOM=1 -DTCLSUBCKT=1 -DTCL_IRSIM=1 -DLINUX=1 -DSYSV=1 -DISC=1 -DSHDLIB_EXT=\".so\" -DNDEBUG -DX11 -DXLIB -DNDEBUG  -c update.c
--- compiling analyzer/convert.o
rm -f convert.o
gcc -g -m64 -fPIC -fPIC   -I../base -I. -I..  -DCAD_DIR=\"/usr/local/lib\" -DBIN_DIR=\"/usr/local/bin\" -DTCL_DIR=\"/usr/local/lib/irsim/tcl\" -DPACKAGE_NAME=\"irsim\" -DPACKAGE_TARNAME=\"irsim\" -DPACKAGE_VERSION=\"9.7\" -DPACKAGE_STRING=\"irsim\ 9.7\" -DPACKAGE_BUGREPORT=\"magic-hackers@csl.cornell.edu\" -DPACKAGE_URL=\"\" -DIRSIM_VERSION=\"9.7\" -DIRSIM_REVISION=\"75\" -DSTDC_HEADERS=1 -DHAVE_SYS_TYPES_H=1 -DHAVE_SYS_STAT_H=1 -DHAVE_STDLIB_H=1 -DHAVE_STRING_H=1 -DHAVE_MEMORY_H=1 -DHAVE_STRINGS_H=1 -DHAVE_INTTYPES_H=1 -DHAVE_STDINT_H=1 -DHAVE_UNISTD_H=1 -DSIZEOF_VOID_P=8 -DSIZEOF_UNSIGNED_INT=4 -DSIZEOF_UNSIGNED_LONG=8 -DSIZEOF_UNSIGNED_LONG_LONG=8 -DSIZEOF_VOID_P=8 -DSIZEOF_UNSIGNED_INT=4 -DSIZEOF_UNSIGNED_LONG=8 -DSIZEOF_UNSIGNED_LONG_LONG=8 -DSTDC_HEADERS=1 -DHAVE_SETENV=1 -DHAVE_PUTENV=1 -DHAVE_DIRENT_H=1 -DHAVE_LIMITS_H=1 -DHAVE_VA_COPY=1 -DHAVE___VA_COPY=1 -DFAULT_SIM=1 -DPOWER_EST=1 -DUSER_SUBCKT=1 -DSTATS=1 -DCL_STATS=1 -DRANDOM=1 -DTCLSUBCKT=1 -DTCL_IRSIM=1 -DLINUX=1 -DSYSV=1 -DISC=1 -DSHDLIB_EXT=\".so\" -DNDEBUG -DX11 -DXLIB -DNDEBUG  -c convert.c
--- compiling analyzer/movetot.o
rm -f movetot.o
gcc -g -m64 -fPIC -fPIC   -I../base -I. -I..  -DCAD_DIR=\"/usr/local/lib\" -DBIN_DIR=\"/usr/local/bin\" -DTCL_DIR=\"/usr/local/lib/irsim/tcl\" -DPACKAGE_NAME=\"irsim\" -DPACKAGE_TARNAME=\"irsim\" -DPACKAGE_VERSION=\"9.7\" -DPACKAGE_STRING=\"irsim\ 9.7\" -DPACKAGE_BUGREPORT=\"magic-hackers@csl.cornell.edu\" -DPACKAGE_URL=\"\" -DIRSIM_VERSION=\"9.7\" -DIRSIM_REVISION=\"75\" -DSTDC_HEADERS=1 -DHAVE_SYS_TYPES_H=1 -DHAVE_SYS_STAT_H=1 -DHAVE_STDLIB_H=1 -DHAVE_STRING_H=1 -DHAVE_MEMORY_H=1 -DHAVE_STRINGS_H=1 -DHAVE_INTTYPES_H=1 -DHAVE_STDINT_H=1 -DHAVE_UNISTD_H=1 -DSIZEOF_VOID_P=8 -DSIZEOF_UNSIGNED_INT=4 -DSIZEOF_UNSIGNED_LONG=8 -DSIZEOF_UNSIGNED_LONG_LONG=8 -DSIZEOF_VOID_P=8 -DSIZEOF_UNSIGNED_INT=4 -DSIZEOF_UNSIGNED_LONG=8 -DSIZEOF_UNSIGNED_LONG_LONG=8 -DSTDC_HEADERS=1 -DHAVE_SETENV=1 -DHAVE_PUTENV=1 -DHAVE_DIRENT_H=1 -DHAVE_LIMITS_H=1 -DHAVE_VA_COPY=1 -DHAVE___VA_COPY=1 -DFAULT_SIM=1 -DPOWER_EST=1 -DUSER_SUBCKT=1 -DSTATS=1 -DCL_STATS=1 -DRANDOM=1 -DTCLSUBCKT=1 -DTCL_IRSIM=1 -DLINUX=1 -DSYSV=1 -DISC=1 -DSHDLIB_EXT=\".so\" -DNDEBUG -DX11 -DXLIB -DNDEBUG  -c movetot.c
--- compiling analyzer/tkana.o
rm -f tkana.o
gcc -g -m64 -fPIC -fPIC   -I../base -I. -I..  -DCAD_DIR=\"/usr/local/lib\" -DBIN_DIR=\"/usr/local/bin\" -DTCL_DIR=\"/usr/local/lib/irsim/tcl\" -DPACKAGE_NAME=\"irsim\" -DPACKAGE_TARNAME=\"irsim\" -DPACKAGE_VERSION=\"9.7\" -DPACKAGE_STRING=\"irsim\ 9.7\" -DPACKAGE_BUGREPORT=\"magic-hackers@csl.cornell.edu\" -DPACKAGE_URL=\"\" -DIRSIM_VERSION=\"9.7\" -DIRSIM_REVISION=\"75\" -DSTDC_HEADERS=1 -DHAVE_SYS_TYPES_H=1 -DHAVE_SYS_STAT_H=1 -DHAVE_STDLIB_H=1 -DHAVE_STRING_H=1 -DHAVE_MEMORY_H=1 -DHAVE_STRINGS_H=1 -DHAVE_INTTYPES_H=1 -DHAVE_STDINT_H=1 -DHAVE_UNISTD_H=1 -DSIZEOF_VOID_P=8 -DSIZEOF_UNSIGNED_INT=4 -DSIZEOF_UNSIGNED_LONG=8 -DSIZEOF_UNSIGNED_LONG_LONG=8 -DSIZEOF_VOID_P=8 -DSIZEOF_UNSIGNED_INT=4 -DSIZEOF_UNSIGNED_LONG=8 -DSIZEOF_UNSIGNED_LONG_LONG=8 -DSTDC_HEADERS=1 -DHAVE_SETENV=1 -DHAVE_PUTENV=1 -DHAVE_DIRENT_H=1 -DHAVE_LIMITS_H=1 -DHAVE_VA_COPY=1 -DHAVE___VA_COPY=1 -DFAULT_SIM=1 -DPOWER_EST=1 -DUSER_SUBCKT=1 -DSTATS=1 -DCL_STATS=1 -DRANDOM=1 -DTCLSUBCKT=1 -DTCL_IRSIM=1 -DLINUX=1 -DSYSV=1 -DISC=1 -DSHDLIB_EXT=\".so\" -DNDEBUG -DX11 -DXLIB -DNDEBUG  -c tkana.c
--- compiling analyzer/window.o
rm -f window.o
gcc -g -m64 -fPIC -fPIC   -I../base -I. -I..  -DCAD_DIR=\"/usr/local/lib\" -DBIN_DIR=\"/usr/local/bin\" -DTCL_DIR=\"/usr/local/lib/irsim/tcl\" -DPACKAGE_NAME=\"irsim\" -DPACKAGE_TARNAME=\"irsim\" -DPACKAGE_VERSION=\"9.7\" -DPACKAGE_STRING=\"irsim\ 9.7\" -DPACKAGE_BUGREPORT=\"magic-hackers@csl.cornell.edu\" -DPACKAGE_URL=\"\" -DIRSIM_VERSION=\"9.7\" -DIRSIM_REVISION=\"75\" -DSTDC_HEADERS=1 -DHAVE_SYS_TYPES_H=1 -DHAVE_SYS_STAT_H=1 -DHAVE_STDLIB_H=1 -DHAVE_STRING_H=1 -DHAVE_MEMORY_H=1 -DHAVE_STRINGS_H=1 -DHAVE_INTTYPES_H=1 -DHAVE_STDINT_H=1 -DHAVE_UNISTD_H=1 -DSIZEOF_VOID_P=8 -DSIZEOF_UNSIGNED_INT=4 -DSIZEOF_UNSIGNED_LONG=8 -DSIZEOF_UNSIGNED_LONG_LONG=8 -DSIZEOF_VOID_P=8 -DSIZEOF_UNSIGNED_INT=4 -DSIZEOF_UNSIGNED_LONG=8 -DSIZEOF_UNSIGNED_LONG_LONG=8 -DSTDC_HEADERS=1 -DHAVE_SETENV=1 -DHAVE_PUTENV=1 -DHAVE_DIRENT_H=1 -DHAVE_LIMITS_H=1 -DHAVE_VA_COPY=1 -DHAVE___VA_COPY=1 -DFAULT_SIM=1 -DPOWER_EST=1 -DUSER_SUBCKT=1 -DSTATS=1 -DCL_STATS=1 -DRANDOM=1 -DTCLSUBCKT=1 -DTCL_IRSIM=1 -DLINUX=1 -DSYSV=1 -DISC=1 -DSHDLIB_EXT=\".so\" -DNDEBUG -DX11 -DXLIB -DNDEBUG  -c window.c
--- linking libanalyzer.o
rm -f libanalyzer.o
ld -r coords.o graphics.o movetrace.o setsteps.o analyzer.o defaults.o namelen.o textwind.o zoom.o base.o deltaT.o postscript.o update.o convert.o movetot.o tkana.o window.o -o libanalyzer.o 
make[2]: Leaving directory `/home/tim/gitsrc/irsim-9.7/analyzer'
make[2]: Entering directory `/home/tim/gitsrc/irsim-9.7/faultsim'
--- compiling faultsim/faultsim.o
rm -f faultsim.o
gcc -g -m64 -fPIC -fPIC  -I../base -I. -I..  -DCAD_DIR=\"/usr/local/lib\" -DBIN_DIR=\"/usr/local/bin\" -DTCL_DIR=\"/usr/local/lib/irsim/tcl\" -DPACKAGE_NAME=\"irsim\" -DPACKAGE_TARNAME=\"irsim\" -DPACKAGE_VERSION=\"9.7\" -DPACKAGE_STRING=\"irsim\ 9.7\" -DPACKAGE_BUGREPORT=\"magic-hackers@csl.cornell.edu\" -DPACKAGE_URL=\"\" -DIRSIM_VERSION=\"9.7\" -DIRSIM_REVISION=\"75\" -DSTDC_HEADERS=1 -DHAVE_SYS_TYPES_H=1 -DHAVE_SYS_STAT_H=1 -DHAVE_STDLIB_H=1 -DHAVE_STRING_H=1 -DHAVE_MEMORY_H=1 -DHAVE_STRINGS_H=1 -DHAVE_INTTYPES_H=1 -DHAVE_STDINT_H=1 -DHAVE_UNISTD_H=1 -DSIZEOF_VOID_P=8 -DSIZEOF_UNSIGNED_INT=4 -DSIZEOF_UNSIGNED_LONG=8 -DSIZEOF_UNSIGNED_LONG_LONG=8 -DSIZEOF_VOID_P=8 -DSIZEOF_UNSIGNED_INT=4 -DSIZEOF_UNSIGNED_LONG=8 -DSIZEOF_UNSIGNED_LONG_LONG=8 -DSTDC_HEADERS=1 -DHAVE_SETENV=1 -DHAVE_PUTENV=1 -DHAVE_DIRENT_H=1 -DHAVE_LIMITS_H=1 -DHAVE_VA_COPY=1 -DHAVE___VA_COPY=1 -DFAULT_SIM=1 -DPOWER_EST=1 -DUSER_SUBCKT=1 -DSTATS=1 -DCL_STATS=1 -DRANDOM=1 -DTCLSUBCKT=1 -DTCL_IRSIM=1 -DLINUX=1 -DSYSV=1 -DISC=1 -DSHDLIB_EXT=\".so\" -DNDEBUG  -c faultsim.c
--- compiling faultsim/incsim.o
rm -f incsim.o
gcc -g -m64 -fPIC -fPIC  -I../base -I. -I..  -DCAD_DIR=\"/usr/local/lib\" -DBIN_DIR=\"/usr/local/bin\" -DTCL_DIR=\"/usr/local/lib/irsim/tcl\" -DPACKAGE_NAME=\"irsim\" -DPACKAGE_TARNAME=\"irsim\" -DPACKAGE_VERSION=\"9.7\" -DPACKAGE_STRING=\"irsim\ 9.7\" -DPACKAGE_BUGREPORT=\"magic-hackers@csl.cornell.edu\" -DPACKAGE_URL=\"\" -DIRSIM_VERSION=\"9.7\" -DIRSIM_REVISION=\"75\" -DSTDC_HEADERS=1 -DHAVE_SYS_TYPES_H=1 -DHAVE_SYS_STAT_H=1 -DHAVE_STDLIB_H=1 -DHAVE_STRING_H=1 -DHAVE_MEMORY_H=1 -DHAVE_STRINGS_H=1 -DHAVE_INTTYPES_H=1 -DHAVE_STDINT_H=1 -DHAVE_UNISTD_H=1 -DSIZEOF_VOID_P=8 -DSIZEOF_UNSIGNED_INT=4 -DSIZEOF_UNSIGNED_LONG=8 -DSIZEOF_UNSIGNED_LONG_LONG=8 -DSIZEOF_VOID_P=8 -DSIZEOF_UNSIGNED_INT=4 -DSIZEOF_UNSIGNED_LONG=8 -DSIZEOF_UNSIGNED_LONG_LONG=8 -DSTDC_HEADERS=1 -DHAVE_SETENV=1 -DHAVE_PUTENV=1 -DHAVE_DIRENT_H=1 -DHAVE_LIMITS_H=1 -DHAVE_VA_COPY=1 -DHAVE___VA_COPY=1 -DFAULT_SIM=1 -DPOWER_EST=1 -DUSER_SUBCKT=1 -DSTATS=1 -DCL_STATS=1 -DRANDOM=1 -DTCLSUBCKT=1 -DTCL_IRSIM=1 -DLINUX=1 -DSYSV=1 -DISC=1 -DSHDLIB_EXT=\".so\" -DNDEBUG  -c incsim.c
--- linking libfaultsim.o
rm -f libfaultsim.o
ld -r faultsim.o incsim.o  -o libfaultsim.o 
make[2]: Leaving directory `/home/tim/gitsrc/irsim-9.7/faultsim'
make[2]: Entering directory `/home/tim/gitsrc/irsim-9.7/usersubckt'
--- compiling usersubckt/subckt.o
rm -f subckt.o
gcc -g -m64 -fPIC -fPIC  -I../base -I. -I..  -DCAD_DIR=\"/usr/local/lib\" -DBIN_DIR=\"/usr/local/bin\" -DTCL_DIR=\"/usr/local/lib/irsim/tcl\" -DPACKAGE_NAME=\"irsim\" -DPACKAGE_TARNAME=\"irsim\" -DPACKAGE_VERSION=\"9.7\" -DPACKAGE_STRING=\"irsim\ 9.7\" -DPACKAGE_BUGREPORT=\"magic-hackers@csl.cornell.edu\" -DPACKAGE_URL=\"\" -DIRSIM_VERSION=\"9.7\" -DIRSIM_REVISION=\"75\" -DSTDC_HEADERS=1 -DHAVE_SYS_TYPES_H=1 -DHAVE_SYS_STAT_H=1 -DHAVE_STDLIB_H=1 -DHAVE_STRING_H=1 -DHAVE_MEMORY_H=1 -DHAVE_STRINGS_H=1 -DHAVE_INTTYPES_H=1 -DHAVE_STDINT_H=1 -DHAVE_UNISTD_H=1 -DSIZEOF_VOID_P=8 -DSIZEOF_UNSIGNED_INT=4 -DSIZEOF_UNSIGNED_LONG=8 -DSIZEOF_UNSIGNED_LONG_LONG=8 -DSIZEOF_VOID_P=8 -DSIZEOF_UNSIGNED_INT=4 -DSIZEOF_UNSIGNED_LONG=8 -DSIZEOF_UNSIGNED_LONG_LONG=8 -DSTDC_HEADERS=1 -DHAVE_SETENV=1 -DHAVE_PUTENV=1 -DHAVE_DIRENT_H=1 -DHAVE_LIMITS_H=1 -DHAVE_VA_COPY=1 -DHAVE___VA_COPY=1 -DFAULT_SIM=1 -DPOWER_EST=1 -DUSER_SUBCKT=1 -DSTATS=1 -DCL_STATS=1 -DRANDOM=1 -DTCLSUBCKT=1 -DTCL_IRSIM=1 -DLINUX=1 -DSYSV=1 -DISC=1 -DSHDLIB_EXT=\".so\" -DNDEBUG  -c subckt.c
subckt.c: In function 'subckt_instantiate':
subckt.c:141:16: warning: incompatible implicit declaration of built-in function 'strdup' [enabled by default]
subckt.c: In function 'subckt_model_C':
subckt.c:298:7: warning: incompatible implicit declaration of built-in function 'strlen' [enabled by default]
subckt.c: In function 'newsubckt':
subckt.c:416:34: warning: incompatible implicit declaration of built-in function 'strlen' [enabled by default]
subckt.c:457:2: warning: incompatible implicit declaration of built-in function 'bzero' [enabled by default]
--- compiling usersubckt/user.o
rm -f user.o
gcc -g -m64 -fPIC -fPIC  -I../base -I. -I..  -DCAD_DIR=\"/usr/local/lib\" -DBIN_DIR=\"/usr/local/bin\" -DTCL_DIR=\"/usr/local/lib/irsim/tcl\" -DPACKAGE_NAME=\"irsim\" -DPACKAGE_TARNAME=\"irsim\" -DPACKAGE_VERSION=\"9.7\" -DPACKAGE_STRING=\"irsim\ 9.7\" -DPACKAGE_BUGREPORT=\"magic-hackers@csl.cornell.edu\" -DPACKAGE_URL=\"\" -DIRSIM_VERSION=\"9.7\" -DIRSIM_REVISION=\"75\" -DSTDC_HEADERS=1 -DHAVE_SYS_TYPES_H=1 -DHAVE_SYS_STAT_H=1 -DHAVE_STDLIB_H=1 -DHAVE_STRING_H=1 -DHAVE_MEMORY_H=1 -DHAVE_STRINGS_H=1 -DHAVE_INTTYPES_H=1 -DHAVE_STDINT_H=1 -DHAVE_UNISTD_H=1 -DSIZEOF_VOID_P=8 -DSIZEOF_UNSIGNED_INT=4 -DSIZEOF_UNSIGNED_LONG=8 -DSIZEOF_UNSIGNED_LONG_LONG=8 -DSIZEOF_VOID_P=8 -DSIZEOF_UNSIGNED_INT=4 -DSIZEOF_UNSIGNED_LONG=8 -DSIZEOF_UNSIGNED_LONG_LONG=8 -DSTDC_HEADERS=1 -DHAVE_SETENV=1 -DHAVE_PUTENV=1 -DHAVE_DIRENT_H=1 -DHAVE_LIMITS_H=1 -DHAVE_VA_COPY=1 -DHAVE___VA_COPY=1 -DFAULT_SIM=1 -DPOWER_EST=1 -DUSER_SUBCKT=1 -DSTATS=1 -DCL_STATS=1 -DRANDOM=1 -DTCLSUBCKT=1 -DTCL_IRSIM=1 -DLINUX=1 -DSYSV=1 -DISC=1 -DSHDLIB_EXT=\".so\" -DNDEBUG  -c user.c
--- linking libusersubckt.o
rm -f libusersubckt.o
ld -r subckt.o user.o  -o libusersubckt.o 
make[2]: Leaving directory `/home/tim/gitsrc/irsim-9.7/usersubckt'
make[2]: Entering directory `/home/tim/gitsrc/irsim-9.7/tcltk'
--- compiling tcltk/tclirsim.o
rm -f tclirsim.o
gcc -g -m64 -fPIC -fPIC  -I../base -I../analyzer -I. -I..  -DCAD_DIR=\"/usr/local/lib\" -DBIN_DIR=\"/usr/local/bin\" -DTCL_DIR=\"/usr/local/lib/irsim/tcl\" -DPACKAGE_NAME=\"irsim\" -DPACKAGE_TARNAME=\"irsim\" -DPACKAGE_VERSION=\"9.7\" -DPACKAGE_STRING=\"irsim\ 9.7\" -DPACKAGE_BUGREPORT=\"magic-hackers@csl.cornell.edu\" -DPACKAGE_URL=\"\" -DIRSIM_VERSION=\"9.7\" -DIRSIM_REVISION=\"75\" -DSTDC_HEADERS=1 -DHAVE_SYS_TYPES_H=1 -DHAVE_SYS_STAT_H=1 -DHAVE_STDLIB_H=1 -DHAVE_STRING_H=1 -DHAVE_MEMORY_H=1 -DHAVE_STRINGS_H=1 -DHAVE_INTTYPES_H=1 -DHAVE_STDINT_H=1 -DHAVE_UNISTD_H=1 -DSIZEOF_VOID_P=8 -DSIZEOF_UNSIGNED_INT=4 -DSIZEOF_UNSIGNED_LONG=8 -DSIZEOF_UNSIGNED_LONG_LONG=8 -DSIZEOF_VOID_P=8 -DSIZEOF_UNSIGNED_INT=4 -DSIZEOF_UNSIGNED_LONG=8 -DSIZEOF_UNSIGNED_LONG_LONG=8 -DSTDC_HEADERS=1 -DHAVE_SETENV=1 -DHAVE_PUTENV=1 -DHAVE_DIRENT_H=1 -DHAVE_LIMITS_H=1 -DHAVE_VA_COPY=1 -DHAVE___VA_COPY=1 -DFAULT_SIM=1 -DPOWER_EST=1 -DUSER_SUBCKT=1 -DSTATS=1 -DCL_STATS=1 -DRANDOM=1 -DTCLSUBCKT=1 -DTCL_IRSIM=1 -DLINUX=1 -DSYSV=1 -DISC=1 -DSHDLIB_EXT=\".so\" -DNDEBUG -DIRSIM_DATE="\"`date`\""  -c tclirsim.c
--- compiling tcltk/tclanalyzer.o
rm -f tclanalyzer.o
gcc -g -m64 -fPIC -fPIC  -I../base -I../analyzer -I. -I..  -DCAD_DIR=\"/usr/local/lib\" -DBIN_DIR=\"/usr/local/bin\" -DTCL_DIR=\"/usr/local/lib/irsim/tcl\" -DPACKAGE_NAME=\"irsim\" -DPACKAGE_TARNAME=\"irsim\" -DPACKAGE_VERSION=\"9.7\" -DPACKAGE_STRING=\"irsim\ 9.7\" -DPACKAGE_BUGREPORT=\"magic-hackers@csl.cornell.edu\" -DPACKAGE_URL=\"\" -DIRSIM_VERSION=\"9.7\" -DIRSIM_REVISION=\"75\" -DSTDC_HEADERS=1 -DHAVE_SYS_TYPES_H=1 -DHAVE_SYS_STAT_H=1 -DHAVE_STDLIB_H=1 -DHAVE_STRING_H=1 -DHAVE_MEMORY_H=1 -DHAVE_STRINGS_H=1 -DHAVE_INTTYPES_H=1 -DHAVE_STDINT_H=1 -DHAVE_UNISTD_H=1 -DSIZEOF_VOID_P=8 -DSIZEOF_UNSIGNED_INT=4 -DSIZEOF_UNSIGNED_LONG=8 -DSIZEOF_UNSIGNED_LONG_LONG=8 -DSIZEOF_VOID_P=8 -DSIZEOF_UNSIGNED_INT=4 -DSIZEOF_UNSIGNED_LONG=8 -DSIZEOF_UNSIGNED_LONG_LONG=8 -DSTDC_HEADERS=1 -DHAVE_SETENV=1 -DHAVE_PUTENV=1 -DHAVE_DIRENT_H=1 -DHAVE_LIMITS_H=1 -DHAVE_VA_COPY=1 -DHAVE___VA_COPY=1 -DFAULT_SIM=1 -DPOWER_EST=1 -DUSER_SUBCKT=1 -DSTATS=1 -DCL_STATS=1 -DRANDOM=1 -DTCLSUBCKT=1 -DTCL_IRSIM=1 -DLINUX=1 -DSYSV=1 -DISC=1 -DSHDLIB_EXT=\".so\" -DNDEBUG -DIRSIM_DATE="\"`date`\""  -c tclanalyzer.c
--- compiling tcltk/lookup.o
rm -f lookup.o
gcc -g -m64 -fPIC -fPIC  -I../base -I../analyzer -I. -I..  -DCAD_DIR=\"/usr/local/lib\" -DBIN_DIR=\"/usr/local/bin\" -DTCL_DIR=\"/usr/local/lib/irsim/tcl\" -DPACKAGE_NAME=\"irsim\" -DPACKAGE_TARNAME=\"irsim\" -DPACKAGE_VERSION=\"9.7\" -DPACKAGE_STRING=\"irsim\ 9.7\" -DPACKAGE_BUGREPORT=\"magic-hackers@csl.cornell.edu\" -DPACKAGE_URL=\"\" -DIRSIM_VERSION=\"9.7\" -DIRSIM_REVISION=\"75\" -DSTDC_HEADERS=1 -DHAVE_SYS_TYPES_H=1 -DHAVE_SYS_STAT_H=1 -DHAVE_STDLIB_H=1 -DHAVE_STRING_H=1 -DHAVE_MEMORY_H=1 -DHAVE_STRINGS_H=1 -DHAVE_INTTYPES_H=1 -DHAVE_STDINT_H=1 -DHAVE_UNISTD_H=1 -DSIZEOF_VOID_P=8 -DSIZEOF_UNSIGNED_INT=4 -DSIZEOF_UNSIGNED_LONG=8 -DSIZEOF_UNSIGNED_LONG_LONG=8 -DSIZEOF_VOID_P=8 -DSIZEOF_UNSIGNED_INT=4 -DSIZEOF_UNSIGNED_LONG=8 -DSIZEOF_UNSIGNED_LONG_LONG=8 -DSTDC_HEADERS=1 -DHAVE_SETENV=1 -DHAVE_PUTENV=1 -DHAVE_DIRENT_H=1 -DHAVE_LIMITS_H=1 -DHAVE_VA_COPY=1 -DHAVE___VA_COPY=1 -DFAULT_SIM=1 -DPOWER_EST=1 -DUSER_SUBCKT=1 -DSTATS=1 -DCL_STATS=1 -DRANDOM=1 -DTCLSUBCKT=1 -DTCL_IRSIM=1 -DLINUX=1 -DSYSV=1 -DISC=1 -DSHDLIB_EXT=\".so\" -DNDEBUG -DIRSIM_DATE="\"`date`\""  -c lookup.c
--- compiling tcltk/tkAnalyzer.o
rm -f tkAnalyzer.o
gcc -g -m64 -fPIC -fPIC  -I../base -I../analyzer -I. -I..  -DCAD_DIR=\"/usr/local/lib\" -DBIN_DIR=\"/usr/local/bin\" -DTCL_DIR=\"/usr/local/lib/irsim/tcl\" -DPACKAGE_NAME=\"irsim\" -DPACKAGE_TARNAME=\"irsim\" -DPACKAGE_VERSION=\"9.7\" -DPACKAGE_STRING=\"irsim\ 9.7\" -DPACKAGE_BUGREPORT=\"magic-hackers@csl.cornell.edu\" -DPACKAGE_URL=\"\" -DIRSIM_VERSION=\"9.7\" -DIRSIM_REVISION=\"75\" -DSTDC_HEADERS=1 -DHAVE_SYS_TYPES_H=1 -DHAVE_SYS_STAT_H=1 -DHAVE_STDLIB_H=1 -DHAVE_STRING_H=1 -DHAVE_MEMORY_H=1 -DHAVE_STRINGS_H=1 -DHAVE_INTTYPES_H=1 -DHAVE_STDINT_H=1 -DHAVE_UNISTD_H=1 -DSIZEOF_VOID_P=8 -DSIZEOF_UNSIGNED_INT=4 -DSIZEOF_UNSIGNED_LONG=8 -DSIZEOF_UNSIGNED_LONG_LONG=8 -DSIZEOF_VOID_P=8 -DSIZEOF_UNSIGNED_INT=4 -DSIZEOF_UNSIGNED_LONG=8 -DSIZEOF_UNSIGNED_LONG_LONG=8 -DSTDC_HEADERS=1 -DHAVE_SETENV=1 -DHAVE_PUTENV=1 -DHAVE_DIRENT_H=1 -DHAVE_LIMITS_H=1 -DHAVE_VA_COPY=1 -DHAVE___VA_COPY=1 -DFAULT_SIM=1 -DPOWER_EST=1 -DUSER_SUBCKT=1 -DSTATS=1 -DCL_STATS=1 -DRANDOM=1 -DTCLSUBCKT=1 -DTCL_IRSIM=1 -DLINUX=1 -DSYSV=1 -DISC=1 -DSHDLIB_EXT=\".so\" -DNDEBUG -DIRSIM_DATE="\"`date`\""  -c tkAnalyzer.c
--- compiling tcltk/tkTag.o
rm -f tkTag.o
gcc -g -m64 -fPIC -fPIC  -I../base -I../analyzer -I. -I..  -DCAD_DIR=\"/usr/local/lib\" -DBIN_DIR=\"/usr/local/bin\" -DTCL_DIR=\"/usr/local/lib/irsim/tcl\" -DPACKAGE_NAME=\"irsim\" -DPACKAGE_TARNAME=\"irsim\" -DPACKAGE_VERSION=\"9.7\" -DPACKAGE_STRING=\"irsim\ 9.7\" -DPACKAGE_BUGREPORT=\"magic-hackers@csl.cornell.edu\" -DPACKAGE_URL=\"\" -DIRSIM_VERSION=\"9.7\" -DIRSIM_REVISION=\"75\" -DSTDC_HEADERS=1 -DHAVE_SYS_TYPES_H=1 -DHAVE_SYS_STAT_H=1 -DHAVE_STDLIB_H=1 -DHAVE_STRING_H=1 -DHAVE_MEMORY_H=1 -DHAVE_STRINGS_H=1 -DHAVE_INTTYPES_H=1 -DHAVE_STDINT_H=1 -DHAVE_UNISTD_H=1 -DSIZEOF_VOID_P=8 -DSIZEOF_UNSIGNED_INT=4 -DSIZEOF_UNSIGNED_LONG=8 -DSIZEOF_UNSIGNED_LONG_LONG=8 -DSIZEOF_VOID_P=8 -DSIZEOF_UNSIGNED_INT=4 -DSIZEOF_UNSIGNED_LONG=8 -DSIZEOF_UNSIGNED_LONG_LONG=8 -DSTDC_HEADERS=1 -DHAVE_SETENV=1 -DHAVE_PUTENV=1 -DHAVE_DIRENT_H=1 -DHAVE_LIMITS_H=1 -DHAVE_VA_COPY=1 -DHAVE___VA_COPY=1 -DFAULT_SIM=1 -DPOWER_EST=1 -DUSER_SUBCKT=1 -DSTATS=1 -DCL_STATS=1 -DRANDOM=1 -DTCLSUBCKT=1 -DTCL_IRSIM=1 -DLINUX=1 -DSYSV=1 -DISC=1 -DSHDLIB_EXT=\".so\" -DNDEBUG -DIRSIM_DATE="\"`date`\""  -c tkTag.c
--- linking libtcltk.o
rm -f libtcltk.o
ld -r tclirsim.o tclanalyzer.o lookup.o tkAnalyzer.o tkTag.o  -o libtcltk.o 
make[2]: Leaving directory `/home/tim/gitsrc/irsim-9.7/tcltk'
--- making Tcl shared-object libraries
for dir in irsim random tclsubckt tcltk; do \
	(cd $dir && make tcl-main); done
make[2]: Entering directory `/home/tim/gitsrc/irsim-9.7/irsim'
--- making irsim Tcl library (tclirsim.so)
rm -f tclirsim.so
gcc -g -m64 -fPIC -fPIC  -I../base -I. -I..  -o tclirsim.so -shared -Wl,-soname,tclirsim.so -Wl,--version-script=../irsim/symbol.map  \
	../analyzer/libanalyzer.o ../base/libbase.o ../faultsim/libfaultsim.o ../usersubckt/libusersubckt.o ../tcltk/libtcltk.o -lc -lX11  -lm 
make[2]: Leaving directory `/home/tim/gitsrc/irsim-9.7/irsim'
make[2]: Entering directory `/home/tim/gitsrc/irsim-9.7/random'
gcc -g -m64 -fPIC -fPIC  -I. -I..  -DCAD_DIR=\"/usr/local/lib\" -DBIN_DIR=\"/usr/local/bin\" -DTCL_DIR=\"/usr/local/lib/irsim/tcl\" -DPACKAGE_NAME=\"irsim\" -DPACKAGE_TARNAME=\"irsim\" -DPACKAGE_VERSION=\"9.7\" -DPACKAGE_STRING=\"irsim\ 9.7\" -DPACKAGE_BUGREPORT=\"magic-hackers@csl.cornell.edu\" -DPACKAGE_URL=\"\" -DIRSIM_VERSION=\"9.7\" -DIRSIM_REVISION=\"75\" -DSTDC_HEADERS=1 -DHAVE_SYS_TYPES_H=1 -DHAVE_SYS_STAT_H=1 -DHAVE_STDLIB_H=1 -DHAVE_STRING_H=1 -DHAVE_MEMORY_H=1 -DHAVE_STRINGS_H=1 -DHAVE_INTTYPES_H=1 -DHAVE_STDINT_H=1 -DHAVE_UNISTD_H=1 -DSIZEOF_VOID_P=8 -DSIZEOF_UNSIGNED_INT=4 -DSIZEOF_UNSIGNED_LONG=8 -DSIZEOF_UNSIGNED_LONG_LONG=8 -DSIZEOF_VOID_P=8 -DSIZEOF_UNSIGNED_INT=4 -DSIZEOF_UNSIGNED_LONG=8 -DSIZEOF_UNSIGNED_LONG_LONG=8 -DSTDC_HEADERS=1 -DHAVE_SETENV=1 -DHAVE_PUTENV=1 -DHAVE_DIRENT_H=1 -DHAVE_LIMITS_H=1 -DHAVE_VA_COPY=1 -DHAVE___VA_COPY=1 -DFAULT_SIM=1 -DPOWER_EST=1 -DUSER_SUBCKT=1 -DSTATS=1 -DCL_STATS=1 -DRANDOM=1 -DTCLSUBCKT=1 -DTCL_IRSIM=1 -DLINUX=1 -DSYSV=1 -DISC=1 -DSHDLIB_EXT=\".so\" -DNDEBUG random.c -c -o randwrap.o
--- making random Tcl library
rm -f random.so
gcc -g -m64 -fPIC -fPIC  -I. -I..  -o random.so -shared -Wl,-soname,random.so -Wl,--version-script=../irsim/symbol.map randwrap.o \
	 -lc -lm  
make[2]: Leaving directory `/home/tim/gitsrc/irsim-9.7/random'
make[2]: Entering directory `/home/tim/gitsrc/irsim-9.7/tclsubckt'
gcc -g -m64 -fPIC -fPIC  -I../base -I. -I..  -DCAD_DIR=\"/usr/local/lib\" -DBIN_DIR=\"/usr/local/bin\" -DTCL_DIR=\"/usr/local/lib/irsim/tcl\" -DPACKAGE_NAME=\"irsim\" -DPACKAGE_TARNAME=\"irsim\" -DPACKAGE_VERSION=\"9.7\" -DPACKAGE_STRING=\"irsim\ 9.7\" -DPACKAGE_BUGREPORT=\"magic-hackers@csl.cornell.edu\" -DPACKAGE_URL=\"\" -DIRSIM_VERSION=\"9.7\" -DIRSIM_REVISION=\"75\" -DSTDC_HEADERS=1 -DHAVE_SYS_TYPES_H=1 -DHAVE_SYS_STAT_H=1 -DHAVE_STDLIB_H=1 -DHAVE_STRING_H=1 -DHAVE_MEMORY_H=1 -DHAVE_STRINGS_H=1 -DHAVE_INTTYPES_H=1 -DHAVE_STDINT_H=1 -DHAVE_UNISTD_H=1 -DSIZEOF_VOID_P=8 -DSIZEOF_UNSIGNED_INT=4 -DSIZEOF_UNSIGNED_LONG=8 -DSIZEOF_UNSIGNED_LONG_LONG=8 -DSIZEOF_VOID_P=8 -DSIZEOF_UNSIGNED_INT=4 -DSIZEOF_UNSIGNED_LONG=8 -DSIZEOF_UNSIGNED_LONG_LONG=8 -DSTDC_HEADERS=1 -DHAVE_SETENV=1 -DHAVE_PUTENV=1 -DHAVE_DIRENT_H=1 -DHAVE_LIMITS_H=1 -DHAVE_VA_COPY=1 -DHAVE___VA_COPY=1 -DFAULT_SIM=1 -DPOWER_EST=1 -DUSER_SUBCKT=1 -DSTATS=1 -DCL_STATS=1 -DRANDOM=1 -DTCLSUBCKT=1 -DTCL_IRSIM=1 -DLINUX=1 -DSYSV=1 -DISC=1 -DSHDLIB_EXT=\".so\" -DNDEBUG diglib.c -c -o diglib.o
--- making diglib subcircuit shared library
rm -f diglib.so
gcc -g -m64 -fPIC -fPIC  -I../base -I. -I..  -o diglib.so -shared -Wl,-soname,diglib.so -Wl,--version-script=../irsim/symbol.map diglib.o \
	 -lc -lm  
make[2]: Leaving directory `/home/tim/gitsrc/irsim-9.7/tclsubckt'
make[2]: Entering directory `/home/tim/gitsrc/irsim-9.7/tcltk'
gcc -g -m64 -fPIC -fPIC  -I../base -I../analyzer -I. -I..  -DCAD_DIR=\"/usr/local/lib\" -DBIN_DIR=\"/usr/local/bin\" -DTCL_DIR=\"/usr/local/lib/irsim/tcl\" -DPACKAGE_NAME=\"irsim\" -DPACKAGE_TARNAME=\"irsim\" -DPACKAGE_VERSION=\"9.7\" -DPACKAGE_STRING=\"irsim\ 9.7\" -DPACKAGE_BUGREPORT=\"magic-hackers@csl.cornell.edu\" -DPACKAGE_URL=\"\" -DIRSIM_VERSION=\"9.7\" -DIRSIM_REVISION=\"75\" -DSTDC_HEADERS=1 -DHAVE_SYS_TYPES_H=1 -DHAVE_SYS_STAT_H=1 -DHAVE_STDLIB_H=1 -DHAVE_STRING_H=1 -DHAVE_MEMORY_H=1 -DHAVE_STRINGS_H=1 -DHAVE_INTTYPES_H=1 -DHAVE_STDINT_H=1 -DHAVE_UNISTD_H=1 -DSIZEOF_VOID_P=8 -DSIZEOF_UNSIGNED_INT=4 -DSIZEOF_UNSIGNED_LONG=8 -DSIZEOF_UNSIGNED_LONG_LONG=8 -DSIZEOF_VOID_P=8 -DSIZEOF_UNSIGNED_INT=4 -DSIZEOF_UNSIGNED_LONG=8 -DSIZEOF_UNSIGNED_LONG_LONG=8 -DSTDC_HEADERS=1 -DHAVE_SETENV=1 -DHAVE_PUTENV=1 -DHAVE_DIRENT_H=1 -DHAVE_LIMITS_H=1 -DHAVE_VA_COPY=1 -DHAVE___VA_COPY=1 -DFAULT_SIM=1 -DPOWER_EST=1 -DUSER_SUBCKT=1 -DSTATS=1 -DCL_STATS=1 -DRANDOM=1 -DTCLSUBCKT=1 -DTCL_IRSIM=1 -DLINUX=1 -DSYSV=1 -DISC=1 -DSHDLIB_EXT=\".so\" -DNDEBUG -DIRSIM_DATE="\"`date`\"" irsimexec.c -o irsimexec \
	-lX11  -lm -ltk8.5 -ltcl8.5
sed -e /TCL_DIR/s%TCL_DIR%/usr/local/lib/irsim/tcl%g \
    -e /SHDLIB_EXT/s%SHDLIB_EXT%.so%g \
    irsim.tcl.in > irsim.tcl
sed -e /TCL_DIR/s%TCL_DIR%/usr/local/lib/irsim/tcl%g \
    -e /TCLLIB_DIR/s%TCLLIB_DIR%/usr/lib%g \
    -e /WISH_EXE/s%WISH_EXE%/usr/bin/wish%g \
    irsim.sh.in > irsim.sh
make[2]: Leaving directory `/home/tim/gitsrc/irsim-9.7/tcltk'
make[1]: Leaving directory `/home/tim/gitsrc/irsim-9.7'
